Archive member included to satisfy reference by file (symbol)

/home/kamil/eclipse/plugins/fr.ac6.mcu.externaltools.arm-none.linux64_1.15.0.201708311556/tools/compiler/bin/../lib/gcc/arm-none-eabi/6.3.1/thumb/v7-m/libgcc.a(_arm_addsubsf3.o)
                              Src/pid.o (__aeabi_fsub)
/home/kamil/eclipse/plugins/fr.ac6.mcu.externaltools.arm-none.linux64_1.15.0.201708311556/tools/compiler/bin/../lib/gcc/arm-none-eabi/6.3.1/thumb/v7-m/libgcc.a(_arm_muldivsf3.o)
                              Src/pid.o (__aeabi_fmul)
/home/kamil/eclipse/plugins/fr.ac6.mcu.externaltools.arm-none.linux64_1.15.0.201708311556/tools/compiler/bin/../lib/gcc/arm-none-eabi/6.3.1/thumb/v7-m/libgcc.a(_arm_cmpsf2.o)
                              Src/pid.o (__aeabi_fcmplt)
/home/kamil/eclipse/plugins/fr.ac6.mcu.externaltools.arm-none.linux64_1.15.0.201708311556/tools/compiler/bin/../lib/gcc/arm-none-eabi/6.3.1/thumb/v7-m/libgcc.a(_arm_fixunssfsi.o)
                              Src/motor.o (__aeabi_f2uiz)
/home/kamil/eclipse/plugins/fr.ac6.mcu.externaltools.arm-none.linux64_1.15.0.201708311556/tools/compiler/bin/../lib/gcc/arm-none-eabi/6.3.1/../../../../arm-none-eabi/lib/thumb/v7-m/libc_nano.a(lib_a-exit.o)
                              /home/kamil/eclipse/plugins/fr.ac6.mcu.externaltools.arm-none.linux64_1.15.0.201708311556/tools/compiler/bin/../lib/gcc/arm-none-eabi/6.3.1/../../../../arm-none-eabi/lib/thumb/v7-m/crt0.o (exit)
/home/kamil/eclipse/plugins/fr.ac6.mcu.externaltools.arm-none.linux64_1.15.0.201708311556/tools/compiler/bin/../lib/gcc/arm-none-eabi/6.3.1/../../../../arm-none-eabi/lib/thumb/v7-m/libc_nano.a(lib_a-impure.o)
                              /home/kamil/eclipse/plugins/fr.ac6.mcu.externaltools.arm-none.linux64_1.15.0.201708311556/tools/compiler/bin/../lib/gcc/arm-none-eabi/6.3.1/../../../../arm-none-eabi/lib/thumb/v7-m/libc_nano.a(lib_a-exit.o) (_global_impure_ptr)
/home/kamil/eclipse/plugins/fr.ac6.mcu.externaltools.arm-none.linux64_1.15.0.201708311556/tools/compiler/bin/../lib/gcc/arm-none-eabi/6.3.1/../../../../arm-none-eabi/lib/thumb/v7-m/libc_nano.a(lib_a-init.o)
                              /home/kamil/eclipse/plugins/fr.ac6.mcu.externaltools.arm-none.linux64_1.15.0.201708311556/tools/compiler/bin/../lib/gcc/arm-none-eabi/6.3.1/../../../../arm-none-eabi/lib/thumb/v7-m/crt0.o (__libc_init_array)
/home/kamil/eclipse/plugins/fr.ac6.mcu.externaltools.arm-none.linux64_1.15.0.201708311556/tools/compiler/bin/../lib/gcc/arm-none-eabi/6.3.1/../../../../arm-none-eabi/lib/thumb/v7-m/libc_nano.a(lib_a-memset.o)
                              /home/kamil/eclipse/plugins/fr.ac6.mcu.externaltools.arm-none.linux64_1.15.0.201708311556/tools/compiler/bin/../lib/gcc/arm-none-eabi/6.3.1/../../../../arm-none-eabi/lib/thumb/v7-m/crt0.o (memset)
/home/kamil/eclipse/plugins/fr.ac6.mcu.externaltools.arm-none.linux64_1.15.0.201708311556/tools/compiler/bin/../lib/gcc/arm-none-eabi/6.3.1/../../../../arm-none-eabi/lib/thumb/v7-m/libnosys.a(_exit.o)
                              /home/kamil/eclipse/plugins/fr.ac6.mcu.externaltools.arm-none.linux64_1.15.0.201708311556/tools/compiler/bin/../lib/gcc/arm-none-eabi/6.3.1/../../../../arm-none-eabi/lib/thumb/v7-m/libc_nano.a(lib_a-exit.o) (_exit)

Allocating common symbols
Common symbol       size              file

hUsbDeviceFS        0x224             Src/usb_device.o
htim4               0x40              Src/tim.o
uwTick              0x4               Drivers/STM32F1xx_HAL_Driver/Src/stm32f1xx_hal.o
motor_pid_control   0x4               Src/motor.o
pFlash              0x20              Drivers/STM32F1xx_HAL_Driver/Src/stm32f1xx_hal_flash.o
UserRxBufferFS      0x8               Src/usbd_cdc_if.o
DataToSend          0x28              Src/main.o
hdma_usart1_tx      0x44              Src/usart.o
hadc1               0x30              Src/adc.o
hdma_usart1_rx      0x44              Src/usart.o
huart1              0x40              Src/usart.o
UserTxBufferFS      0x8               Src/usbd_cdc_if.o
rxBuffer            0x8               Src/communication.o
htim1               0x40              Src/tim.o
txBuffer            0x8               Src/communication.o
encoder_ticks       0x4               Src/motor.o
htim2               0x40              Src/tim.o
hpcd_USB_FS         0x460             Src/usbd_conf.o
USBD_StrDesc        0x200             Src/usbd_desc.o

Discarded input sections

 .text          0x0000000000000000        0x0 /home/kamil/eclipse/plugins/fr.ac6.mcu.externaltools.arm-none.linux64_1.15.0.201708311556/tools/compiler/bin/../lib/gcc/arm-none-eabi/6.3.1/thumb/v7-m/crti.o
 .data          0x0000000000000000        0x0 /home/kamil/eclipse/plugins/fr.ac6.mcu.externaltools.arm-none.linux64_1.15.0.201708311556/tools/compiler/bin/../lib/gcc/arm-none-eabi/6.3.1/thumb/v7-m/crti.o
 .bss           0x0000000000000000        0x0 /home/kamil/eclipse/plugins/fr.ac6.mcu.externaltools.arm-none.linux64_1.15.0.201708311556/tools/compiler/bin/../lib/gcc/arm-none-eabi/6.3.1/thumb/v7-m/crti.o
[...]
Memory Configuration

Name             Origin             Length             Attributes
RAM              0x0000000020000000 0x0000000000005000 xrw
FLASH            0x0000000008000000 0x0000000000010000 xr
*default*        0x0000000000000000 0xffffffffffffffff

Linker script and memory map

LOAD /home/kamil/eclipse/plugins/fr.ac6.mcu.externaltools.arm-none.linux64_1.15.0.201708311556/tools/compiler/bin/../lib/gcc/arm-none-eabi/6.3.1/thumb/v7-m/crti.o
LOAD /home/kamil/eclipse/plugins/fr.ac6.mcu.externaltools.arm-none.linux64_1.15.0.201708311556/tools/compiler/bin/../lib/gcc/arm-none-eabi/6.3.1/thumb/v7-m/crtbegin.o
LOAD /home/kamil/eclipse/plugins/fr.ac6.mcu.externaltools.arm-none.linux64_1.15.0.201708311556/tools/compiler/bin/../lib/gcc/arm-none-eabi/6.3.1/../../../../arm-none-eabi/lib/thumb/v7-m/crt0.o
LOAD Drivers/STM32F1xx_HAL_Driver/Src/stm32f1xx_hal.o
LOAD Drivers/STM32F1xx_HAL_Driver/Src/stm32f1xx_hal_adc.o
LOAD Drivers/STM32F1xx_HAL_Driver/Src/stm32f1xx_hal_adc_ex.o
LOAD Drivers/STM32F1xx_HAL_Driver/Src/stm32f1xx_hal_cortex.o
LOAD Drivers/STM32F1xx_HAL_Driver/Src/stm32f1xx_hal_dma.o
LOAD Drivers/STM32F1xx_HAL_Driver/Src/stm32f1xx_hal_flash.o
LOAD Drivers/STM32F1xx_HAL_Driver/Src/stm32f1xx_hal_flash_ex.o
LOAD Drivers/STM32F1xx_HAL_Driver/Src/stm32f1xx_hal_gpio.o
LOAD Drivers/STM32F1xx_HAL_Driver/Src/stm32f1xx_hal_gpio_ex.o
LOAD Drivers/STM32F1xx_HAL_Driver/Src/stm32f1xx_hal_pcd.o
LOAD Drivers/STM32F1xx_HAL_Driver/Src/stm32f1xx_hal_pcd_ex.o
LOAD Drivers/STM32F1xx_HAL_Driver/Src/stm32f1xx_hal_pwr.o
LOAD Drivers/STM32F1xx_HAL_Driver/Src/stm32f1xx_hal_rcc.o
LOAD Drivers/STM32F1xx_HAL_Driver/Src/stm32f1xx_hal_rcc_ex.o
LOAD Drivers/STM32F1xx_HAL_Driver/Src/stm32f1xx_hal_tim.o
LOAD Drivers/STM32F1xx_HAL_Driver/Src/stm32f1xx_hal_tim_ex.o
LOAD Drivers/STM32F1xx_HAL_Driver/Src/stm32f1xx_hal_uart.o
LOAD Drivers/STM32F1xx_HAL_Driver/Src/stm32f1xx_ll_usb.o
LOAD Middlewares/ST/STM32_USB_Device_Library/Class/CDC/Src/usbd_cdc.o
LOAD Middlewares/ST/STM32_USB_Device_Library/Core/Src/usbd_core.o
LOAD Middlewares/ST/STM32_USB_Device_Library/Core/Src/usbd_ctlreq.o
LOAD Middlewares/ST/STM32_USB_Device_Library/Core/Src/usbd_ioreq.o
LOAD Src/adc.o
LOAD Src/communication.o
LOAD Src/dma.o
LOAD Src/gpio.o
LOAD Src/main.o
LOAD Src/motor.o
LOAD Src/pid.o
LOAD Src/stm32f1xx_hal_msp.o
LOAD Src/stm32f1xx_it.o
LOAD Src/system_stm32f1xx.o
LOAD Src/tim.o
LOAD Src/usart.o
LOAD Src/usb_device.o
LOAD Src/usbd_cdc_if.o
LOAD Src/usbd_conf.o
LOAD Src/usbd_desc.o
LOAD startup/startup_stm32f103xb.o
LOAD /home/kamil/eclipse/plugins/fr.ac6.mcu.externaltools.arm-none.linux64_1.15.0.201708311556/tools/compiler/bin/../lib/gcc/arm-none-eabi/6.3.1/../../../../arm-none-eabi/lib/thumb/v7-m/libm.a
START GROUP
LOAD /home/kamil/eclipse/plugins/fr.ac6.mcu.externaltools.arm-none.linux64_1.15.0.201708311556/tools/compiler/bin/../lib/gcc/arm-none-eabi/6.3.1/thumb/v7-m/libgcc.a
LOAD /home/kamil/eclipse/plugins/fr.ac6.mcu.externaltools.arm-none.linux64_1.15.0.201708311556/tools/compiler/bin/../lib/gcc/arm-none-eabi/6.3.1/../../../../arm-none-eabi/lib/thumb/v7-m/libc_nano.a
END GROUP
START GROUP
LOAD /home/kamil/eclipse/plugins/fr.ac6.mcu.externaltools.arm-none.linux64_1.15.0.201708311556/tools/compiler/bin/../lib/gcc/arm-none-eabi/6.3.1/thumb/v7-m/libgcc.a
LOAD /home/kamil/eclipse/plugins/fr.ac6.mcu.externaltools.arm-none.linux64_1.15.0.201708311556/tools/compiler/bin/../lib/gcc/arm-none-eabi/6.3.1/../../../../arm-none-eabi/lib/thumb/v7-m/libc_nano.a
LOAD /home/kamil/eclipse/plugins/fr.ac6.mcu.externaltools.arm-none.linux64_1.15.0.201708311556/tools/compiler/bin/../lib/gcc/arm-none-eabi/6.3.1/../../../../arm-none-eabi/lib/thumb/v7-m/libnosys.a
END GROUP
START GROUP
LOAD /home/kamil/eclipse/plugins/fr.ac6.mcu.externaltools.arm-none.linux64_1.15.0.201708311556/tools/compiler/bin/../lib/gcc/arm-none-eabi/6.3.1/thumb/v7-m/libgcc.a
LOAD /home/kamil/eclipse/plugins/fr.ac6.mcu.externaltools.arm-none.linux64_1.15.0.201708311556/tools/compiler/bin/../lib/gcc/arm-none-eabi/6.3.1/../../../../arm-none-eabi/lib/thumb/v7-m/libc_nano.a
LOAD /home/kamil/eclipse/plugins/fr.ac6.mcu.externaltools.arm-none.linux64_1.15.0.201708311556/tools/compiler/bin/../lib/gcc/arm-none-eabi/6.3.1/../../../../arm-none-eabi/lib/thumb/v7-m/libnosys.a
END GROUP
LOAD /home/kamil/eclipse/plugins/fr.ac6.mcu.externaltools.arm-none.linux64_1.15.0.201708311556/tools/compiler/bin/../lib/gcc/arm-none-eabi/6.3.1/thumb/v7-m/crtend.o
LOAD /home/kamil/eclipse/plugins/fr.ac6.mcu.externaltools.arm-none.linux64_1.15.0.201708311556/tools/compiler/bin/../lib/gcc/arm-none-eabi/6.3.1/thumb/v7-m/crtn.o
                0x0000000020005000                _estack = 0x20005000
                0x0000000000000200                _Min_Heap_Size = 0x200
                0x0000000000000400                _Min_Stack_Size = 0x400

.isr_vector     0x0000000008000000      0x10c
                0x0000000008000000                . = ALIGN (0x4)
 *(.isr_vector)
 .isr_vector    0x0000000008000000      0x10c startup/startup_stm32f103xb.o
                0x0000000008000000                g_pfnVectors
                0x000000000800010c                . = ALIGN (0x4)

.text           0x000000000800010c     0x520c
                0x000000000800010c                . = ALIGN (0x4)
 *(.text)
 .text          0x000000000800010c       0x6c /home/kamil/eclipse/plugins/fr.ac6.mcu.externaltools.arm-none.linux64_1.15.0.201708311556/tools/compiler/bin/../lib/gcc/arm-none-eabi/6.3.1/thumb/v7-m/crtbegin.o
 .text          0x0000000008000178      0x21c /home/kamil/eclipse/plugins/fr.ac6.mcu.externaltools.arm-none.linux64_1.15.0.201708311556/tools/compiler/bin/../lib/gcc/arm-none-eabi/6.3.1/thumb/v7-m/libgcc.a(_arm_addsubsf3.o)
                0x0000000008000178                __aeabi_frsub
                0x0000000008000180                __subsf3
                0x0000000008000180                __aeabi_fsub
                0x0000000008000184                __aeabi_fadd
                0x0000000008000184                __addsf3
                0x00000000080002e4                __aeabi_ui2f
                0x00000000080002e4                __floatunsisf
                0x00000000080002ec                __aeabi_i2f
                0x00000000080002ec                __floatsisf
                0x0000000008000308                __floatundisf
                0x0000000008000308                __aeabi_ul2f
                0x0000000008000318                __floatdisf
                0x0000000008000318                __aeabi_l2f
 .text          0x0000000008000394      0x2a0 /home/kamil/eclipse/plugins/fr.ac6.mcu.externaltools.arm-none.linux64_1.15.0.201708311556/tools/compiler/bin/../lib/gcc/arm-none-eabi/6.3.1/thumb/v7-m/libgcc.a(_arm_muldivsf3.o)
                0x0000000008000394                __mulsf3
                0x0000000008000394                __aeabi_fmul
                0x00000000080004fc                __divsf3
                0x00000000080004fc                __aeabi_fdiv
 .text          0x0000000008000634       0xec /home/kamil/eclipse/plugins/fr.ac6.mcu.externaltools.arm-none.linux64_1.15.0.201708311556/tools/compiler/bin/../lib/gcc/arm-none-eabi/6.3.1/thumb/v7-m/libgcc.a(_arm_cmpsf2.o)
                0x0000000008000634                __gtsf2
                0x0000000008000634                __gesf2
                0x000000000800063c                __lesf2
                0x000000000800063c                __ltsf2
                0x0000000008000644                __nesf2
                0x0000000008000644                __eqsf2
                0x0000000008000644                __cmpsf2
                0x00000000080006a4                __aeabi_cfrcmple
                0x00000000080006ac                __aeabi_cfcmple
                0x00000000080006ac                __aeabi_cfcmpeq
                0x00000000080006bc                __aeabi_fcmpeq
                0x00000000080006d0                __aeabi_fcmplt
                0x00000000080006e4                __aeabi_fcmple
                0x00000000080006f8                __aeabi_fcmpge
                0x000000000800070c                __aeabi_fcmpgt
 .text          0x0000000008000720       0x40 /home/kamil/eclipse/plugins/fr.ac6.mcu.externaltools.arm-none.linux64_1.15.0.201708311556/tools/compiler/bin/../lib/gcc/arm-none-eabi/6.3.1/thumb/v7-m/libgcc.a(_arm_fixunssfsi.o)
                0x0000000008000720                __aeabi_f2uiz
                0x0000000008000720                __fixunssfsi
 *(.text*)
 .text.HAL_InitTick
                0x0000000008000760       0x2c Drivers/STM32F1xx_HAL_Driver/Src/stm32f1xx_hal.o
                0x0000000008000760                HAL_InitTick
 .text.HAL_Init
                0x000000000800078c       0x24 Drivers/STM32F1xx_HAL_Driver/Src/stm32f1xx_hal.o
                0x000000000800078c                HAL_Init
 .text.HAL_IncTick
                0x00000000080007b0       0x10 Drivers/STM32F1xx_HAL_Driver/Src/stm32f1xx_hal.o
                0x00000000080007b0                HAL_IncTick
 .text.HAL_GetTick
                0x00000000080007c0        0xc Drivers/STM32F1xx_HAL_Driver/Src/stm32f1xx_hal.o
                0x00000000080007c0                HAL_GetTick
 .text.HAL_Delay
                0x00000000080007cc       0x24 Drivers/STM32F1xx_HAL_Driver/Src/stm32f1xx_hal.o
                0x00000000080007cc                HAL_Delay
 .text.HAL_ADC_ConfigChannel
                0x00000000080007f0      0x138 Drivers/STM32F1xx_HAL_Driver/Src/stm32f1xx_hal_adc.o
                0x00000000080007f0                HAL_ADC_ConfigChannel
 .text.ADC_Enable
                0x0000000008000928       0x80 Drivers/STM32F1xx_HAL_Driver/Src/stm32f1xx_hal_adc.o
                0x0000000008000928                ADC_Enable
 .text.HAL_ADC_Start
                0x00000000080009a8       0xec Drivers/STM32F1xx_HAL_Driver/Src/stm32f1xx_hal_adc.o
                0x00000000080009a8                HAL_ADC_Start
 .text.ADC_ConversionStop_Disable
                0x0000000008000a94       0x4c Drivers/STM32F1xx_HAL_Driver/Src/stm32f1xx_hal_adc.o
                0x0000000008000a94                ADC_ConversionStop_Disable
 .text.HAL_ADC_Init
                0x0000000008000ae0      0x110 Drivers/STM32F1xx_HAL_Driver/Src/stm32f1xx_hal_adc.o
                0x0000000008000ae0                HAL_ADC_Init
 .text.HAL_NVIC_SetPriorityGrouping
                0x0000000008000bf0       0x24 Drivers/STM32F1xx_HAL_Driver/Src/stm32f1xx_hal_cortex.o
                0x0000000008000bf0                HAL_NVIC_SetPriorityGrouping
 .text.HAL_NVIC_SetPriority
                0x0000000008000c14       0x64 Drivers/STM32F1xx_HAL_Driver/Src/stm32f1xx_hal_cortex.o
                0x0000000008000c14                HAL_NVIC_SetPriority
 .text.HAL_NVIC_EnableIRQ
                0x0000000008000c78       0x18 Drivers/STM32F1xx_HAL_Driver/Src/stm32f1xx_hal_cortex.o
                0x0000000008000c78                HAL_NVIC_EnableIRQ
 .text.HAL_SYSTICK_Config
                0x0000000008000c90       0x2c Drivers/STM32F1xx_HAL_Driver/Src/stm32f1xx_hal_cortex.o
                0x0000000008000c90                HAL_SYSTICK_Config
 .text.HAL_SYSTICK_CLKSourceConfig
                0x0000000008000cbc       0x20 Drivers/STM32F1xx_HAL_Driver/Src/stm32f1xx_hal_cortex.o
                0x0000000008000cbc                HAL_SYSTICK_CLKSourceConfig
 .text.HAL_SYSTICK_Callback
                0x0000000008000cdc        0x2 Drivers/STM32F1xx_HAL_Driver/Src/stm32f1xx_hal_cortex.o
                0x0000000008000cdc                HAL_SYSTICK_Callback
 .text.HAL_SYSTICK_IRQHandler
                0x0000000008000cde        0x8 Drivers/STM32F1xx_HAL_Driver/Src/stm32f1xx_hal_cortex.o
                0x0000000008000cde                HAL_SYSTICK_IRQHandler
 .text.DMA_SetConfig
                0x0000000008000ce6       0x2c Drivers/STM32F1xx_HAL_Driver/Src/stm32f1xx_hal_dma.o
 *fill*         0x0000000008000d12        0x2 
 .text.HAL_DMA_Init
                0x0000000008000d14       0x78 Drivers/STM32F1xx_HAL_Driver/Src/stm32f1xx_hal_dma.o
                0x0000000008000d14                HAL_DMA_Init
 .text.HAL_DMA_Start_IT
                0x0000000008000d8c       0x74 Drivers/STM32F1xx_HAL_Driver/Src/stm32f1xx_hal_dma.o
                0x0000000008000d8c                HAL_DMA_Start_IT
 .text.HAL_DMA_Abort_IT
                0x0000000008000e00       0x98 Drivers/STM32F1xx_HAL_Driver/Src/stm32f1xx_hal_dma.o
                0x0000000008000e00                HAL_DMA_Abort_IT
 .text.HAL_DMA_IRQHandler
                0x0000000008000e98      0x144 Drivers/STM32F1xx_HAL_Driver/Src/stm32f1xx_hal_dma.o
                0x0000000008000e98                HAL_DMA_IRQHandler
 .text.HAL_GPIO_Init
                0x0000000008000fdc      0x1ec Drivers/STM32F1xx_HAL_Driver/Src/stm32f1xx_hal_gpio.o
                0x0000000008000fdc                HAL_GPIO_Init
 .text.HAL_GPIO_WritePin
                0x00000000080011c8        0xc Drivers/STM32F1xx_HAL_Driver/Src/stm32f1xx_hal_gpio.o
                0x00000000080011c8                HAL_GPIO_WritePin
 .text.HAL_GPIO_TogglePin
                0x00000000080011d4        0x8 Drivers/STM32F1xx_HAL_Driver/Src/stm32f1xx_hal_gpio.o
                0x00000000080011d4                HAL_GPIO_TogglePin
 .text.HAL_PCD_Init
                0x00000000080011dc       0xd6 Drivers/STM32F1xx_HAL_Driver/Src/stm32f1xx_hal_pcd.o
                0x00000000080011dc                HAL_PCD_Init
 .text.HAL_PCD_Start
                0x00000000080012b2       0x2e Drivers/STM32F1xx_HAL_Driver/Src/stm32f1xx_hal_pcd.o
                0x00000000080012b2                HAL_PCD_Start
 .text.HAL_PCD_SetAddress
                0x00000000080012e0       0x28 Drivers/STM32F1xx_HAL_Driver/Src/stm32f1xx_hal_pcd.o
                0x00000000080012e0                HAL_PCD_SetAddress
 .text.HAL_PCD_EP_Open
                0x0000000008001308       0x52 Drivers/STM32F1xx_HAL_Driver/Src/stm32f1xx_hal_pcd.o
                0x0000000008001308                HAL_PCD_EP_Open
 .text.HAL_PCD_EP_Close
                0x000000000800135a       0x4e Drivers/STM32F1xx_HAL_Driver/Src/stm32f1xx_hal_pcd.o
                0x000000000800135a                HAL_PCD_EP_Close
 .text.HAL_PCD_EP_Receive
                0x00000000080013a8       0x3e Drivers/STM32F1xx_HAL_Driver/Src/stm32f1xx_hal_pcd.o
                0x00000000080013a8                HAL_PCD_EP_Receive
 .text.HAL_PCD_EP_GetRxCount
                0x00000000080013e6        0xe Drivers/STM32F1xx_HAL_Driver/Src/stm32f1xx_hal_pcd.o
                0x00000000080013e6                HAL_PCD_EP_GetRxCount
 .text.HAL_PCD_EP_Transmit
                0x00000000080013f4       0x3c Drivers/STM32F1xx_HAL_Driver/Src/stm32f1xx_hal_pcd.o
                0x00000000080013f4                HAL_PCD_EP_Transmit
 .text.PCD_EP_ISR_Handler
                0x0000000008001430      0x46e Drivers/STM32F1xx_HAL_Driver/Src/stm32f1xx_hal_pcd.o
 .text.HAL_PCD_IRQHandler
                0x000000000800189e      0x164 Drivers/STM32F1xx_HAL_Driver/Src/stm32f1xx_hal_pcd.o
                0x000000000800189e                HAL_PCD_IRQHandler
 .text.HAL_PCD_EP_SetStall
                0x0000000008001a02       0x5c Drivers/STM32F1xx_HAL_Driver/Src/stm32f1xx_hal_pcd.o
                0x0000000008001a02                HAL_PCD_EP_SetStall
 .text.HAL_PCD_EP_ClrStall
                0x0000000008001a5e       0x4e Drivers/STM32F1xx_HAL_Driver/Src/stm32f1xx_hal_pcd.o
                0x0000000008001a5e                HAL_PCD_EP_ClrStall
 .text.HAL_PCDEx_PMAConfig
                0x0000000008001aac       0x30 Drivers/STM32F1xx_HAL_Driver/Src/stm32f1xx_hal_pcd_ex.o
                0x0000000008001aac                HAL_PCDEx_PMAConfig
 .text.RCC_Delay
                0x0000000008001adc       0x2c Drivers/STM32F1xx_HAL_Driver/Src/stm32f1xx_hal_rcc.o
 .text.HAL_RCC_OscConfig
                0x0000000008001b08      0x3e0 Drivers/STM32F1xx_HAL_Driver/Src/stm32f1xx_hal_rcc.o
                0x0000000008001b08                HAL_RCC_OscConfig
 .text.HAL_RCC_GetSysClockFreq
                0x0000000008001ee8       0x7c Drivers/STM32F1xx_HAL_Driver/Src/stm32f1xx_hal_rcc.o
                0x0000000008001ee8                HAL_RCC_GetSysClockFreq
 .text.HAL_RCC_ClockConfig
                0x0000000008001f64      0x178 Drivers/STM32F1xx_HAL_Driver/Src/stm32f1xx_hal_rcc.o
                0x0000000008001f64                HAL_RCC_ClockConfig
 .text.HAL_RCC_GetHCLKFreq
                0x00000000080020dc        0xc Drivers/STM32F1xx_HAL_Driver/Src/stm32f1xx_hal_rcc.o
                0x00000000080020dc                HAL_RCC_GetHCLKFreq
 .text.HAL_RCC_GetPCLK1Freq
                0x00000000080020e8       0x20 Drivers/STM32F1xx_HAL_Driver/Src/stm32f1xx_hal_rcc.o
                0x00000000080020e8                HAL_RCC_GetPCLK1Freq
 .text.HAL_RCC_GetPCLK2Freq
                0x0000000008002108       0x20 Drivers/STM32F1xx_HAL_Driver/Src/stm32f1xx_hal_rcc.o
                0x0000000008002108                HAL_RCC_GetPCLK2Freq
 .text.HAL_RCCEx_PeriphCLKConfig
                0x0000000008002128      0x114 Drivers/STM32F1xx_HAL_Driver/Src/stm32f1xx_hal_rcc_ex.o
                0x0000000008002128                HAL_RCCEx_PeriphCLKConfig
 .text.TIM_OC1_SetConfig
                0x000000000800223c       0x5c Drivers/STM32F1xx_HAL_Driver/Src/stm32f1xx_hal_tim.o
 .text.TIM_OC3_SetConfig
                0x0000000008002298       0x64 Drivers/STM32F1xx_HAL_Driver/Src/stm32f1xx_hal_tim.o
 .text.TIM_OC4_SetConfig
                0x00000000080022fc       0x48 Drivers/STM32F1xx_HAL_Driver/Src/stm32f1xx_hal_tim.o
 .text.TIM_TI1_ConfigInputStage
                0x0000000008002344       0x24 Drivers/STM32F1xx_HAL_Driver/Src/stm32f1xx_hal_tim.o
 .text.TIM_TI2_ConfigInputStage
                0x0000000008002368       0x26 Drivers/STM32F1xx_HAL_Driver/Src/stm32f1xx_hal_tim.o
 .text.TIM_ITRx_SetConfig
                0x000000000800238e       0x10 Drivers/STM32F1xx_HAL_Driver/Src/stm32f1xx_hal_tim.o
 .text.TIM_ETR_SetConfig
                0x000000000800239e       0x16 Drivers/STM32F1xx_HAL_Driver/Src/stm32f1xx_hal_tim.o
 .text.HAL_TIM_Base_Start_IT
                0x00000000080023b4       0x18 Drivers/STM32F1xx_HAL_Driver/Src/stm32f1xx_hal_tim.o
                0x00000000080023b4                HAL_TIM_Base_Start_IT
 .text.HAL_TIM_PWM_MspInit
                0x00000000080023cc        0x2 Drivers/STM32F1xx_HAL_Driver/Src/stm32f1xx_hal_tim.o
                0x00000000080023cc                HAL_TIM_PWM_MspInit
 .text.HAL_TIM_ConfigClockSource
                0x00000000080023ce      0x108 Drivers/STM32F1xx_HAL_Driver/Src/stm32f1xx_hal_tim.o
                0x00000000080023ce                HAL_TIM_ConfigClockSource
 .text.HAL_TIM_OC_DelayElapsedCallback
                0x00000000080024d6        0x2 Drivers/STM32F1xx_HAL_Driver/Src/stm32f1xx_hal_tim.o
                0x00000000080024d6                HAL_TIM_OC_DelayElapsedCallback
 .text.HAL_TIM_IC_CaptureCallback
                0x00000000080024d8        0x2 Drivers/STM32F1xx_HAL_Driver/Src/stm32f1xx_hal_tim.o
                0x00000000080024d8                HAL_TIM_IC_CaptureCallback
 .text.HAL_TIM_PWM_PulseFinishedCallback
                0x00000000080024da        0x2 Drivers/STM32F1xx_HAL_Driver/Src/stm32f1xx_hal_tim.o
                0x00000000080024da                HAL_TIM_PWM_PulseFinishedCallback
 .text.HAL_TIM_TriggerCallback
                0x00000000080024dc        0x2 Drivers/STM32F1xx_HAL_Driver/Src/stm32f1xx_hal_tim.o
                0x00000000080024dc                HAL_TIM_TriggerCallback
 .text.HAL_TIM_IRQHandler
                0x00000000080024de      0x17a Drivers/STM32F1xx_HAL_Driver/Src/stm32f1xx_hal_tim.o
                0x00000000080024de                HAL_TIM_IRQHandler
 .text.TIM_Base_SetConfig
                0x0000000008002658       0x78 Drivers/STM32F1xx_HAL_Driver/Src/stm32f1xx_hal_tim.o
                0x0000000008002658                TIM_Base_SetConfig
 .text.HAL_TIM_Base_Init
                0x00000000080026d0       0x32 Drivers/STM32F1xx_HAL_Driver/Src/stm32f1xx_hal_tim.o
                0x00000000080026d0                HAL_TIM_Base_Init
 .text.HAL_TIM_PWM_Init
                0x0000000008002702       0x32 Drivers/STM32F1xx_HAL_Driver/Src/stm32f1xx_hal_tim.o
                0x0000000008002702                HAL_TIM_PWM_Init
 .text.HAL_TIM_Encoder_Init
                0x0000000008002734       0x98 Drivers/STM32F1xx_HAL_Driver/Src/stm32f1xx_hal_tim.o
                0x0000000008002734                HAL_TIM_Encoder_Init
 .text.TIM_OC2_SetConfig
                0x00000000080027cc       0x64 Drivers/STM32F1xx_HAL_Driver/Src/stm32f1xx_hal_tim.o
                0x00000000080027cc                TIM_OC2_SetConfig
 .text.HAL_TIM_PWM_ConfigChannel
                0x0000000008002830       0xdc Drivers/STM32F1xx_HAL_Driver/Src/stm32f1xx_hal_tim.o
                0x0000000008002830                HAL_TIM_PWM_ConfigChannel
 .text.TIM_CCxChannelCmd
                0x000000000800290c       0x1c Drivers/STM32F1xx_HAL_Driver/Src/stm32f1xx_hal_tim.o
                0x000000000800290c                TIM_CCxChannelCmd
 .text.HAL_TIM_PWM_Start
                0x0000000008002928       0x30 Drivers/STM32F1xx_HAL_Driver/Src/stm32f1xx_hal_tim.o
                0x0000000008002928                HAL_TIM_PWM_Start
 .text.HAL_TIM_Encoder_Start
                0x0000000008002958       0x44 Drivers/STM32F1xx_HAL_Driver/Src/stm32f1xx_hal_tim.o
                0x0000000008002958                HAL_TIM_Encoder_Start
 .text.HAL_TIMEx_MasterConfigSynchronization
                0x000000000800299c       0x52 Drivers/STM32F1xx_HAL_Driver/Src/stm32f1xx_hal_tim_ex.o
                0x000000000800299c                HAL_TIMEx_MasterConfigSynchronization
 .text.HAL_TIMEx_CommutationCallback
                0x00000000080029ee        0x2 Drivers/STM32F1xx_HAL_Driver/Src/stm32f1xx_hal_tim_ex.o
                0x00000000080029ee                HAL_TIMEx_CommutationCallback
 .text.HAL_TIMEx_BreakCallback
                0x00000000080029f0        0x2 Drivers/STM32F1xx_HAL_Driver/Src/stm32f1xx_hal_tim_ex.o
                0x00000000080029f0                HAL_TIMEx_BreakCallback
 .text.UART_EndTxTransfer
                0x00000000080029f2       0x12 Drivers/STM32F1xx_HAL_Driver/Src/stm32f1xx_hal_uart.o
 .text.UART_EndRxTransfer
                0x0000000008002a04       0x1c Drivers/STM32F1xx_HAL_Driver/Src/stm32f1xx_hal_uart.o
 .text.UART_Transmit_IT
                0x0000000008002a20       0x6a Drivers/STM32F1xx_HAL_Driver/Src/stm32f1xx_hal_uart.o
 *fill*         0x0000000008002a8a        0x2 
 .text.UART_SetConfig
                0x0000000008002a8c      0x1b0 Drivers/STM32F1xx_HAL_Driver/Src/stm32f1xx_hal_uart.o
 .text.HAL_UART_Init
                0x0000000008002c3c       0x5e Drivers/STM32F1xx_HAL_Driver/Src/stm32f1xx_hal_uart.o
                0x0000000008002c3c                HAL_UART_Init
 *fill*         0x0000000008002c9a        0x2 
 .text.HAL_UART_Receive_DMA
                0x0000000008002c9c       0xa8 Drivers/STM32F1xx_HAL_Driver/Src/stm32f1xx_hal_uart.o
                0x0000000008002c9c                HAL_UART_Receive_DMA
 .text.HAL_UART_TxCpltCallback
                0x0000000008002d44        0x2 Drivers/STM32F1xx_HAL_Driver/Src/stm32f1xx_hal_uart.o
                0x0000000008002d44                HAL_UART_TxCpltCallback
 .text.UART_EndTransmit_IT
                0x0000000008002d46       0x1a Drivers/STM32F1xx_HAL_Driver/Src/stm32f1xx_hal_uart.o
 .text.UART_DMAReceiveCplt
                0x0000000008002d60       0x3e Drivers/STM32F1xx_HAL_Driver/Src/stm32f1xx_hal_uart.o
 .text.UART_Receive_IT
                0x0000000008002d9e       0x9e Drivers/STM32F1xx_HAL_Driver/Src/stm32f1xx_hal_uart.o
 .text.HAL_UART_RxHalfCpltCallback
                0x0000000008002e3c        0x2 Drivers/STM32F1xx_HAL_Driver/Src/stm32f1xx_hal_uart.o
                0x0000000008002e3c                HAL_UART_RxHalfCpltCallback
 .text.UART_DMARxHalfCplt
                0x0000000008002e3e        0xa Drivers/STM32F1xx_HAL_Driver/Src/stm32f1xx_hal_uart.o
 .text.HAL_UART_ErrorCallback
                0x0000000008002e48        0x2 Drivers/STM32F1xx_HAL_Driver/Src/stm32f1xx_hal_uart.o
                0x0000000008002e48                HAL_UART_ErrorCallback
 .text.UART_DMAError
                0x0000000008002e4a       0x58 Drivers/STM32F1xx_HAL_Driver/Src/stm32f1xx_hal_uart.o
 *fill*         0x0000000008002ea2        0x2 
 .text.HAL_UART_IRQHandler
                0x0000000008002ea4      0x120 Drivers/STM32F1xx_HAL_Driver/Src/stm32f1xx_hal_uart.o
                0x0000000008002ea4                HAL_UART_IRQHandler
 .text.UART_DMAAbortOnError
                0x0000000008002fc4       0x10 Drivers/STM32F1xx_HAL_Driver/Src/stm32f1xx_hal_uart.o
 .text.USB_CoreInit
                0x0000000008002fd4        0xe Drivers/STM32F1xx_HAL_Driver/Src/stm32f1xx_ll_usb.o
                0x0000000008002fd4                USB_CoreInit
 .text.USB_EnableGlobalInt
                0x0000000008002fe2       0x12 Drivers/STM32F1xx_HAL_Driver/Src/stm32f1xx_ll_usb.o
                0x0000000008002fe2                USB_EnableGlobalInt
 .text.USB_DisableGlobalInt
                0x0000000008002ff4       0x14 Drivers/STM32F1xx_HAL_Driver/Src/stm32f1xx_ll_usb.o
                0x0000000008002ff4                USB_DisableGlobalInt
 .text.USB_SetCurrentMode
                0x0000000008003008        0x4 Drivers/STM32F1xx_HAL_Driver/Src/stm32f1xx_ll_usb.o
                0x0000000008003008                USB_SetCurrentMode
 .text.USB_DevInit
                0x000000000800300c       0x2c Drivers/STM32F1xx_HAL_Driver/Src/stm32f1xx_ll_usb.o
                0x000000000800300c                USB_DevInit
 .text.USB_ActivateEndpoint
                0x0000000008003038      0x332 Drivers/STM32F1xx_HAL_Driver/Src/stm32f1xx_ll_usb.o
                0x0000000008003038                USB_ActivateEndpoint
 .text.USB_DeactivateEndpoint
                0x000000000800336a      0x1c4 Drivers/STM32F1xx_HAL_Driver/Src/stm32f1xx_ll_usb.o
                0x000000000800336a                USB_DeactivateEndpoint
 .text.USB_EPSetStall
                0x000000000800352e       0x6e Drivers/STM32F1xx_HAL_Driver/Src/stm32f1xx_ll_usb.o
                0x000000000800352e                USB_EPSetStall
 .text.USB_EPClearStall
                0x000000000800359c       0x92 Drivers/STM32F1xx_HAL_Driver/Src/stm32f1xx_ll_usb.o
                0x000000000800359c                USB_EPClearStall
 .text.USB_SetDevAddress
                0x000000000800362e        0xc Drivers/STM32F1xx_HAL_Driver/Src/stm32f1xx_ll_usb.o
                0x000000000800362e                USB_SetDevAddress
 .text.USB_DevConnect
                0x000000000800363a        0x4 Drivers/STM32F1xx_HAL_Driver/Src/stm32f1xx_ll_usb.o
                0x000000000800363a                USB_DevConnect
 .text.USB_DevDisconnect
                0x000000000800363e        0x4 Drivers/STM32F1xx_HAL_Driver/Src/stm32f1xx_ll_usb.o
                0x000000000800363e                USB_DevDisconnect
 .text.USB_ReadInterrupts
                0x0000000008003642        0x8 Drivers/STM32F1xx_HAL_Driver/Src/stm32f1xx_ll_usb.o
                0x0000000008003642                USB_ReadInterrupts
 .text.USB_EP0_OutStart
                0x000000000800364a        0x4 Drivers/STM32F1xx_HAL_Driver/Src/stm32f1xx_ll_usb.o
                0x000000000800364a                USB_EP0_OutStart
 .text.USB_WritePMA
                0x000000000800364e       0x2a Drivers/STM32F1xx_HAL_Driver/Src/stm32f1xx_ll_usb.o
                0x000000000800364e                USB_WritePMA
 .text.USB_EPStartXfer
                0x0000000008003678      0x2cc Drivers/STM32F1xx_HAL_Driver/Src/stm32f1xx_ll_usb.o
                0x0000000008003678                USB_EPStartXfer
 .text.USB_ReadPMA
                0x0000000008003944       0x1e Drivers/STM32F1xx_HAL_Driver/Src/stm32f1xx_ll_usb.o
                0x0000000008003944                USB_ReadPMA
 .text.USBD_CDC_DataIn
                0x0000000008003962       0x12 Middlewares/ST/STM32_USB_Device_Library/Class/CDC/Src/usbd_cdc.o
 .text.USBD_CDC_EP0_RxReady
                0x0000000008003974       0x28 Middlewares/ST/STM32_USB_Device_Library/Class/CDC/Src/usbd_cdc.o
 .text.USBD_CDC_GetFSCfgDesc
                0x000000000800399c        0xc Middlewares/ST/STM32_USB_Device_Library/Class/CDC/Src/usbd_cdc.o
 .text.USBD_CDC_GetHSCfgDesc
                0x00000000080039a8        0xc Middlewares/ST/STM32_USB_Device_Library/Class/CDC/Src/usbd_cdc.o
 .text.USBD_CDC_GetOtherSpeedCfgDesc
                0x00000000080039b4        0xc Middlewares/ST/STM32_USB_Device_Library/Class/CDC/Src/usbd_cdc.o
 .text.USBD_CDC_GetDeviceQualifierDescriptor
                0x00000000080039c0        0xc Middlewares/ST/STM32_USB_Device_Library/Class/CDC/Src/usbd_cdc.o
                0x00000000080039c0                USBD_CDC_GetDeviceQualifierDescriptor
 .text.USBD_CDC_DataOut
                0x00000000080039cc       0x2e Middlewares/ST/STM32_USB_Device_Library/Class/CDC/Src/usbd_cdc.o
 *fill*         0x00000000080039fa        0x2 
 .text.USBD_CDC_Setup
                0x00000000080039fc       0x74 Middlewares/ST/STM32_USB_Device_Library/Class/CDC/Src/usbd_cdc.o
 .text.USBD_CDC_DeInit
                0x0000000008003a70       0x3a Middlewares/ST/STM32_USB_Device_Library/Class/CDC/Src/usbd_cdc.o
 .text.USBD_CDC_Init
                0x0000000008003aaa       0x96 Middlewares/ST/STM32_USB_Device_Library/Class/CDC/Src/usbd_cdc.o
 .text.USBD_CDC_RegisterInterface
                0x0000000008003b40        0xe Middlewares/ST/STM32_USB_Device_Library/Class/CDC/Src/usbd_cdc.o
                0x0000000008003b40                USBD_CDC_RegisterInterface
 .text.USBD_CDC_SetTxBuffer
                0x0000000008003b4e       0x10 Middlewares/ST/STM32_USB_Device_Library/Class/CDC/Src/usbd_cdc.o
                0x0000000008003b4e                USBD_CDC_SetTxBuffer
 .text.USBD_CDC_SetRxBuffer
                0x0000000008003b5e        0xc Middlewares/ST/STM32_USB_Device_Library/Class/CDC/Src/usbd_cdc.o
                0x0000000008003b5e                USBD_CDC_SetRxBuffer
 .text.USBD_CDC_TransmitPacket
                0x0000000008003b6a       0x2e Middlewares/ST/STM32_USB_Device_Library/Class/CDC/Src/usbd_cdc.o
                0x0000000008003b6a                USBD_CDC_TransmitPacket
 .text.USBD_CDC_ReceivePacket
                0x0000000008003b98       0x32 Middlewares/ST/STM32_USB_Device_Library/Class/CDC/Src/usbd_cdc.o
                0x0000000008003b98                USBD_CDC_ReceivePacket
 .text.USBD_Init
                0x0000000008003bca       0x2e Middlewares/ST/STM32_USB_Device_Library/Core/Src/usbd_core.o
                0x0000000008003bca                USBD_Init
 .text.USBD_RegisterClass
                0x0000000008003bf8        0xe Middlewares/ST/STM32_USB_Device_Library/Core/Src/usbd_core.o
                0x0000000008003bf8                USBD_RegisterClass
 .text.USBD_Start
                0x0000000008003c06        0xa Middlewares/ST/STM32_USB_Device_Library/Core/Src/usbd_core.o
                0x0000000008003c06                USBD_Start
 .text.USBD_SetClassConfig
                0x0000000008003c10       0x1a Middlewares/ST/STM32_USB_Device_Library/Core/Src/usbd_core.o
                0x0000000008003c10                USBD_SetClassConfig
 .text.USBD_ClrClassConfig
                0x0000000008003c2a        0xe Middlewares/ST/STM32_USB_Device_Library/Core/Src/usbd_core.o
                0x0000000008003c2a                USBD_ClrClassConfig
 .text.USBD_LL_SetupStage
                0x0000000008003c38       0x5a Middlewares/ST/STM32_USB_Device_Library/Core/Src/usbd_core.o
                0x0000000008003c38                USBD_LL_SetupStage
 .text.USBD_LL_DataOutStage
                0x0000000008003c92       0x6a Middlewares/ST/STM32_USB_Device_Library/Core/Src/usbd_core.o
                0x0000000008003c92                USBD_LL_DataOutStage
 .text.USBD_LL_DataInStage
                0x0000000008003cfc       0xb2 Middlewares/ST/STM32_USB_Device_Library/Core/Src/usbd_core.o
                0x0000000008003cfc                USBD_LL_DataInStage
 .text.USBD_LL_Reset
                0x0000000008003dae       0x3e Middlewares/ST/STM32_USB_Device_Library/Core/Src/usbd_core.o
                0x0000000008003dae                USBD_LL_Reset
 .text.USBD_LL_SetSpeed
                0x0000000008003dec        0x6 Middlewares/ST/STM32_USB_Device_Library/Core/Src/usbd_core.o
                0x0000000008003dec                USBD_LL_SetSpeed
 .text.USBD_LL_Suspend
                0x0000000008003df2       0x12 Middlewares/ST/STM32_USB_Device_Library/Core/Src/usbd_core.o
                0x0000000008003df2                USBD_LL_Suspend
 .text.USBD_LL_Resume
                0x0000000008003e04        0xc Middlewares/ST/STM32_USB_Device_Library/Core/Src/usbd_core.o
                0x0000000008003e04                USBD_LL_Resume
 .text.USBD_LL_SOF
                0x0000000008003e10       0x1c Middlewares/ST/STM32_USB_Device_Library/Core/Src/usbd_core.o
                0x0000000008003e10                USBD_LL_SOF
 .text.USBD_GetLen
                0x0000000008003e2c       0x14 Middlewares/ST/STM32_USB_Device_Library/Core/Src/usbd_ctlreq.o
 .text.USBD_SetFeature
                0x0000000008003e40       0x20 Middlewares/ST/STM32_USB_Device_Library/Core/Src/usbd_ctlreq.o
 .text.USBD_ParseSetupRequest
                0x0000000008003e60       0x28 Middlewares/ST/STM32_USB_Device_Library/Core/Src/usbd_ctlreq.o
                0x0000000008003e60                USBD_ParseSetupRequest
 .text.USBD_CtlError
                0x0000000008003e88       0x14 Middlewares/ST/STM32_USB_Device_Library/Core/Src/usbd_ctlreq.o
                0x0000000008003e88                USBD_CtlError
 .text.USBD_GetDescriptor
                0x0000000008003e9c      0x132 Middlewares/ST/STM32_USB_Device_Library/Core/Src/usbd_ctlreq.o
 .text.USBD_SetAddress
                0x0000000008003fce       0x4a Middlewares/ST/STM32_USB_Device_Library/Core/Src/usbd_ctlreq.o
 .text.USBD_SetConfig
                0x0000000008004018       0xa4 Middlewares/ST/STM32_USB_Device_Library/Core/Src/usbd_ctlreq.o
 .text.USBD_GetConfig
                0x00000000080040bc       0x3a Middlewares/ST/STM32_USB_Device_Library/Core/Src/usbd_ctlreq.o
 .text.USBD_GetStatus
                0x00000000080040f6       0x2c Middlewares/ST/STM32_USB_Device_Library/Core/Src/usbd_ctlreq.o
 .text.USBD_ClrFeature
                0x0000000008004122       0x32 Middlewares/ST/STM32_USB_Device_Library/Core/Src/usbd_ctlreq.o
 .text.USBD_StdDevReq
                0x0000000008004154       0x48 Middlewares/ST/STM32_USB_Device_Library/Core/Src/usbd_ctlreq.o
                0x0000000008004154                USBD_StdDevReq
 .text.USBD_StdItfReq
                0x000000000800419c       0x38 Middlewares/ST/STM32_USB_Device_Library/Core/Src/usbd_ctlreq.o
                0x000000000800419c                USBD_StdItfReq
 .text.USBD_StdEPReq
                0x00000000080041d4      0x118 Middlewares/ST/STM32_USB_Device_Library/Core/Src/usbd_ctlreq.o
                0x00000000080041d4                USBD_StdEPReq
 .text.USBD_GetString
                0x00000000080042ec       0x3a Middlewares/ST/STM32_USB_Device_Library/Core/Src/usbd_ctlreq.o
                0x00000000080042ec                USBD_GetString
 .text.USBD_CtlSendData
                0x0000000008004326       0x1a Middlewares/ST/STM32_USB_Device_Library/Core/Src/usbd_ioreq.o
                0x0000000008004326                USBD_CtlSendData
 .text.USBD_CtlContinueSendData
                0x0000000008004340       0x10 Middlewares/ST/STM32_USB_Device_Library/Core/Src/usbd_ioreq.o
                0x0000000008004340                USBD_CtlContinueSendData
 .text.USBD_CtlPrepareRx
                0x0000000008004350       0x1e Middlewares/ST/STM32_USB_Device_Library/Core/Src/usbd_ioreq.o
                0x0000000008004350                USBD_CtlPrepareRx
 .text.USBD_CtlContinueRx
                0x000000000800436e       0x10 Middlewares/ST/STM32_USB_Device_Library/Core/Src/usbd_ioreq.o
                0x000000000800436e                USBD_CtlContinueRx
 .text.USBD_CtlSendStatus
                0x000000000800437e       0x16 Middlewares/ST/STM32_USB_Device_Library/Core/Src/usbd_ioreq.o
                0x000000000800437e                USBD_CtlSendStatus
 .text.USBD_CtlReceiveStatus
                0x0000000008004394       0x16 Middlewares/ST/STM32_USB_Device_Library/Core/Src/usbd_ioreq.o
                0x0000000008004394                USBD_CtlReceiveStatus
 *fill*         0x00000000080043aa        0x2 
 .text.MX_ADC1_Init
                0x00000000080043ac       0x60 Src/adc.o
                0x00000000080043ac                MX_ADC1_Init
 .text.HAL_ADC_MspInit
                0x000000000800440c       0x44 Src/adc.o
                0x000000000800440c                HAL_ADC_MspInit
 .text.HAL_UART_RxCpltCallback
                0x0000000008004450       0x20 Src/communication.o
                0x0000000008004450                HAL_UART_RxCpltCallback
 .text.handle_communication
                0x0000000008004470       0xcc Src/communication.o
                0x0000000008004470                handle_communication
 .text.MX_DMA_Init
                0x000000000800453c       0x44 Src/dma.o
                0x000000000800453c                MX_DMA_Init
 .text.MX_GPIO_Init
                0x0000000008004580       0xbc Src/gpio.o
                0x0000000008004580                MX_GPIO_Init
 .text._Error_Handler
                0x000000000800463c        0x2 Src/main.o
                0x000000000800463c                _Error_Handler
 *fill*         0x000000000800463e        0x2 
 .text.SystemClock_Config
                0x0000000008004640       0xa4 Src/main.o
                0x0000000008004640                SystemClock_Config
 .text.main     0x00000000080046e4       0x80 Src/main.o
                0x00000000080046e4                main
 .text.MOTOR_Init
                0x0000000008004764       0x58 Src/motor.o
                0x0000000008004764                MOTOR_Init
 .text.MOTOR_SetDirReverse
                0x00000000080047bc       0x14 Src/motor.o
                0x00000000080047bc                MOTOR_SetDirReverse
 .text.MOTOR_SetSpeed
                0x00000000080047d0       0x22 Src/motor.o
                0x00000000080047d0                MOTOR_SetSpeed
 *fill*         0x00000000080047f2        0x2 
 .text.MOTOR_GetEncoderValue
                0x00000000080047f4        0xc Src/motor.o
                0x00000000080047f4                MOTOR_GetEncoderValue
 .text.HAL_TIM_PeriodElapsedCallback
                0x0000000008004800       0x44 Src/motor.o
                0x0000000008004800                HAL_TIM_PeriodElapsedCallback
 .text.pid_init
                0x0000000008004844       0x18 Src/pid.o
                0x0000000008004844                pid_init
 .text.pid_calculate
                0x000000000800485c       0x7c Src/pid.o
                0x000000000800485c                pid_calculate
 .text.HAL_MspInit
                0x00000000080048d8       0x94 Src/stm32f1xx_hal_msp.o
                0x00000000080048d8                HAL_MspInit
 .text.NMI_Handler
                0x000000000800496c        0x2 Src/stm32f1xx_it.o
                0x000000000800496c                NMI_Handler
 .text.HardFault_Handler
                0x000000000800496e        0x2 Src/stm32f1xx_it.o
                0x000000000800496e                HardFault_Handler
 .text.MemManage_Handler
                0x0000000008004970        0x2 Src/stm32f1xx_it.o
                0x0000000008004970                MemManage_Handler
 .text.BusFault_Handler
                0x0000000008004972        0x2 Src/stm32f1xx_it.o
                0x0000000008004972                BusFault_Handler
 .text.UsageFault_Handler
                0x0000000008004974        0x2 Src/stm32f1xx_it.o
                0x0000000008004974                UsageFault_Handler
 .text.SVC_Handler
                0x0000000008004976        0x2 Src/stm32f1xx_it.o
                0x0000000008004976                SVC_Handler
 .text.DebugMon_Handler
                0x0000000008004978        0x2 Src/stm32f1xx_it.o
                0x0000000008004978                DebugMon_Handler
 .text.PendSV_Handler
                0x000000000800497a        0x2 Src/stm32f1xx_it.o
                0x000000000800497a                PendSV_Handler
 .text.SysTick_Handler
                0x000000000800497c        0xc Src/stm32f1xx_it.o
                0x000000000800497c                SysTick_Handler
 .text.DMA1_Channel4_IRQHandler
                0x0000000008004988       0x10 Src/stm32f1xx_it.o
                0x0000000008004988                DMA1_Channel4_IRQHandler
 .text.DMA1_Channel5_IRQHandler
                0x0000000008004998       0x10 Src/stm32f1xx_it.o
                0x0000000008004998                DMA1_Channel5_IRQHandler
 .text.USB_HP_CAN1_TX_IRQHandler
                0x00000000080049a8       0x10 Src/stm32f1xx_it.o
                0x00000000080049a8                USB_HP_CAN1_TX_IRQHandler
 .text.USB_LP_CAN1_RX0_IRQHandler
                0x00000000080049b8       0x10 Src/stm32f1xx_it.o
                0x00000000080049b8                USB_LP_CAN1_RX0_IRQHandler
 .text.TIM1_BRK_IRQHandler
                0x00000000080049c8       0x10 Src/stm32f1xx_it.o
                0x00000000080049c8                TIM1_BRK_IRQHandler
 .text.TIM1_UP_IRQHandler
                0x00000000080049d8       0x10 Src/stm32f1xx_it.o
                0x00000000080049d8                TIM1_UP_IRQHandler
 .text.TIM1_TRG_COM_IRQHandler
                0x00000000080049e8       0x10 Src/stm32f1xx_it.o
                0x00000000080049e8                TIM1_TRG_COM_IRQHandler
 .text.TIM1_CC_IRQHandler
                0x00000000080049f8       0x10 Src/stm32f1xx_it.o
                0x00000000080049f8                TIM1_CC_IRQHandler
 .text.TIM2_IRQHandler
                0x0000000008004a08       0x10 Src/stm32f1xx_it.o
                0x0000000008004a08                TIM2_IRQHandler
 .text.TIM4_IRQHandler
                0x0000000008004a18       0x10 Src/stm32f1xx_it.o
                0x0000000008004a18                TIM4_IRQHandler
 .text.USART1_IRQHandler
                0x0000000008004a28       0x10 Src/stm32f1xx_it.o
                0x0000000008004a28                USART1_IRQHandler
 .text.SystemInit
                0x0000000008004a38       0x4c Src/system_stm32f1xx.o
                0x0000000008004a38                SystemInit
 .text.MX_TIM1_Init
                0x0000000008004a84       0x78 Src/tim.o
                0x0000000008004a84                MX_TIM1_Init
 .text.MX_TIM4_Init
                0x0000000008004afc       0x70 Src/tim.o
                0x0000000008004afc                MX_TIM4_Init
 .text.HAL_TIM_Base_MspInit
                0x0000000008004b6c       0xa0 Src/tim.o
                0x0000000008004b6c                HAL_TIM_Base_MspInit
 .text.HAL_TIM_Encoder_MspInit
                0x0000000008004c0c       0x54 Src/tim.o
                0x0000000008004c0c                HAL_TIM_Encoder_MspInit
 .text.HAL_TIM_MspPostInit
                0x0000000008004c60       0x2c Src/tim.o
                0x0000000008004c60                HAL_TIM_MspPostInit
 .text.MX_TIM2_Init
                0x0000000008004c8c       0xac Src/tim.o
                0x0000000008004c8c                MX_TIM2_Init
 .text.MX_USART1_UART_Init
                0x0000000008004d38       0x3c Src/usart.o
                0x0000000008004d38                MX_USART1_UART_Init
 .text.HAL_UART_MspInit
                0x0000000008004d74       0xe8 Src/usart.o
                0x0000000008004d74                HAL_UART_MspInit
 .text.MX_USB_DEVICE_Init
                0x0000000008004e5c       0x38 Src/usb_device.o
                0x0000000008004e5c                MX_USB_DEVICE_Init
 .text.CDC_DeInit_FS
                0x0000000008004e94        0x4 Src/usbd_cdc_if.o
 .text.CDC_Control_FS
                0x0000000008004e98        0x4 Src/usbd_cdc_if.o
 .text.CDC_Receive_FS
                0x0000000008004e9c       0x28 Src/usbd_cdc_if.o
 .text.CDC_Init_FS
                0x0000000008004ec4       0x28 Src/usbd_cdc_if.o
 .text.CDC_Transmit_FS
                0x0000000008004eec       0x2c Src/usbd_cdc_if.o
                0x0000000008004eec                CDC_Transmit_FS
 .text.HAL_PCD_MspInit
                0x0000000008004f18       0x50 Src/usbd_conf.o
                0x0000000008004f18                HAL_PCD_MspInit
 .text.HAL_PCD_SetupStageCallback
                0x0000000008004f68       0x10 Src/usbd_conf.o
                0x0000000008004f68                HAL_PCD_SetupStageCallback
 .text.HAL_PCD_DataOutStageCallback
                0x0000000008004f78       0x14 Src/usbd_conf.o
                0x0000000008004f78                HAL_PCD_DataOutStageCallback
 .text.HAL_PCD_DataInStageCallback
                0x0000000008004f8c       0x12 Src/usbd_conf.o
                0x0000000008004f8c                HAL_PCD_DataInStageCallback
 .text.HAL_PCD_SOFCallback
                0x0000000008004f9e        0xc Src/usbd_conf.o
                0x0000000008004f9e                HAL_PCD_SOFCallback
 .text.HAL_PCD_ResetCallback
                0x0000000008004faa       0x18 Src/usbd_conf.o
                0x0000000008004faa                HAL_PCD_ResetCallback
 *fill*         0x0000000008004fc2        0x2 
 .text.HAL_PCD_SuspendCallback
                0x0000000008004fc4       0x20 Src/usbd_conf.o
                0x0000000008004fc4                HAL_PCD_SuspendCallback
 .text.HAL_PCD_ResumeCallback
                0x0000000008004fe4        0xc Src/usbd_conf.o
                0x0000000008004fe4                HAL_PCD_ResumeCallback
 .text.USBD_LL_Init
                0x0000000008004ff0       0x94 Src/usbd_conf.o
                0x0000000008004ff0                USBD_LL_Init
 .text.USBD_LL_Start
                0x0000000008005084       0x1c Src/usbd_conf.o
                0x0000000008005084                USBD_LL_Start
 .text.USBD_LL_OpenEP
                0x00000000080050a0       0x22 Src/usbd_conf.o
                0x00000000080050a0                USBD_LL_OpenEP
 .text.USBD_LL_CloseEP
                0x00000000080050c2       0x1c Src/usbd_conf.o
                0x00000000080050c2                USBD_LL_CloseEP
 .text.USBD_LL_StallEP
                0x00000000080050de       0x1c Src/usbd_conf.o
                0x00000000080050de                USBD_LL_StallEP
 .text.USBD_LL_ClearStallEP
                0x00000000080050fa       0x1c Src/usbd_conf.o
                0x00000000080050fa                USBD_LL_ClearStallEP
 .text.USBD_LL_IsStallEP
                0x0000000008005116       0x26 Src/usbd_conf.o
                0x0000000008005116                USBD_LL_IsStallEP
 .text.USBD_LL_SetUSBAddress
                0x000000000800513c       0x1c Src/usbd_conf.o
                0x000000000800513c                USBD_LL_SetUSBAddress
 .text.USBD_LL_Transmit
                0x0000000008005158       0x1c Src/usbd_conf.o
                0x0000000008005158                USBD_LL_Transmit
 .text.USBD_LL_PrepareReceive
                0x0000000008005174       0x1c Src/usbd_conf.o
                0x0000000008005174                USBD_LL_PrepareReceive
 .text.USBD_LL_GetRxDataSize
                0x0000000008005190        0xc Src/usbd_conf.o
                0x0000000008005190                USBD_LL_GetRxDataSize
 .text.USBD_static_malloc
                0x000000000800519c        0x8 Src/usbd_conf.o
                0x000000000800519c                USBD_static_malloc
 .text.USBD_static_free
                0x00000000080051a4        0x2 Src/usbd_conf.o
                0x00000000080051a4                USBD_static_free
 .text.HAL_PCDEx_SetConnectionState
                0x00000000080051a6        0x2 Src/usbd_conf.o
                0x00000000080051a6                HAL_PCDEx_SetConnectionState
 .text.USBD_FS_DeviceDescriptor
                0x00000000080051a8        0xc Src/usbd_desc.o
                0x00000000080051a8                USBD_FS_DeviceDescriptor
 .text.USBD_FS_LangIDStrDescriptor
                0x00000000080051b4        0xc Src/usbd_desc.o
                0x00000000080051b4                USBD_FS_LangIDStrDescriptor
 .text.USBD_FS_ProductStrDescriptor
                0x00000000080051c0       0x24 Src/usbd_desc.o
                0x00000000080051c0                USBD_FS_ProductStrDescriptor
 .text.USBD_FS_ManufacturerStrDescriptor
                0x00000000080051e4       0x1c Src/usbd_desc.o
                0x00000000080051e4                USBD_FS_ManufacturerStrDescriptor
 .text.USBD_FS_SerialStrDescriptor
                0x0000000008005200       0x24 Src/usbd_desc.o
                0x0000000008005200                USBD_FS_SerialStrDescriptor
 .text.USBD_FS_ConfigStrDescriptor
                0x0000000008005224       0x24 Src/usbd_desc.o
                0x0000000008005224                USBD_FS_ConfigStrDescriptor
 .text.USBD_FS_InterfaceStrDescriptor
                0x0000000008005248       0x24 Src/usbd_desc.o
                0x0000000008005248                USBD_FS_InterfaceStrDescriptor
 .text.Reset_Handler
                0x000000000800526c       0x48 startup/startup_stm32f103xb.o
                0x000000000800526c                Reset_Handler
 .text.Default_Handler
                0x00000000080052b4        0x2 startup/startup_stm32f103xb.o
                0x00000000080052b4                RTC_Alarm_IRQHandler
                0x00000000080052b4                EXTI2_IRQHandler
                0x00000000080052b4                PVD_IRQHandler
                0x00000000080052b4                EXTI3_IRQHandler
                0x00000000080052b4                EXTI0_IRQHandler
                0x00000000080052b4                I2C2_EV_IRQHandler
                0x00000000080052b4                ADC1_2_IRQHandler
                0x00000000080052b4                SPI1_IRQHandler
                0x00000000080052b4                TAMPER_IRQHandler
                0x00000000080052b4                USART3_IRQHandler
                0x00000000080052b4                RTC_IRQHandler
                0x00000000080052b4                DMA1_Channel7_IRQHandler
                0x00000000080052b4                CAN1_RX1_IRQHandler
                0x00000000080052b4                I2C1_EV_IRQHandler
                0x00000000080052b4                DMA1_Channel6_IRQHandler
                0x00000000080052b4                TIM3_IRQHandler
                0x00000000080052b4                RCC_IRQHandler
                0x00000000080052b4                DMA1_Channel1_IRQHandler
                0x00000000080052b4                Default_Handler
                0x00000000080052b4                EXTI15_10_IRQHandler
                0x00000000080052b4                EXTI9_5_IRQHandler
                0x00000000080052b4                SPI2_IRQHandler
                0x00000000080052b4                EXTI4_IRQHandler
                0x00000000080052b4                DMA1_Channel3_IRQHandler
                0x00000000080052b4                WWDG_IRQHandler
                0x00000000080052b4                EXTI1_IRQHandler
                0x00000000080052b4                USART2_IRQHandler
                0x00000000080052b4                I2C2_ER_IRQHandler
                0x00000000080052b4                DMA1_Channel2_IRQHandler
                0x00000000080052b4                CAN1_SCE_IRQHandler
                0x00000000080052b4                FLASH_IRQHandler
                0x00000000080052b4                I2C1_ER_IRQHandler
                0x00000000080052b4                USBWakeUp_IRQHandler
 *fill*         0x00000000080052b6        0x2 
 .text.__libc_init_array
                0x00000000080052b8       0x48 /home/kamil/eclipse/plugins/fr.ac6.mcu.externaltools.arm-none.linux64_1.15.0.201708311556/tools/compiler/bin/../lib/gcc/arm-none-eabi/6.3.1/../../../../arm-none-eabi/lib/thumb/v7-m/libc_nano.a(lib_a-init.o)
                0x00000000080052b8                __libc_init_array
 *(.glue_7)
 .glue_7        0x0000000008005300        0x0 linker stubs
 *(.glue_7t)
 .glue_7t       0x0000000008005300        0x0 linker stubs
 *(.eh_frame)
 .eh_frame      0x0000000008005300        0x0 /home/kamil/eclipse/plugins/fr.ac6.mcu.externaltools.arm-none.linux64_1.15.0.201708311556/tools/compiler/bin/../lib/gcc/arm-none-eabi/6.3.1/thumb/v7-m/crtbegin.o
 *(.init)
 .init          0x0000000008005300        0x4 /home/kamil/eclipse/plugins/fr.ac6.mcu.externaltools.arm-none.linux64_1.15.0.201708311556/tools/compiler/bin/../lib/gcc/arm-none-eabi/6.3.1/thumb/v7-m/crti.o
                0x0000000008005300                _init
 .init          0x0000000008005304        0x8 /home/kamil/eclipse/plugins/fr.ac6.mcu.externaltools.arm-none.linux64_1.15.0.201708311556/tools/compiler/bin/../lib/gcc/arm-none-eabi/6.3.1/thumb/v7-m/crtn.o
 *(.fini)
 .fini          0x000000000800530c        0x4 /home/kamil/eclipse/plugins/fr.ac6.mcu.externaltools.arm-none.linux64_1.15.0.201708311556/tools/compiler/bin/../lib/gcc/arm-none-eabi/6.3.1/thumb/v7-m/crti.o
                0x000000000800530c                _fini
 .fini          0x0000000008005310        0x8 /home/kamil/eclipse/plugins/fr.ac6.mcu.externaltools.arm-none.linux64_1.15.0.201708311556/tools/compiler/bin/../lib/gcc/arm-none-eabi/6.3.1/thumb/v7-m/crtn.o
                0x0000000008005318                . = ALIGN (0x4)
                0x0000000008005318                _etext = .

.vfp11_veneer   0x0000000008005318        0x0
 .vfp11_veneer  0x0000000008005318        0x0 linker stubs

.v4_bx          0x0000000008005318        0x0
 .v4_bx         0x0000000008005318        0x0 linker stubs

.iplt           0x0000000008005318        0x0
 .iplt          0x0000000008005318        0x0 /home/kamil/eclipse/plugins/fr.ac6.mcu.externaltools.arm-none.linux64_1.15.0.201708311556/tools/compiler/bin/../lib/gcc/arm-none-eabi/6.3.1/thumb/v7-m/crtbegin.o

.rodata         0x0000000008005318       0xd8
                0x0000000008005318                . = ALIGN (0x4)
 *(.rodata)
 .rodata        0x0000000008005318       0x12 Drivers/STM32F1xx_HAL_Driver/Src/stm32f1xx_hal_rcc.o
 *fill*         0x000000000800532a        0x2 
 .rodata        0x000000000800532c       0x18 Src/system_stm32f1xx.o
                0x000000000800532c                AHBPrescTable
                0x000000000800533c                APBPrescTable
 *(.rodata*)
 .rodata.str1.4
                0x0000000008005344        0xd Src/adc.o
 *fill*         0x0000000008005351        0x3 
 .rodata.str1.4
                0x0000000008005354        0xe Src/main.o
 *fill*         0x0000000008005362        0x2 
 .rodata.str1.4
                0x0000000008005364        0xd Src/tim.o
 *fill*         0x0000000008005371        0x3 
 .rodata.str1.4
                0x0000000008005374        0xf Src/usart.o
 *fill*         0x0000000008005383        0x1 
 .rodata.str1.4
                0x0000000008005384       0x13 Src/usbd_conf.o
 *fill*         0x0000000008005397        0x1 
 .rodata.str1.4
                0x0000000008005398       0x58 Src/usbd_desc.o
                                         0x56 (size before relaxing)
                0x00000000080053f0                . = ALIGN (0x4)

.rel.dyn        0x00000000080053f0        0x0
 .rel.iplt      0x00000000080053f0        0x0 /home/kamil/eclipse/plugins/fr.ac6.mcu.externaltools.arm-none.linux64_1.15.0.201708311556/tools/compiler/bin/../lib/gcc/arm-none-eabi/6.3.1/thumb/v7-m/crtbegin.o

.ARM.extab
 *(.ARM.extab* .gnu.linkonce.armextab.*)

.ARM            0x00000000080053f0        0x0
                0x00000000080053f0                __exidx_start = .
 *(.ARM.exidx*)
                0x00000000080053f0                __exidx_end = .

.preinit_array  0x00000000080053f0        0x0
                0x00000000080053f0                PROVIDE (__preinit_array_start, .)
 *(.preinit_array*)
                0x00000000080053f0                PROVIDE (__preinit_array_end, .)

.init_array     0x00000000080053f0        0x4
                0x00000000080053f0                PROVIDE (__init_array_start, .)
 *(SORT(.init_array.*))
 *(.init_array*)
 .init_array    0x00000000080053f0        0x4 /home/kamil/eclipse/plugins/fr.ac6.mcu.externaltools.arm-none.linux64_1.15.0.201708311556/tools/compiler/bin/../lib/gcc/arm-none-eabi/6.3.1/thumb/v7-m/crtbegin.o
                0x00000000080053f4                PROVIDE (__init_array_end, .)

.fini_array     0x00000000080053f4        0x4
                [!provide]                        PROVIDE (__fini_array_start, .)
 *(SORT(.fini_array.*))
 *(.fini_array*)
 .fini_array    0x00000000080053f4        0x4 /home/kamil/eclipse/plugins/fr.ac6.mcu.externaltools.arm-none.linux64_1.15.0.201708311556/tools/compiler/bin/../lib/gcc/arm-none-eabi/6.3.1/thumb/v7-m/crtbegin.o
                [!provide]                        PROVIDE (__fini_array_end, .)
                0x00000000080053f8                _sidata = LOADADDR (.data)

.data           0x0000000020000000      0x15c load address 0x00000000080053f8
                0x0000000020000000                . = ALIGN (0x4)
                0x0000000020000000                _sdata = .
 *(.data)
 .data          0x0000000020000000      0x110 Middlewares/ST/STM32_USB_Device_Library/Class/CDC/Src/usbd_cdc.o
                0x0000000020000000                USBD_CDC_CfgFSDesc
                0x0000000020000044                USBD_CDC_CfgHSDesc
                0x0000000020000088                USBD_CDC_OtherSpeedCfgDesc
                0x00000000200000d8                USBD_CDC
 .data          0x0000000020000110        0x2 Src/communication.o
                0x0000000020000110                myAddress
                0x0000000020000111                myGroupAddress
 *fill*         0x0000000020000112        0x2 
 .data          0x0000000020000114        0x4 Src/system_stm32f1xx.o
                0x0000000020000114                SystemCoreClock
 .data          0x0000000020000118       0x10 Src/usbd_cdc_if.o
                0x0000000020000118                USBD_Interface_fops_FS
 .data          0x0000000020000128       0x34 Src/usbd_desc.o
                0x0000000020000128                USBD_FS_DeviceDesc
                0x000000002000013c                USBD_LangIDDesc
                0x0000000020000140                FS_Desc
 *(.data*)
                0x000000002000015c                . = ALIGN (0x4)
                0x000000002000015c                _edata = .

.jcr            0x000000002000015c        0x0 load address 0x0000000008005554
 .jcr           0x000000002000015c        0x0 /home/kamil/eclipse/plugins/fr.ac6.mcu.externaltools.arm-none.linux64_1.15.0.201708311556/tools/compiler/bin/../lib/gcc/arm-none-eabi/6.3.1/thumb/v7-m/crtbegin.o

.igot.plt       0x000000002000015c        0x0 load address 0x0000000008005554
 .igot.plt      0x000000002000015c        0x0 /home/kamil/eclipse/plugins/fr.ac6.mcu.externaltools.arm-none.linux64_1.15.0.201708311556/tools/compiler/bin/../lib/gcc/arm-none-eabi/6.3.1/thumb/v7-m/crtbegin.o
                0x000000002000015c                . = ALIGN (0x4)

.bss            0x000000002000015c      0xccc load address 0x0000000008005554
                0x000000002000015c                _sbss = .
                0x000000002000015c                __bss_start__ = _sbss
 *(.bss)
 .bss           0x000000002000015c       0x1c /home/kamil/eclipse/plugins/fr.ac6.mcu.externaltools.arm-none.linux64_1.15.0.201708311556/tools/compiler/bin/../lib/gcc/arm-none-eabi/6.3.1/thumb/v7-m/crtbegin.o
 .bss           0x0000000020000178        0x1 Middlewares/ST/STM32_USB_Device_Library/Class/CDC/Src/usbd_cdc.o
 .bss           0x0000000020000179        0x1 Middlewares/ST/STM32_USB_Device_Library/Core/Src/usbd_ctlreq.o
 .bss           0x000000002000017a        0x5 Src/communication.o
                0x000000002000017a                frameReady
                0x000000002000017b                answerFlag
                0x000000002000017c                rxSize
                0x000000002000017d                txSize
                0x000000002000017e                rxByte
 *fill*         0x000000002000017f        0x1 
 .bss           0x0000000020000180        0x7 Src/main.o
                0x0000000020000180                direction
                0x0000000020000182                speed
                0x0000000020000184                pulse_count
                0x0000000020000186                MessageLength
 *fill*         0x0000000020000187        0x1 
 .bss           0x0000000020000188       0x18 Src/pid.o
 .bss           0x00000000200001a0      0x220 Src/usbd_conf.o
 *(.bss*)
 *(COMMON)
 COMMON         0x00000000200003c0        0x4 Drivers/STM32F1xx_HAL_Driver/Src/stm32f1xx_hal.o
                0x00000000200003c0                uwTick
 COMMON         0x00000000200003c4       0x30 Src/adc.o
                0x00000000200003c4                hadc1
 COMMON         0x00000000200003f4       0x10 Src/communication.o
                0x00000000200003f4                rxBuffer
                0x00000000200003fc                txBuffer
 COMMON         0x0000000020000404        0x8 Src/motor.o
                0x0000000020000404                motor_pid_control
                0x0000000020000408                encoder_ticks
 COMMON         0x000000002000040c       0xc0 Src/tim.o
                0x000000002000040c                htim4
                0x000000002000044c                htim1
                0x000000002000048c                htim2
 COMMON         0x00000000200004cc       0xc8 Src/usart.o
                0x00000000200004cc                hdma_usart1_tx
                0x0000000020000510                hdma_usart1_rx
                0x0000000020000554                huart1
 COMMON         0x0000000020000594      0x224 Src/usb_device.o
                0x0000000020000594                hUsbDeviceFS
 COMMON         0x00000000200007b8       0x10 Src/usbd_cdc_if.o
                0x00000000200007b8                UserRxBufferFS
                0x00000000200007c0                UserTxBufferFS
 COMMON         0x00000000200007c8      0x460 Src/usbd_conf.o
                0x00000000200007c8                hpcd_USB_FS
 COMMON         0x0000000020000c28      0x200 Src/usbd_desc.o
                0x0000000020000c28                USBD_StrDesc
                0x0000000020000e28                . = ALIGN (0x4)
                0x0000000020000e28                _ebss = .
                0x0000000020000e28                __bss_end__ = _ebss

._user_heap_stack
                0x0000000020000e28      0x600 load address 0x0000000008005554
                0x0000000020000e28                . = ALIGN (0x8)
                [!provide]                        PROVIDE (end, .)
                [!provide]                        PROVIDE (_end, .)
                0x0000000020001028                . = (. + _Min_Heap_Size)
 *fill*         0x0000000020000e28      0x200 
                0x0000000020001428                . = (. + _Min_Stack_Size)
 *fill*         0x0000000020001028      0x400 
                0x0000000020001428                . = ALIGN (0x8)

/DISCARD/
 libc.a(*)
 libm.a(*)
 libgcc.a(*)

.ARM.attributes
                0x0000000000000000       0x29
 *(.ARM.attributes)
 .ARM.attributes
                0x0000000000000000       0x1d /home/kamil/eclipse/plugins/fr.ac6.mcu.externaltools.arm-none.linux64_1.15.0.201708311556/tools/compiler/bin/../lib/gcc/arm-none-eabi/6.3.1/thumb/v7-m/crti.o
 .ARM.attributes
                0x000000000000001d       0x2d /home/kamil/eclipse/plugins/fr.ac6.mcu.externaltools.arm-none.linux64_1.15.0.201708311556/tools/compiler/bin/../lib/gcc/arm-none-eabi/6.3.1/thumb/v7-m/crtbegin.o
 .ARM.attributes
                0x000000000000004a       0x33 Drivers/STM32F1xx_HAL_Driver/Src/stm32f1xx_hal.o
 .ARM.attributes
                0x000000000000007d       0x33 Drivers/STM32F1xx_HAL_Driver/Src/stm32f1xx_hal_adc.o
 .ARM.attributes
                0x00000000000000b0       0x33 Drivers/STM32F1xx_HAL_Driver/Src/stm32f1xx_hal_cortex.o
 .ARM.attributes
                0x00000000000000e3       0x33 Drivers/STM32F1xx_HAL_Driver/Src/stm32f1xx_hal_dma.o
 .ARM.attributes
                0x0000000000000116       0x33 Drivers/STM32F1xx_HAL_Driver/Src/stm32f1xx_hal_gpio.o
 .ARM.attributes
                0x0000000000000149       0x33 Drivers/STM32F1xx_HAL_Driver/Src/stm32f1xx_hal_pcd.o
 .ARM.attributes
                0x000000000000017c       0x33 Drivers/STM32F1xx_HAL_Driver/Src/stm32f1xx_hal_pcd_ex.o
 .ARM.attributes
                0x00000000000001af       0x33 Drivers/STM32F1xx_HAL_Driver/Src/stm32f1xx_hal_rcc.o
 .ARM.attributes
                0x00000000000001e2       0x33 Drivers/STM32F1xx_HAL_Driver/Src/stm32f1xx_hal_rcc_ex.o
 .ARM.attributes
                0x0000000000000215       0x33 Drivers/STM32F1xx_HAL_Driver/Src/stm32f1xx_hal_tim.o
 .ARM.attributes
                0x0000000000000248       0x33 Drivers/STM32F1xx_HAL_Driver/Src/stm32f1xx_hal_tim_ex.o
 .ARM.attributes
                0x000000000000027b       0x33 Drivers/STM32F1xx_HAL_Driver/Src/stm32f1xx_hal_uart.o
 .ARM.attributes
                0x00000000000002ae       0x33 Drivers/STM32F1xx_HAL_Driver/Src/stm32f1xx_ll_usb.o
 .ARM.attributes
                0x00000000000002e1       0x33 Middlewares/ST/STM32_USB_Device_Library/Class/CDC/Src/usbd_cdc.o
 .ARM.attributes
                0x0000000000000314       0x33 Middlewares/ST/STM32_USB_Device_Library/Core/Src/usbd_core.o
 .ARM.attributes
                0x0000000000000347       0x33 Middlewares/ST/STM32_USB_Device_Library/Core/Src/usbd_ctlreq.o
 .ARM.attributes
                0x000000000000037a       0x33 Middlewares/ST/STM32_USB_Device_Library/Core/Src/usbd_ioreq.o
 .ARM.attributes
                0x00000000000003ad       0x33 Src/adc.o
 .ARM.attributes
                0x00000000000003e0       0x33 Src/communication.o
 .ARM.attributes
                0x0000000000000413       0x33 Src/dma.o
 .ARM.attributes
                0x0000000000000446       0x33 Src/gpio.o
 .ARM.attributes
                0x0000000000000479       0x33 Src/main.o
 .ARM.attributes
                0x00000000000004ac       0x33 Src/motor.o
 .ARM.attributes
                0x00000000000004df       0x33 Src/pid.o
 .ARM.attributes
                0x0000000000000512       0x33 Src/stm32f1xx_hal_msp.o
 .ARM.attributes
                0x0000000000000545       0x33 Src/stm32f1xx_it.o
 .ARM.attributes
                0x0000000000000578       0x33 Src/system_stm32f1xx.o
 .ARM.attributes
                0x00000000000005ab       0x33 Src/tim.o
 .ARM.attributes
                0x00000000000005de       0x33 Src/usart.o
 .ARM.attributes
                0x0000000000000611       0x33 Src/usb_device.o
 .ARM.attributes
                0x0000000000000644       0x33 Src/usbd_cdc_if.o
 .ARM.attributes
                0x0000000000000677       0x33 Src/usbd_conf.o
 .ARM.attributes
                0x00000000000006aa       0x33 Src/usbd_desc.o
 .ARM.attributes
                0x00000000000006dd       0x21 startup/startup_stm32f103xb.o
 .ARM.attributes
                0x00000000000006fe       0x1d /home/kamil/eclipse/plugins/fr.ac6.mcu.externaltools.arm-none.linux64_1.15.0.201708311556/tools/compiler/bin/../lib/gcc/arm-none-eabi/6.3.1/thumb/v7-m/libgcc.a(_arm_addsubsf3.o)
 .ARM.attributes
                0x000000000000071b       0x1d /home/kamil/eclipse/plugins/fr.ac6.mcu.externaltools.arm-none.linux64_1.15.0.201708311556/tools/compiler/bin/../lib/gcc/arm-none-eabi/6.3.1/thumb/v7-m/libgcc.a(_arm_muldivsf3.o)
 .ARM.attributes
                0x0000000000000738       0x1d /home/kamil/eclipse/plugins/fr.ac6.mcu.externaltools.arm-none.linux64_1.15.0.201708311556/tools/compiler/bin/../lib/gcc/arm-none-eabi/6.3.1/thumb/v7-m/libgcc.a(_arm_cmpsf2.o)
 .ARM.attributes
                0x0000000000000755       0x1d /home/kamil/eclipse/plugins/fr.ac6.mcu.externaltools.arm-none.linux64_1.15.0.201708311556/tools/compiler/bin/../lib/gcc/arm-none-eabi/6.3.1/thumb/v7-m/libgcc.a(_arm_fixunssfsi.o)
 .ARM.attributes
                0x0000000000000772       0x2d /home/kamil/eclipse/plugins/fr.ac6.mcu.externaltools.arm-none.linux64_1.15.0.201708311556/tools/compiler/bin/../lib/gcc/arm-none-eabi/6.3.1/../../../../arm-none-eabi/lib/thumb/v7-m/libc_nano.a(lib_a-init.o)
 .ARM.attributes
                0x000000000000079f       0x1d /home/kamil/eclipse/plugins/fr.ac6.mcu.externaltools.arm-none.linux64_1.15.0.201708311556/tools/compiler/bin/../lib/gcc/arm-none-eabi/6.3.1/thumb/v7-m/crtn.o
OUTPUT(motee_v3.elf elf32-littlearm)

.debug_info     0x0000000000000000    0x28abe
 .debug_info    0x0000000000000000      0xee6 Drivers/STM32F1xx_HAL_Driver/Src/stm32f1xx_hal.o
 .debug_info    0x0000000000000ee6     0x161b Drivers/STM32F1xx_HAL_Driver/Src/stm32f1xx_hal_adc.o
 .debug_info    0x0000000000002501     0x147b Drivers/STM32F1xx_HAL_Driver/Src/stm32f1xx_hal_cortex.o
 .debug_info    0x000000000000397c     0x1017 Drivers/STM32F1xx_HAL_Driver/Src/stm32f1xx_hal_dma.o
 .debug_info    0x0000000000004993      0xe8b Drivers/STM32F1xx_HAL_Driver/Src/stm32f1xx_hal_gpio.o
 .debug_info    0x000000000000581e     0x19d5 Drivers/STM32F1xx_HAL_Driver/Src/stm32f1xx_hal_pcd.o
 .debug_info    0x00000000000071f3      0xe12 Drivers/STM32F1xx_HAL_Driver/Src/stm32f1xx_hal_pcd_ex.o
 .debug_info    0x0000000000008005     0x1181 Drivers/STM32F1xx_HAL_Driver/Src/stm32f1xx_hal_rcc.o
 .debug_info    0x0000000000009186      0xc6b Drivers/STM32F1xx_HAL_Driver/Src/stm32f1xx_hal_rcc_ex.o
 .debug_info    0x0000000000009df1     0x3656 Drivers/STM32F1xx_HAL_Driver/Src/stm32f1xx_hal_tim.o
 .debug_info    0x000000000000d447     0x1ad1 Drivers/STM32F1xx_HAL_Driver/Src/stm32f1xx_hal_tim_ex.o
 .debug_info    0x000000000000ef18     0x1e7e Drivers/STM32F1xx_HAL_Driver/Src/stm32f1xx_hal_uart.o
 .debug_info    0x0000000000010d96     0x1731 Drivers/STM32F1xx_HAL_Driver/Src/stm32f1xx_ll_usb.o
 .debug_info    0x00000000000124c7     0x158a Middlewares/ST/STM32_USB_Device_Library/Class/CDC/Src/usbd_cdc.o
 .debug_info    0x0000000000013a51     0x1490 Middlewares/ST/STM32_USB_Device_Library/Core/Src/usbd_core.o
 .debug_info    0x0000000000014ee1     0x1666 Middlewares/ST/STM32_USB_Device_Library/Core/Src/usbd_ctlreq.o
 .debug_info    0x0000000000016547      0xfd9 Middlewares/ST/STM32_USB_Device_Library/Core/Src/usbd_ioreq.o
 .debug_info    0x0000000000017520     0x107d Src/adc.o
 .debug_info    0x000000000001859d     0x117d Src/communication.o
 .debug_info    0x000000000001971a      0xbca Src/dma.o
 .debug_info    0x000000000001a2e4      0xc12 Src/gpio.o
 .debug_info    0x000000000001aef6     0x1d35 Src/main.o
 .debug_info    0x000000000001cc2b     0x13ac Src/motor.o
 .debug_info    0x000000000001dfd7      0x11e Src/pid.o
 .debug_info    0x000000000001e0f5      0xcbb Src/stm32f1xx_hal_msp.o
 .debug_info    0x000000000001edb0     0x17f7 Src/stm32f1xx_it.o
 .debug_info    0x00000000000205a7      0xc1b Src/system_stm32f1xx.o
 .debug_info    0x00000000000211c2     0x18a8 Src/tim.o
 .debug_info    0x0000000000022a6a     0x127b Src/usart.o
 .debug_info    0x0000000000023ce5      0xe91 Src/usb_device.o
 .debug_info    0x0000000000024b76     0x10c1 Src/usbd_cdc_if.o
 .debug_info    0x0000000000025c37     0x20b8 Src/usbd_conf.o
 .debug_info    0x0000000000027cef      0xd59 Src/usbd_desc.o
 .debug_info    0x0000000000028a48       0x76 startup/startup_stm32f103xb.o

.debug_abbrev   0x0000000000000000     0x566d
 .debug_abbrev  0x0000000000000000      0x2e5 Drivers/STM32F1xx_HAL_Driver/Src/stm32f1xx_hal.o
 .debug_abbrev  0x00000000000002e5      0x295 Drivers/STM32F1xx_HAL_Driver/Src/stm32f1xx_hal_adc.o
 .debug_abbrev  0x000000000000057a      0x3cb Drivers/STM32F1xx_HAL_Driver/Src/stm32f1xx_hal_cortex.o
 .debug_abbrev  0x0000000000000945      0x2d4 Drivers/STM32F1xx_HAL_Driver/Src/stm32f1xx_hal_dma.o
 .debug_abbrev  0x0000000000000c19      0x2a5 Drivers/STM32F1xx_HAL_Driver/Src/stm32f1xx_hal_gpio.o
 .debug_abbrev  0x0000000000000ebe      0x355 Drivers/STM32F1xx_HAL_Driver/Src/stm32f1xx_hal_pcd.o
 .debug_abbrev  0x0000000000001213      0x230 Drivers/STM32F1xx_HAL_Driver/Src/stm32f1xx_hal_pcd_ex.o
 .debug_abbrev  0x0000000000001443      0x320 Drivers/STM32F1xx_HAL_Driver/Src/stm32f1xx_hal_rcc.o
 .debug_abbrev  0x0000000000001763      0x2b2 Drivers/STM32F1xx_HAL_Driver/Src/stm32f1xx_hal_rcc_ex.o
 .debug_abbrev  0x0000000000001a15      0x2eb Drivers/STM32F1xx_HAL_Driver/Src/stm32f1xx_hal_tim.o
 .debug_abbrev  0x0000000000001d00      0x2dc Drivers/STM32F1xx_HAL_Driver/Src/stm32f1xx_hal_tim_ex.o
 .debug_abbrev  0x0000000000001fdc      0x306 Drivers/STM32F1xx_HAL_Driver/Src/stm32f1xx_hal_uart.o
 .debug_abbrev  0x00000000000022e2      0x2c1 Drivers/STM32F1xx_HAL_Driver/Src/stm32f1xx_ll_usb.o
 .debug_abbrev  0x00000000000025a3      0x312 Middlewares/ST/STM32_USB_Device_Library/Class/CDC/Src/usbd_cdc.o
 .debug_abbrev  0x00000000000028b5      0x2c6 Middlewares/ST/STM32_USB_Device_Library/Core/Src/usbd_core.o
 .debug_abbrev  0x0000000000002b7b      0x327 Middlewares/ST/STM32_USB_Device_Library/Core/Src/usbd_ctlreq.o
 .debug_abbrev  0x0000000000002ea2      0x213 Middlewares/ST/STM32_USB_Device_Library/Core/Src/usbd_ioreq.o
 .debug_abbrev  0x00000000000030b5      0x256 Src/adc.o
 .debug_abbrev  0x000000000000330b      0x2a2 Src/communication.o
 .debug_abbrev  0x00000000000035ad      0x232 Src/dma.o
 .debug_abbrev  0x00000000000037df      0x229 Src/gpio.o
 .debug_abbrev  0x0000000000003a08      0x297 Src/main.o
 .debug_abbrev  0x0000000000003c9f      0x2d1 Src/motor.o
 .debug_abbrev  0x0000000000003f70       0xdd Src/pid.o
 .debug_abbrev  0x000000000000404d      0x232 Src/stm32f1xx_hal_msp.o
 .debug_abbrev  0x000000000000427f      0x244 Src/stm32f1xx_it.o
 .debug_abbrev  0x00000000000044c3      0x226 Src/system_stm32f1xx.o
 .debug_abbrev  0x00000000000046e9      0x297 Src/tim.o
 .debug_abbrev  0x0000000000004980      0x27b Src/usart.o
 .debug_abbrev  0x0000000000004bfb      0x216 Src/usb_device.o
 .debug_abbrev  0x0000000000004e11      0x2be Src/usbd_cdc_if.o
 .debug_abbrev  0x00000000000050cf      0x31a Src/usbd_conf.o
 .debug_abbrev  0x00000000000053e9      0x272 Src/usbd_desc.o
 .debug_abbrev  0x000000000000565b       0x12 startup/startup_stm32f103xb.o

.debug_loc      0x0000000000000000     0xbef0
 .debug_loc     0x0000000000000000       0x69 Drivers/STM32F1xx_HAL_Driver/Src/stm32f1xx_hal.o
 .debug_loc     0x0000000000000069      0x952 Drivers/STM32F1xx_HAL_Driver/Src/stm32f1xx_hal_adc.o
 .debug_loc     0x00000000000009bb      0x5ad Drivers/STM32F1xx_HAL_Driver/Src/stm32f1xx_hal_cortex.o
 .debug_loc     0x0000000000000f68      0x71b Drivers/STM32F1xx_HAL_Driver/Src/stm32f1xx_hal_dma.o
 .debug_loc     0x0000000000001683      0x42d Drivers/STM32F1xx_HAL_Driver/Src/stm32f1xx_hal_gpio.o
 .debug_loc     0x0000000000001ab0      0x9fb Drivers/STM32F1xx_HAL_Driver/Src/stm32f1xx_hal_pcd.o
 .debug_loc     0x00000000000024ab       0xf4 Drivers/STM32F1xx_HAL_Driver/Src/stm32f1xx_hal_pcd_ex.o
 .debug_loc     0x000000000000259f      0x4b7 Drivers/STM32F1xx_HAL_Driver/Src/stm32f1xx_hal_rcc.o
 .debug_loc     0x0000000000002a56      0x2de Drivers/STM32F1xx_HAL_Driver/Src/stm32f1xx_hal_rcc_ex.o
 .debug_loc     0x0000000000002d34     0x34d2 Drivers/STM32F1xx_HAL_Driver/Src/stm32f1xx_hal_tim.o
 .debug_loc     0x0000000000006206      0xec0 Drivers/STM32F1xx_HAL_Driver/Src/stm32f1xx_hal_tim_ex.o
 .debug_loc     0x00000000000070c6     0x1515 Drivers/STM32F1xx_HAL_Driver/Src/stm32f1xx_hal_uart.o
 .debug_loc     0x00000000000085db      0xc18 Drivers/STM32F1xx_HAL_Driver/Src/stm32f1xx_ll_usb.o
 .debug_loc     0x00000000000091f3      0x4b9 Middlewares/ST/STM32_USB_Device_Library/Class/CDC/Src/usbd_cdc.o
 .debug_loc     0x00000000000096ac      0x71c Middlewares/ST/STM32_USB_Device_Library/Core/Src/usbd_core.o
 .debug_loc     0x0000000000009dc8      0xb78 Middlewares/ST/STM32_USB_Device_Library/Core/Src/usbd_ctlreq.o
 .debug_loc     0x000000000000a940      0x23c Middlewares/ST/STM32_USB_Device_Library/Core/Src/usbd_ioreq.o
 .debug_loc     0x000000000000ab7c       0x5b Src/adc.o
 .debug_loc     0x000000000000abd7       0xd9 Src/communication.o
 .debug_loc     0x000000000000acb0       0x5d Src/motor.o
 .debug_loc     0x000000000000ad0d       0x86 Src/pid.o
 .debug_loc     0x000000000000ad93       0xdf Src/system_stm32f1xx.o
 .debug_loc     0x000000000000ae72      0x122 Src/tim.o
 .debug_loc     0x000000000000af94       0x4a Src/usart.o
 .debug_loc     0x000000000000afde      0x108 Src/usbd_cdc_if.o
 .debug_loc     0x000000000000b0e6      0xb53 Src/usbd_conf.o
 .debug_loc     0x000000000000bc39      0x2b7 Src/usbd_desc.o

.debug_aranges  0x0000000000000000     0x1380
 .debug_aranges
                0x0000000000000000       0xb8 Drivers/STM32F1xx_HAL_Driver/Src/stm32f1xx_hal.o
 .debug_aranges
                0x00000000000000b8       0xf0 Drivers/STM32F1xx_HAL_Driver/Src/stm32f1xx_hal_adc.o
 .debug_aranges
                0x00000000000001a8       0x90 Drivers/STM32F1xx_HAL_Driver/Src/stm32f1xx_hal_cortex.o
 .debug_aranges
                0x0000000000000238       0x80 Drivers/STM32F1xx_HAL_Driver/Src/stm32f1xx_hal_dma.o
 .debug_aranges
                0x00000000000002b8       0x58 Drivers/STM32F1xx_HAL_Driver/Src/stm32f1xx_hal_gpio.o
 .debug_aranges
                0x0000000000000310      0x120 Drivers/STM32F1xx_HAL_Driver/Src/stm32f1xx_hal_pcd.o
 .debug_aranges
                0x0000000000000430       0x28 Drivers/STM32F1xx_HAL_Driver/Src/stm32f1xx_hal_pcd_ex.o
 .debug_aranges
                0x0000000000000458       0x90 Drivers/STM32F1xx_HAL_Driver/Src/stm32f1xx_hal_rcc.o
 .debug_aranges
                0x00000000000004e8       0x30 Drivers/STM32F1xx_HAL_Driver/Src/stm32f1xx_hal_rcc_ex.o
 .debug_aranges
                0x0000000000000518      0x368 Drivers/STM32F1xx_HAL_Driver/Src/stm32f1xx_hal_tim.o
 .debug_aranges
                0x0000000000000880      0x138 Drivers/STM32F1xx_HAL_Driver/Src/stm32f1xx_hal_tim_ex.o
 .debug_aranges
                0x00000000000009b8      0x1d0 Drivers/STM32F1xx_HAL_Driver/Src/stm32f1xx_hal_uart.o
 .debug_aranges
                0x0000000000000b88      0x100 Drivers/STM32F1xx_HAL_Driver/Src/stm32f1xx_ll_usb.o
 .debug_aranges
                0x0000000000000c88       0x90 Middlewares/ST/STM32_USB_Device_Library/Class/CDC/Src/usbd_cdc.o
 .debug_aranges
                0x0000000000000d18       0xb8 Middlewares/ST/STM32_USB_Device_Library/Core/Src/usbd_core.o
 .debug_aranges
                0x0000000000000dd0       0x88 Middlewares/ST/STM32_USB_Device_Library/Core/Src/usbd_ctlreq.o
 .debug_aranges
                0x0000000000000e58       0x50 Middlewares/ST/STM32_USB_Device_Library/Core/Src/usbd_ioreq.o
 .debug_aranges
                0x0000000000000ea8       0x30 Src/adc.o
 .debug_aranges
                0x0000000000000ed8       0x38 Src/communication.o
 .debug_aranges
                0x0000000000000f10       0x20 Src/dma.o
 .debug_aranges
                0x0000000000000f30       0x20 Src/gpio.o
 .debug_aranges
                0x0000000000000f50       0x30 Src/main.o
 .debug_aranges
                0x0000000000000f80       0x68 Src/motor.o
 .debug_aranges
                0x0000000000000fe8       0x28 Src/pid.o
 .debug_aranges
                0x0000000000001010       0x20 Src/stm32f1xx_hal_msp.o
 .debug_aranges
                0x0000000000001030       0xb8 Src/stm32f1xx_it.o
 .debug_aranges
                0x00000000000010e8       0x28 Src/system_stm32f1xx.o
 .debug_aranges
                0x0000000000001110       0x58 Src/tim.o
 .debug_aranges
                0x0000000000001168       0x30 Src/usart.o
 .debug_aranges
                0x0000000000001198       0x20 Src/usb_device.o
 .debug_aranges
                0x00000000000011b8       0x40 Src/usbd_cdc_if.o
 .debug_aranges
                0x00000000000011f8      0x110 Src/usbd_conf.o
 .debug_aranges
                0x0000000000001308       0x50 Src/usbd_desc.o
 .debug_aranges
                0x0000000000001358       0x28 startup/startup_stm32f103xb.o

.debug_ranges   0x0000000000000000     0x1320
 .debug_ranges  0x0000000000000000       0xa8 Drivers/STM32F1xx_HAL_Driver/Src/stm32f1xx_hal.o
 .debug_ranges  0x00000000000000a8       0xe0 Drivers/STM32F1xx_HAL_Driver/Src/stm32f1xx_hal_adc.o
 .debug_ranges  0x0000000000000188       0xe0 Drivers/STM32F1xx_HAL_Driver/Src/stm32f1xx_hal_cortex.o
 .debug_ranges  0x0000000000000268       0x70 Drivers/STM32F1xx_HAL_Driver/Src/stm32f1xx_hal_dma.o
 .debug_ranges  0x00000000000002d8       0x48 Drivers/STM32F1xx_HAL_Driver/Src/stm32f1xx_hal_gpio.o
 .debug_ranges  0x0000000000000320      0x140 Drivers/STM32F1xx_HAL_Driver/Src/stm32f1xx_hal_pcd.o
 .debug_ranges  0x0000000000000460       0x18 Drivers/STM32F1xx_HAL_Driver/Src/stm32f1xx_hal_pcd_ex.o
 .debug_ranges  0x0000000000000478       0xa0 Drivers/STM32F1xx_HAL_Driver/Src/stm32f1xx_hal_rcc.o
 .debug_ranges  0x0000000000000518       0x38 Drivers/STM32F1xx_HAL_Driver/Src/stm32f1xx_hal_rcc_ex.o
 .debug_ranges  0x0000000000000550      0x358 Drivers/STM32F1xx_HAL_Driver/Src/stm32f1xx_hal_tim.o
 .debug_ranges  0x00000000000008a8      0x128 Drivers/STM32F1xx_HAL_Driver/Src/stm32f1xx_hal_tim_ex.o
 .debug_ranges  0x00000000000009d0      0x1c0 Drivers/STM32F1xx_HAL_Driver/Src/stm32f1xx_hal_uart.o
 .debug_ranges  0x0000000000000b90      0x1e0 Drivers/STM32F1xx_HAL_Driver/Src/stm32f1xx_ll_usb.o
 .debug_ranges  0x0000000000000d70       0x80 Middlewares/ST/STM32_USB_Device_Library/Class/CDC/Src/usbd_cdc.o
 .debug_ranges  0x0000000000000df0       0xa8 Middlewares/ST/STM32_USB_Device_Library/Core/Src/usbd_core.o
 .debug_ranges  0x0000000000000e98       0x78 Middlewares/ST/STM32_USB_Device_Library/Core/Src/usbd_ctlreq.o
 .debug_ranges  0x0000000000000f10       0x40 Middlewares/ST/STM32_USB_Device_Library/Core/Src/usbd_ioreq.o
 .debug_ranges  0x0000000000000f50       0x20 Src/adc.o
 .debug_ranges  0x0000000000000f70       0x28 Src/communication.o
 .debug_ranges  0x0000000000000f98       0x10 Src/dma.o
 .debug_ranges  0x0000000000000fa8       0x10 Src/gpio.o
 .debug_ranges  0x0000000000000fb8       0x20 Src/main.o
 .debug_ranges  0x0000000000000fd8       0x58 Src/motor.o
 .debug_ranges  0x0000000000001030       0x18 Src/pid.o
 .debug_ranges  0x0000000000001048       0x10 Src/stm32f1xx_hal_msp.o
 .debug_ranges  0x0000000000001058       0xa8 Src/stm32f1xx_it.o
 .debug_ranges  0x0000000000001100       0x18 Src/system_stm32f1xx.o
 .debug_ranges  0x0000000000001118       0x48 Src/tim.o
 .debug_ranges  0x0000000000001160       0x20 Src/usart.o
 .debug_ranges  0x0000000000001180       0x10 Src/usb_device.o
 .debug_ranges  0x0000000000001190       0x30 Src/usbd_cdc_if.o
 .debug_ranges  0x00000000000011c0      0x100 Src/usbd_conf.o
 .debug_ranges  0x00000000000012c0       0x40 Src/usbd_desc.o
 .debug_ranges  0x0000000000001300       0x20 startup/startup_stm32f103xb.o

.debug_macro    0x0000000000000000    0x1aae1
 .debug_macro   0x0000000000000000      0x342 Drivers/STM32F1xx_HAL_Driver/Src/stm32f1xx_hal.o
 .debug_macro   0x0000000000000342      0x8bc Drivers/STM32F1xx_HAL_Driver/Src/stm32f1xx_hal.o
 .debug_macro   0x0000000000000bfe       0x70 Drivers/STM32F1xx_HAL_Driver/Src/stm32f1xx_hal.o
 .debug_macro   0x0000000000000c6e      0x17b Drivers/STM32F1xx_HAL_Driver/Src/stm32f1xx_hal.o
 .debug_macro   0x0000000000000de9       0x2e Drivers/STM32F1xx_HAL_Driver/Src/stm32f1xx_hal.o
 .debug_macro   0x0000000000000e17       0x22 Drivers/STM32F1xx_HAL_Driver/Src/stm32f1xx_hal.o
 .debug_macro   0x0000000000000e39       0x22 Drivers/STM32F1xx_HAL_Driver/Src/stm32f1xx_hal.o
 .debug_macro   0x0000000000000e5b       0x87 Drivers/STM32F1xx_HAL_Driver/Src/stm32f1xx_hal.o
 .debug_macro   0x0000000000000ee2       0x51 Drivers/STM32F1xx_HAL_Driver/Src/stm32f1xx_hal.o
 .debug_macro   0x0000000000000f33       0xef Drivers/STM32F1xx_HAL_Driver/Src/stm32f1xx_hal.o
 .debug_macro   0x0000000000001022       0x6a Drivers/STM32F1xx_HAL_Driver/Src/stm32f1xx_hal.o
 .debug_macro   0x000000000000108c      0x1df Drivers/STM32F1xx_HAL_Driver/Src/stm32f1xx_hal.o
 .debug_macro   0x000000000000126b       0x34 Drivers/STM32F1xx_HAL_Driver/Src/stm32f1xx_hal.o
 .debug_macro   0x000000000000129f       0x34 Drivers/STM32F1xx_HAL_Driver/Src/stm32f1xx_hal.o
 .debug_macro   0x00000000000012d3      0xb8e Drivers/STM32F1xx_HAL_Driver/Src/stm32f1xx_hal.o
 .debug_macro   0x0000000000001e61     0xe90a Drivers/STM32F1xx_HAL_Driver/Src/stm32f1xx_hal.o
 .debug_macro   0x000000000001076b       0x43 Drivers/STM32F1xx_HAL_Driver/Src/stm32f1xx_hal.o
 .debug_macro   0x00000000000107ae       0x58 Drivers/STM32F1xx_HAL_Driver/Src/stm32f1xx_hal.o
 .debug_macro   0x0000000000010806       0x35 Drivers/STM32F1xx_HAL_Driver/Src/stm32f1xx_hal.o
 .debug_macro   0x000000000001083b       0x9c Drivers/STM32F1xx_HAL_Driver/Src/stm32f1xx_hal.o
 .debug_macro   0x00000000000108d7       0x16 Drivers/STM32F1xx_HAL_Driver/Src/stm32f1xx_hal.o
 .debug_macro   0x00000000000108ed       0x97 Drivers/STM32F1xx_HAL_Driver/Src/stm32f1xx_hal.o
 .debug_macro   0x0000000000010984      0x330 Drivers/STM32F1xx_HAL_Driver/Src/stm32f1xx_hal.o
 .debug_macro   0x0000000000010cb4       0xfd Drivers/STM32F1xx_HAL_Driver/Src/stm32f1xx_hal.o
 .debug_macro   0x0000000000010db1       0x10 Drivers/STM32F1xx_HAL_Driver/Src/stm32f1xx_hal.o
 .debug_macro   0x0000000000010dc1       0x58 Drivers/STM32F1xx_HAL_Driver/Src/stm32f1xx_hal.o
 .debug_macro   0x0000000000010e19       0x1f Drivers/STM32F1xx_HAL_Driver/Src/stm32f1xx_hal.o
 .debug_macro   0x0000000000010e38       0x43 Drivers/STM32F1xx_HAL_Driver/Src/stm32f1xx_hal.o
 .debug_macro   0x0000000000010e7b       0x20 Drivers/STM32F1xx_HAL_Driver/Src/stm32f1xx_hal.o
 .debug_macro   0x0000000000010e9b      0x187 Drivers/STM32F1xx_HAL_Driver/Src/stm32f1xx_hal.o
 .debug_macro   0x0000000000011022       0x10 Drivers/STM32F1xx_HAL_Driver/Src/stm32f1xx_hal.o
 .debug_macro   0x0000000000011032       0x1c Drivers/STM32F1xx_HAL_Driver/Src/stm32f1xx_hal.o
 .debug_macro   0x000000000001104e       0x52 Drivers/STM32F1xx_HAL_Driver/Src/stm32f1xx_hal.o
 .debug_macro   0x00000000000110a0       0x40 Drivers/STM32F1xx_HAL_Driver/Src/stm32f1xx_hal.o
 .debug_macro   0x00000000000110e0       0x10 Drivers/STM32F1xx_HAL_Driver/Src/stm32f1xx_hal.o
 .debug_macro   0x00000000000110f0       0x40 Drivers/STM32F1xx_HAL_Driver/Src/stm32f1xx_hal.o
 .debug_macro   0x0000000000011130       0xd7 Drivers/STM32F1xx_HAL_Driver/Src/stm32f1xx_hal.o
 .debug_macro   0x0000000000011207       0x16 Drivers/STM32F1xx_HAL_Driver/Src/stm32f1xx_hal.o
 .debug_macro   0x000000000001121d      0x18b Drivers/STM32F1xx_HAL_Driver/Src/stm32f1xx_hal.o
 .debug_macro   0x00000000000113a8       0x50 Drivers/STM32F1xx_HAL_Driver/Src/stm32f1xx_hal.o
 .debug_macro   0x00000000000113f8      0x5c2 Drivers/STM32F1xx_HAL_Driver/Src/stm32f1xx_hal.o
 .debug_macro   0x00000000000119ba      0x28b Drivers/STM32F1xx_HAL_Driver/Src/stm32f1xx_hal.o
 .debug_macro   0x0000000000011c45      0x1cb Drivers/STM32F1xx_HAL_Driver/Src/stm32f1xx_hal.o
 .debug_macro   0x0000000000011e10      0x11e Drivers/STM32F1xx_HAL_Driver/Src/stm32f1xx_hal.o
 .debug_macro   0x0000000000011f2e      0x197 Drivers/STM32F1xx_HAL_Driver/Src/stm32f1xx_hal.o
 .debug_macro   0x00000000000120c5       0x27 Drivers/STM32F1xx_HAL_Driver/Src/stm32f1xx_hal.o
 .debug_macro   0x00000000000120ec      0x1bc Drivers/STM32F1xx_HAL_Driver/Src/stm32f1xx_hal.o
 .debug_macro   0x00000000000122a8       0x34 Drivers/STM32F1xx_HAL_Driver/Src/stm32f1xx_hal.o
 .debug_macro   0x00000000000122dc       0x3c Drivers/STM32F1xx_HAL_Driver/Src/stm32f1xx_hal.o
 .debug_macro   0x0000000000012318       0x57 Drivers/STM32F1xx_HAL_Driver/Src/stm32f1xx_hal.o
 .debug_macro   0x000000000001236f      0x46a Drivers/STM32F1xx_HAL_Driver/Src/stm32f1xx_hal.o
 .debug_macro   0x00000000000127d9      0x1b5 Drivers/STM32F1xx_HAL_Driver/Src/stm32f1xx_hal.o
 .debug_macro   0x000000000001298e       0x8c Drivers/STM32F1xx_HAL_Driver/Src/stm32f1xx_hal.o
 .debug_macro   0x0000000000012a1a      0x242 Drivers/STM32F1xx_HAL_Driver/Src/stm32f1xx_hal.o
 .debug_macro   0x0000000000012c5c      0x143 Drivers/STM32F1xx_HAL_Driver/Src/stm32f1xx_hal.o
 .debug_macro   0x0000000000012d9f      0x84c Drivers/STM32F1xx_HAL_Driver/Src/stm32f1xx_hal.o
 .debug_macro   0x00000000000135eb       0x1f Drivers/STM32F1xx_HAL_Driver/Src/stm32f1xx_hal.o
 .debug_macro   0x000000000001360a      0x26b Drivers/STM32F1xx_HAL_Driver/Src/stm32f1xx_hal.o
 .debug_macro   0x0000000000013875       0x50 Drivers/STM32F1xx_HAL_Driver/Src/stm32f1xx_hal.o
 .debug_macro   0x00000000000138c5      0x26c Drivers/STM32F1xx_HAL_Driver/Src/stm32f1xx_hal.o
 .debug_macro   0x0000000000013b31       0x7c Drivers/STM32F1xx_HAL_Driver/Src/stm32f1xx_hal.o
 .debug_macro   0x0000000000013bad      0x33b Drivers/STM32F1xx_HAL_Driver/Src/stm32f1xx_hal_adc.o
 .debug_macro   0x0000000000013ee8      0x31e Drivers/STM32F1xx_HAL_Driver/Src/stm32f1xx_hal_cortex.o
 .debug_macro   0x0000000000014206      0x31e Drivers/STM32F1xx_HAL_Driver/Src/stm32f1xx_hal_dma.o
 .debug_macro   0x0000000000014524      0x38e Drivers/STM32F1xx_HAL_Driver/Src/stm32f1xx_hal_gpio.o
 .debug_macro   0x00000000000148b2      0x32a Drivers/STM32F1xx_HAL_Driver/Src/stm32f1xx_hal_pcd.o
 .debug_macro   0x0000000000014bdc      0x31e Drivers/STM32F1xx_HAL_Driver/Src/stm32f1xx_hal_pcd_ex.o
 .debug_macro   0x0000000000014efa      0x330 Drivers/STM32F1xx_HAL_Driver/Src/stm32f1xx_hal_rcc.o
 .debug_macro   0x000000000001522a      0x31e Drivers/STM32F1xx_HAL_Driver/Src/stm32f1xx_hal_rcc_ex.o
 .debug_macro   0x0000000000015548      0x31f Drivers/STM32F1xx_HAL_Driver/Src/stm32f1xx_hal_tim.o
 .debug_macro   0x0000000000015867      0x31e Drivers/STM32F1xx_HAL_Driver/Src/stm32f1xx_hal_tim_ex.o
 .debug_macro   0x0000000000015b85      0x31f Drivers/STM32F1xx_HAL_Driver/Src/stm32f1xx_hal_uart.o
 .debug_macro   0x0000000000015ea4      0x31e Drivers/STM32F1xx_HAL_Driver/Src/stm32f1xx_ll_usb.o
 .debug_macro   0x00000000000161c2      0x3d4 Middlewares/ST/STM32_USB_Device_Library/Class/CDC/Src/usbd_cdc.o
 .debug_macro   0x0000000000016596       0x52 Middlewares/ST/STM32_USB_Device_Library/Class/CDC/Src/usbd_cdc.o
 .debug_macro   0x00000000000165e8       0x8d Middlewares/ST/STM32_USB_Device_Library/Class/CDC/Src/usbd_cdc.o
 .debug_macro   0x0000000000016675       0x57 Middlewares/ST/STM32_USB_Device_Library/Class/CDC/Src/usbd_cdc.o
 .debug_macro   0x00000000000166cc       0x16 Middlewares/ST/STM32_USB_Device_Library/Class/CDC/Src/usbd_cdc.o
 .debug_macro   0x00000000000166e2       0x35 Middlewares/ST/STM32_USB_Device_Library/Class/CDC/Src/usbd_cdc.o
 .debug_macro   0x0000000000016717       0x16 Middlewares/ST/STM32_USB_Device_Library/Class/CDC/Src/usbd_cdc.o
 .debug_macro   0x000000000001672d       0x29 Middlewares/ST/STM32_USB_Device_Library/Class/CDC/Src/usbd_cdc.o
 .debug_macro   0x0000000000016756       0x16 Middlewares/ST/STM32_USB_Device_Library/Class/CDC/Src/usbd_cdc.o
 .debug_macro   0x000000000001676c       0x65 Middlewares/ST/STM32_USB_Device_Library/Class/CDC/Src/usbd_cdc.o
 .debug_macro   0x00000000000167d1      0x1c3 Middlewares/ST/STM32_USB_Device_Library/Class/CDC/Src/usbd_cdc.o
 .debug_macro   0x0000000000016994       0x83 Middlewares/ST/STM32_USB_Device_Library/Class/CDC/Src/usbd_cdc.o
 .debug_macro   0x0000000000016a17      0x3bb Middlewares/ST/STM32_USB_Device_Library/Core/Src/usbd_core.o
 .debug_macro   0x0000000000016dd2      0x3bb Middlewares/ST/STM32_USB_Device_Library/Core/Src/usbd_ctlreq.o
 .debug_macro   0x000000000001718d      0x3b7 Middlewares/ST/STM32_USB_Device_Library/Core/Src/usbd_ioreq.o
 .debug_macro   0x0000000000017544      0x332 Src/adc.o
 .debug_macro   0x0000000000017876      0x33b Src/communication.o
 .debug_macro   0x0000000000017bb1      0x181 Src/communication.o
 .debug_macro   0x0000000000017d32       0x10 Src/communication.o
 .debug_macro   0x0000000000017d42      0x328 Src/dma.o
 .debug_macro   0x000000000001806a      0x328 Src/gpio.o
 .debug_macro   0x0000000000018392      0x447 Src/main.o
 .debug_macro   0x00000000000187d9      0x350 Src/motor.o
 .debug_macro   0x0000000000018b29       0x21 Src/pid.o
 .debug_macro   0x0000000000018b4a      0x31e Src/stm32f1xx_hal_msp.o
 .debug_macro   0x0000000000018e68      0x350 Src/stm32f1xx_it.o
 .debug_macro   0x00000000000191b8      0x324 Src/system_stm32f1xx.o
 .debug_macro   0x00000000000194dc      0x332 Src/tim.o
 .debug_macro   0x000000000001980e      0x33c Src/usart.o
 .debug_macro   0x0000000000019b4a      0x3f2 Src/usb_device.o
 .debug_macro   0x0000000000019f3c      0x3dc Src/usbd_cdc_if.o
 .debug_macro   0x000000000001a318      0x3d4 Src/usbd_conf.o
 .debug_macro   0x000000000001a6ec      0x3f5 Src/usbd_desc.o

.debug_line     0x0000000000000000    0x1427e
 .debug_line    0x0000000000000000      0x8eb Drivers/STM32F1xx_HAL_Driver/Src/stm32f1xx_hal.o
 .debug_line    0x00000000000008eb      0xcaa Drivers/STM32F1xx_HAL_Driver/Src/stm32f1xx_hal_adc.o
 .debug_line    0x0000000000001595      0x92d Drivers/STM32F1xx_HAL_Driver/Src/stm32f1xx_hal_cortex.o
 .debug_line    0x0000000000001ec2      0xaed Drivers/STM32F1xx_HAL_Driver/Src/stm32f1xx_hal_dma.o
 .debug_line    0x00000000000029af      0x92f Drivers/STM32F1xx_HAL_Driver/Src/stm32f1xx_hal_gpio.o
 .debug_line    0x00000000000032de      0xc43 Drivers/STM32F1xx_HAL_Driver/Src/stm32f1xx_hal_pcd.o
 .debug_line    0x0000000000003f21      0x7b2 Drivers/STM32F1xx_HAL_Driver/Src/stm32f1xx_hal_pcd_ex.o
 .debug_line    0x00000000000046d3      0xa22 Drivers/STM32F1xx_HAL_Driver/Src/stm32f1xx_hal_rcc.o
 .debug_line    0x00000000000050f5      0x83c Drivers/STM32F1xx_HAL_Driver/Src/stm32f1xx_hal_rcc_ex.o
 .debug_line    0x0000000000005931     0x1738 Drivers/STM32F1xx_HAL_Driver/Src/stm32f1xx_hal_tim.o
 .debug_line    0x0000000000007069      0xd0d Drivers/STM32F1xx_HAL_Driver/Src/stm32f1xx_hal_tim_ex.o
 .debug_line    0x0000000000007d76     0x105f Drivers/STM32F1xx_HAL_Driver/Src/stm32f1xx_hal_uart.o
 .debug_line    0x0000000000008dd5      0xbad Drivers/STM32F1xx_HAL_Driver/Src/stm32f1xx_ll_usb.o
 .debug_line    0x0000000000009982      0xa80 Middlewares/ST/STM32_USB_Device_Library/Class/CDC/Src/usbd_cdc.o
 .debug_line    0x000000000000a402      0xa77 Middlewares/ST/STM32_USB_Device_Library/Core/Src/usbd_core.o
 .debug_line    0x000000000000ae79      0xa8c Middlewares/ST/STM32_USB_Device_Library/Core/Src/usbd_ctlreq.o
 .debug_line    0x000000000000b905      0x902 Middlewares/ST/STM32_USB_Device_Library/Core/Src/usbd_ioreq.o
 .debug_line    0x000000000000c207      0x7b9 Src/adc.o
 .debug_line    0x000000000000c9c0      0x7f7 Src/communication.o
 .debug_line    0x000000000000d1b7      0x775 Src/dma.o
 .debug_line    0x000000000000d92c      0x788 Src/gpio.o
 .debug_line    0x000000000000e0b4      0x98e Src/main.o
 .debug_line    0x000000000000ea42      0x83f Src/motor.o
 .debug_line    0x000000000000f281       0x94 Src/pid.o
 .debug_line    0x000000000000f315      0x77e Src/stm32f1xx_hal_msp.o