Archive member included to satisfy reference by file (symbol)

/home/kamil/eclipse/plugins/fr.ac6.mcu.externaltools.arm-none.linux64_1.15.0.201708311556/tools/compiler/bin/../lib/gcc/arm-none-eabi/6.3.1/thumb/v7-m/libgcc.a(_arm_addsubsf3.o)
                              Src/pid.o (__aeabi_fsub)
/home/kamil/eclipse/plugins/fr.ac6.mcu.externaltools.arm-none.linux64_1.15.0.201708311556/tools/compiler/bin/../lib/gcc/arm-none-eabi/6.3.1/thumb/v7-m/libgcc.a(_arm_muldivsf3.o)
                              Src/pid.o (__aeabi_fmul)
/home/kamil/eclipse/plugins/fr.ac6.mcu.externaltools.arm-none.linux64_1.15.0.201708311556/tools/compiler/bin/../lib/gcc/arm-none-eabi/6.3.1/thumb/v7-m/libgcc.a(_arm_cmpsf2.o)
                              Src/pid.o (__aeabi_fcmplt)
/home/kamil/eclipse/plugins/fr.ac6.mcu.externaltools.arm-none.linux64_1.15.0.201708311556/tools/compiler/bin/../lib/gcc/arm-none-eabi/6.3.1/thumb/v7-m/libgcc.a(_arm_fixunssfsi.o)
                              Src/motor.o (__aeabi_f2uiz)
/home/kamil/eclipse/plugins/fr.ac6.mcu.externaltools.arm-none.linux64_1.15.0.201708311556/tools/compiler/bin/../lib/gcc/arm-none-eabi/6.3.1/../../../../arm-none-eabi/lib/thumb/v7-m/libc_nano.a(lib_a-exit.o)
                              /home/kamil/eclipse/plugins/fr.ac6.mcu.externaltools.arm-none.linux64_1.15.0.201708311556/tools/compiler/bin/../lib/gcc/arm-none-eabi/6.3.1/../../../../arm-none-eabi/lib/thumb/v7-m/crt0.o (exit)
/home/kamil/eclipse/plugins/fr.ac6.mcu.externaltools.arm-none.linux64_1.15.0.201708311556/tools/compiler/bin/../lib/gcc/arm-none-eabi/6.3.1/../../../../arm-none-eabi/lib/thumb/v7-m/libc_nano.a(lib_a-impure.o)
                              /home/kamil/eclipse/plugins/fr.ac6.mcu.externaltools.arm-none.linux64_1.15.0.201708311556/tools/compiler/bin/../lib/gcc/arm-none-eabi/6.3.1/../../../../arm-none-eabi/lib/thumb/v7-m/libc_nano.a(lib_a-exit.o) (_global_impure_ptr)
/home/kamil/eclipse/plugins/fr.ac6.mcu.externaltools.arm-none.linux64_1.15.0.201708311556/tools/compiler/bin/../lib/gcc/arm-none-eabi/6.3.1/../../../../arm-none-eabi/lib/thumb/v7-m/libc_nano.a(lib_a-init.o)
                              /home/kamil/eclipse/plugins/fr.ac6.mcu.externaltools.arm-none.linux64_1.15.0.201708311556/tools/compiler/bin/../lib/gcc/arm-none-eabi/6.3.1/../../../../arm-none-eabi/lib/thumb/v7-m/crt0.o (__libc_init_array)
/home/kamil/eclipse/plugins/fr.ac6.mcu.externaltools.arm-none.linux64_1.15.0.201708311556/tools/compiler/bin/../lib/gcc/arm-none-eabi/6.3.1/../../../../arm-none-eabi/lib/thumb/v7-m/libc_nano.a(lib_a-memset.o)
                              /home/kamil/eclipse/plugins/fr.ac6.mcu.externaltools.arm-none.linux64_1.15.0.201708311556/tools/compiler/bin/../lib/gcc/arm-none-eabi/6.3.1/../../../../arm-none-eabi/lib/thumb/v7-m/crt0.o (memset)
/home/kamil/eclipse/plugins/fr.ac6.mcu.externaltools.arm-none.linux64_1.15.0.201708311556/tools/compiler/bin/../lib/gcc/arm-none-eabi/6.3.1/../../../../arm-none-eabi/lib/thumb/v7-m/libnosys.a(_exit.o)
                              /home/kamil/eclipse/plugins/fr.ac6.mcu.externaltools.arm-none.linux64_1.15.0.201708311556/tools/compiler/bin/../lib/gcc/arm-none-eabi/6.3.1/../../../../arm-none-eabi/lib/thumb/v7-m/libc_nano.a(lib_a-exit.o) (_exit)

Allocating common symbols
Common symbol       size              file

hUsbDeviceFS        0x224             Src/usb_device.o
param               0x2               Src/communication.o
htim4               0x40              Src/tim.o
speedRegister       0x2               Src/motor.o
uwTick              0x4               Drivers/STM32F1xx_HAL_Driver/Src/stm32f1xx_hal.o
pFlash              0x20              Drivers/STM32F1xx_HAL_Driver/Src/stm32f1xx_hal_flash.o
UserRxBufferFS      0x8               Src/usbd_cdc_if.o
hdma_usart1_tx      0x44              Src/usart.o
hadc1               0x30              Src/adc.o
motorPidControl     0x4               Src/motor.o
hdma_usart1_rx      0x44              Src/usart.o
huart1              0x40              Src/usart.o
UserTxBufferFS      0x8               Src/usbd_cdc_if.o
rxBuffer            0x8               Src/communication.o
htim1               0x40              Src/tim.o
txBuffer            0x8               Src/communication.o
procesVariable      0x2               Src/motor.o
setDirection        0x1               Src/motor.o
htim2               0x40              Src/tim.o
setPoint            0x4               Src/motor.o
hpcd_USB_FS         0x460             Src/usbd_conf.o
USBD_StrDesc        0x200             Src/usbd_desc.o
flagStatus          0x1               Src/communication.o

Discarded input sections

 .text          0x0000000000000000        0x0 /home/kamil/eclipse/plugins/fr.ac6.mcu.externaltools.arm-none.linux64_1.15.0.201708311556/tools/compiler/bin/../lib/gcc/arm-none-eabi/6.3.1/thumb/v7-m/crti.o
[...]
Memory Configuration

Name             Origin             Length             Attributes
RAM              0x0000000020000000 0x0000000000005000 xrw
FLASH            0x0000000008000000 0x0000000000010000 xr
*default*        0x0000000000000000 0xffffffffffffffff

Linker script and memory map

LOAD /home/kamil/eclipse/plugins/fr.ac6.mcu.externaltools.arm-none.linux64_1.15.0.201708311556/tools/compiler/bin/../lib/gcc/arm-none-eabi/6.3.1/thumb/v7-m/crti.o
LOAD /home/kamil/eclipse/plugins/fr.ac6.mcu.externaltools.arm-none.linux64_1.15.0.201708311556/tools/compiler/bin/../lib/gcc/arm-none-eabi/6.3.1/thumb/v7-m/crtbegin.o
LOAD /home/kamil/eclipse/plugins/fr.ac6.mcu.externaltools.arm-none.linux64_1.15.0.201708311556/tools/compiler/bin/../lib/gcc/arm-none-eabi/6.3.1/../../../../arm-none-eabi/lib/thumb/v7-m/crt0.o
LOAD Drivers/STM32F1xx_HAL_Driver/Src/stm32f1xx_hal.o
LOAD Drivers/STM32F1xx_HAL_Driver/Src/stm32f1xx_hal_adc.o
LOAD Drivers/STM32F1xx_HAL_Driver/Src/stm32f1xx_hal_adc_ex.o
LOAD Drivers/STM32F1xx_HAL_Driver/Src/stm32f1xx_hal_cortex.o
LOAD Drivers/STM32F1xx_HAL_Driver/Src/stm32f1xx_hal_dma.o
LOAD Drivers/STM32F1xx_HAL_Driver/Src/stm32f1xx_hal_flash.o
LOAD Drivers/STM32F1xx_HAL_Driver/Src/stm32f1xx_hal_flash_ex.o
LOAD Drivers/STM32F1xx_HAL_Driver/Src/stm32f1xx_hal_gpio.o
LOAD Drivers/STM32F1xx_HAL_Driver/Src/stm32f1xx_hal_gpio_ex.o
LOAD Drivers/STM32F1xx_HAL_Driver/Src/stm32f1xx_hal_pcd.o
LOAD Drivers/STM32F1xx_HAL_Driver/Src/stm32f1xx_hal_pcd_ex.o
LOAD Drivers/STM32F1xx_HAL_Driver/Src/stm32f1xx_hal_pwr.o
LOAD Drivers/STM32F1xx_HAL_Driver/Src/stm32f1xx_hal_rcc.o
LOAD Drivers/STM32F1xx_HAL_Driver/Src/stm32f1xx_hal_rcc_ex.o
LOAD Drivers/STM32F1xx_HAL_Driver/Src/stm32f1xx_hal_tim.o
LOAD Drivers/STM32F1xx_HAL_Driver/Src/stm32f1xx_hal_tim_ex.o
LOAD Drivers/STM32F1xx_HAL_Driver/Src/stm32f1xx_hal_uart.o
LOAD Drivers/STM32F1xx_HAL_Driver/Src/stm32f1xx_ll_usb.o
LOAD Middlewares/ST/STM32_USB_Device_Library/Class/CDC/Src/usbd_cdc.o
LOAD Middlewares/ST/STM32_USB_Device_Library/Core/Src/usbd_core.o
LOAD Middlewares/ST/STM32_USB_Device_Library/Core/Src/usbd_ctlreq.o
LOAD Middlewares/ST/STM32_USB_Device_Library/Core/Src/usbd_ioreq.o
LOAD Src/adc.o
LOAD Src/communication.o
LOAD Src/dma.o
LOAD Src/gpio.o
LOAD Src/main.o
LOAD Src/motor.o
LOAD Src/pid.o
LOAD Src/stm32f1xx_hal_msp.o
LOAD Src/stm32f1xx_it.o
LOAD Src/system_stm32f1xx.o
LOAD Src/tim.o
LOAD Src/usart.o
LOAD Src/usb_device.o
LOAD Src/usbd_cdc_if.o
LOAD Src/usbd_conf.o
LOAD Src/usbd_desc.o
LOAD startup/startup_stm32f103xb.o
LOAD /home/kamil/eclipse/plugins/fr.ac6.mcu.externaltools.arm-none.linux64_1.15.0.201708311556/tools/compiler/bin/../lib/gcc/arm-none-eabi/6.3.1/../../../../arm-none-eabi/lib/thumb/v7-m/libm.a
START GROUP
LOAD /home/kamil/eclipse/plugins/fr.ac6.mcu.externaltools.arm-none.linux64_1.15.0.201708311556/tools/compiler/bin/../lib/gcc/arm-none-eabi/6.3.1/thumb/v7-m/libgcc.a
LOAD /home/kamil/eclipse/plugins/fr.ac6.mcu.externaltools.arm-none.linux64_1.15.0.201708311556/tools/compiler/bin/../lib/gcc/arm-none-eabi/6.3.1/../../../../arm-none-eabi/lib/thumb/v7-m/libc_nano.a
END GROUP
START GROUP
LOAD /home/kamil/eclipse/plugins/fr.ac6.mcu.externaltools.arm-none.linux64_1.15.0.201708311556/tools/compiler/bin/../lib/gcc/arm-none-eabi/6.3.1/thumb/v7-m/libgcc.a
LOAD /home/kamil/eclipse/plugins/fr.ac6.mcu.externaltools.arm-none.linux64_1.15.0.201708311556/tools/compiler/bin/../lib/gcc/arm-none-eabi/6.3.1/../../../../arm-none-eabi/lib/thumb/v7-m/libc_nano.a
LOAD /home/kamil/eclipse/plugins/fr.ac6.mcu.externaltools.arm-none.linux64_1.15.0.201708311556/tools/compiler/bin/../lib/gcc/arm-none-eabi/6.3.1/../../../../arm-none-eabi/lib/thumb/v7-m/libnosys.a
END GROUP
START GROUP
LOAD /home/kamil/eclipse/plugins/fr.ac6.mcu.externaltools.arm-none.linux64_1.15.0.201708311556/tools/compiler/bin/../lib/gcc/arm-none-eabi/6.3.1/thumb/v7-m/libgcc.a
LOAD /home/kamil/eclipse/plugins/fr.ac6.mcu.externaltools.arm-none.linux64_1.15.0.201708311556/tools/compiler/bin/../lib/gcc/arm-none-eabi/6.3.1/../../../../arm-none-eabi/lib/thumb/v7-m/libc_nano.a
LOAD /home/kamil/eclipse/plugins/fr.ac6.mcu.externaltools.arm-none.linux64_1.15.0.201708311556/tools/compiler/bin/../lib/gcc/arm-none-eabi/6.3.1/../../../../arm-none-eabi/lib/thumb/v7-m/libnosys.a
END GROUP
LOAD /home/kamil/eclipse/plugins/fr.ac6.mcu.externaltools.arm-none.linux64_1.15.0.201708311556/tools/compiler/bin/../lib/gcc/arm-none-eabi/6.3.1/thumb/v7-m/crtend.o
LOAD /home/kamil/eclipse/plugins/fr.ac6.mcu.externaltools.arm-none.linux64_1.15.0.201708311556/tools/compiler/bin/../lib/gcc/arm-none-eabi/6.3.1/thumb/v7-m/crtn.o
                0x0000000020005000                _estack = 0x20005000
                0x0000000000000200                _Min_Heap_Size = 0x200
                0x0000000000000400                _Min_Stack_Size = 0x400

.isr_vector     0x0000000008000000      0x10c
                0x0000000008000000                . = ALIGN (0x4)
 *(.isr_vector)
 .isr_vector    0x0000000008000000      0x10c startup/startup_stm32f103xb.o
                0x0000000008000000                g_pfnVectors
                0x000000000800010c                . = ALIGN (0x4)

.text           0x000000000800010c     0x57e4
                0x000000000800010c                . = ALIGN (0x4)
 *(.text)
 .text          0x000000000800010c       0x6c /home/kamil/eclipse/plugins/fr.ac6.mcu.externaltools.arm-none.linux64_1.15.0.201708311556/tools/compiler/bin/../lib/gcc/arm-none-eabi/6.3.1/thumb/v7-m/crtbegin.o
 .text          0x0000000008000178      0x21c /home/kamil/eclipse/plugins/fr.ac6.mcu.externaltools.arm-none.linux64_1.15.0.201708311556/tools/compiler/bin/../lib/gcc/arm-none-eabi/6.3.1/thumb/v7-m/libgcc.a(_arm_addsubsf3.o)
                0x0000000008000178                __aeabi_frsub
                0x0000000008000180                __subsf3
                0x0000000008000180                __aeabi_fsub
                0x0000000008000184                __aeabi_fadd
                0x0000000008000184                __addsf3
                0x00000000080002e4                __aeabi_ui2f
                0x00000000080002e4                __floatunsisf
                0x00000000080002ec                __aeabi_i2f
                0x00000000080002ec                __floatsisf
                0x0000000008000308                __floatundisf
                0x0000000008000308                __aeabi_ul2f
                0x0000000008000318                __floatdisf
                0x0000000008000318                __aeabi_l2f
 .text          0x0000000008000394      0x2a0 /home/kamil/eclipse/plugins/fr.ac6.mcu.externaltools.arm-none.linux64_1.15.0.201708311556/tools/compiler/bin/../lib/gcc/arm-none-eabi/6.3.1/thumb/v7-m/libgcc.a(_arm_muldivsf3.o)
                0x0000000008000394                __mulsf3
                0x0000000008000394                __aeabi_fmul
                0x00000000080004fc                __divsf3
                0x00000000080004fc                __aeabi_fdiv
 .text          0x0000000008000634       0xec /home/kamil/eclipse/plugins/fr.ac6.mcu.externaltools.arm-none.linux64_1.15.0.201708311556/tools/compiler/bin/../lib/gcc/arm-none-eabi/6.3.1/thumb/v7-m/libgcc.a(_arm_cmpsf2.o)
                0x0000000008000634                __gtsf2
                0x0000000008000634                __gesf2
                0x000000000800063c                __lesf2
                0x000000000800063c                __ltsf2
                0x0000000008000644                __nesf2
                0x0000000008000644                __eqsf2
                0x0000000008000644                __cmpsf2
                0x00000000080006a4                __aeabi_cfrcmple
                0x00000000080006ac                __aeabi_cfcmple
                0x00000000080006ac                __aeabi_cfcmpeq
                0x00000000080006bc                __aeabi_fcmpeq
                0x00000000080006d0                __aeabi_fcmplt
                0x00000000080006e4                __aeabi_fcmple
                0x00000000080006f8                __aeabi_fcmpge
                0x000000000800070c                __aeabi_fcmpgt
 .text          0x0000000008000720       0x40 /home/kamil/eclipse/plugins/fr.ac6.mcu.externaltools.arm-none.linux64_1.15.0.201708311556/tools/compiler/bin/../lib/gcc/arm-none-eabi/6.3.1/thumb/v7-m/libgcc.a(_arm_fixunssfsi.o)
                0x0000000008000720                __aeabi_f2uiz
                0x0000000008000720                __fixunssfsi
 *(.text*)
 .text.HAL_InitTick
                0x0000000008000760       0x2c Drivers/STM32F1xx_HAL_Driver/Src/stm32f1xx_hal.o
                0x0000000008000760                HAL_InitTick
 .text.HAL_Init
                0x000000000800078c       0x24 Drivers/STM32F1xx_HAL_Driver/Src/stm32f1xx_hal.o
                0x000000000800078c                HAL_Init
 .text.HAL_IncTick
                0x00000000080007b0       0x10 Drivers/STM32F1xx_HAL_Driver/Src/stm32f1xx_hal.o
                0x00000000080007b0                HAL_IncTick
 .text.HAL_GetTick
                0x00000000080007c0        0xc Drivers/STM32F1xx_HAL_Driver/Src/stm32f1xx_hal.o
                0x00000000080007c0                HAL_GetTick
 .text.HAL_Delay
                0x00000000080007cc       0x24 Drivers/STM32F1xx_HAL_Driver/Src/stm32f1xx_hal.o
                0x00000000080007cc                HAL_Delay
 .text.HAL_ADC_PollForConversion
                0x00000000080007f0      0x170 Drivers/STM32F1xx_HAL_Driver/Src/stm32f1xx_hal_adc.o
                0x00000000080007f0                HAL_ADC_PollForConversion
 .text.HAL_ADC_GetValue
                0x0000000008000960        0x6 Drivers/STM32F1xx_HAL_Driver/Src/stm32f1xx_hal_adc.o
                0x0000000008000960                HAL_ADC_GetValue
 *fill*         0x0000000008000966        0x2 
 .text.HAL_ADC_ConfigChannel
                0x0000000008000968      0x138 Drivers/STM32F1xx_HAL_Driver/Src/stm32f1xx_hal_adc.o
                0x0000000008000968                HAL_ADC_ConfigChannel
 .text.ADC_Enable
                0x0000000008000aa0       0x80 Drivers/STM32F1xx_HAL_Driver/Src/stm32f1xx_hal_adc.o
                0x0000000008000aa0                ADC_Enable
 .text.HAL_ADC_Start
                0x0000000008000b20       0xec Drivers/STM32F1xx_HAL_Driver/Src/stm32f1xx_hal_adc.o
                0x0000000008000b20                HAL_ADC_Start
 .text.ADC_ConversionStop_Disable
                0x0000000008000c0c       0x4c Drivers/STM32F1xx_HAL_Driver/Src/stm32f1xx_hal_adc.o
                0x0000000008000c0c                ADC_ConversionStop_Disable
 .text.HAL_ADC_Init
                0x0000000008000c58      0x110 Drivers/STM32F1xx_HAL_Driver/Src/stm32f1xx_hal_adc.o
                0x0000000008000c58                HAL_ADC_Init
 .text.HAL_NVIC_SetPriorityGrouping
                0x0000000008000d68       0x24 Drivers/STM32F1xx_HAL_Driver/Src/stm32f1xx_hal_cortex.o
                0x0000000008000d68                HAL_NVIC_SetPriorityGrouping
 .text.HAL_NVIC_SetPriority
                0x0000000008000d8c       0x64 Drivers/STM32F1xx_HAL_Driver/Src/stm32f1xx_hal_cortex.o
                0x0000000008000d8c                HAL_NVIC_SetPriority
 .text.HAL_NVIC_EnableIRQ
                0x0000000008000df0       0x18 Drivers/STM32F1xx_HAL_Driver/Src/stm32f1xx_hal_cortex.o
                0x0000000008000df0                HAL_NVIC_EnableIRQ
 .text.HAL_SYSTICK_Config
                0x0000000008000e08       0x2c Drivers/STM32F1xx_HAL_Driver/Src/stm32f1xx_hal_cortex.o
                0x0000000008000e08                HAL_SYSTICK_Config
 .text.HAL_SYSTICK_CLKSourceConfig
                0x0000000008000e34       0x20 Drivers/STM32F1xx_HAL_Driver/Src/stm32f1xx_hal_cortex.o
                0x0000000008000e34                HAL_SYSTICK_CLKSourceConfig
 .text.HAL_SYSTICK_Callback
                0x0000000008000e54        0x2 Drivers/STM32F1xx_HAL_Driver/Src/stm32f1xx_hal_cortex.o
                0x0000000008000e54                HAL_SYSTICK_Callback
 .text.HAL_SYSTICK_IRQHandler
                0x0000000008000e56        0x8 Drivers/STM32F1xx_HAL_Driver/Src/stm32f1xx_hal_cortex.o
                0x0000000008000e56                HAL_SYSTICK_IRQHandler
 .text.DMA_SetConfig
                0x0000000008000e5e       0x2c Drivers/STM32F1xx_HAL_Driver/Src/stm32f1xx_hal_dma.o
 *fill*         0x0000000008000e8a        0x2 
 .text.HAL_DMA_Init
                0x0000000008000e8c       0x78 Drivers/STM32F1xx_HAL_Driver/Src/stm32f1xx_hal_dma.o
                0x0000000008000e8c                HAL_DMA_Init
 .text.HAL_DMA_Start_IT
                0x0000000008000f04       0x74 Drivers/STM32F1xx_HAL_Driver/Src/stm32f1xx_hal_dma.o
                0x0000000008000f04                HAL_DMA_Start_IT
 .text.HAL_DMA_Abort_IT
                0x0000000008000f78       0x98 Drivers/STM32F1xx_HAL_Driver/Src/stm32f1xx_hal_dma.o
                0x0000000008000f78                HAL_DMA_Abort_IT
 .text.HAL_DMA_IRQHandler
                0x0000000008001010      0x144 Drivers/STM32F1xx_HAL_Driver/Src/stm32f1xx_hal_dma.o
                0x0000000008001010                HAL_DMA_IRQHandler
 .text.HAL_GPIO_Init
                0x0000000008001154      0x1ec Drivers/STM32F1xx_HAL_Driver/Src/stm32f1xx_hal_gpio.o
                0x0000000008001154                HAL_GPIO_Init
 .text.HAL_GPIO_WritePin
                0x0000000008001340        0xc Drivers/STM32F1xx_HAL_Driver/Src/stm32f1xx_hal_gpio.o
                0x0000000008001340                HAL_GPIO_WritePin
 .text.HAL_GPIO_TogglePin
                0x000000000800134c        0x8 Drivers/STM32F1xx_HAL_Driver/Src/stm32f1xx_hal_gpio.o
                0x000000000800134c                HAL_GPIO_TogglePin
 .text.HAL_PCD_Init
                0x0000000008001354       0xd6 Drivers/STM32F1xx_HAL_Driver/Src/stm32f1xx_hal_pcd.o
                0x0000000008001354                HAL_PCD_Init
 .text.HAL_PCD_Start
                0x000000000800142a       0x2e Drivers/STM32F1xx_HAL_Driver/Src/stm32f1xx_hal_pcd.o
                0x000000000800142a                HAL_PCD_Start
 .text.HAL_PCD_SetAddress
                0x0000000008001458       0x28 Drivers/STM32F1xx_HAL_Driver/Src/stm32f1xx_hal_pcd.o
                0x0000000008001458                HAL_PCD_SetAddress
 .text.HAL_PCD_EP_Open
                0x0000000008001480       0x52 Drivers/STM32F1xx_HAL_Driver/Src/stm32f1xx_hal_pcd.o
                0x0000000008001480                HAL_PCD_EP_Open
 .text.HAL_PCD_EP_Close
                0x00000000080014d2       0x4e Drivers/STM32F1xx_HAL_Driver/Src/stm32f1xx_hal_pcd.o
                0x00000000080014d2                HAL_PCD_EP_Close
 .text.HAL_PCD_EP_Receive
                0x0000000008001520       0x3e Drivers/STM32F1xx_HAL_Driver/Src/stm32f1xx_hal_pcd.o
                0x0000000008001520                HAL_PCD_EP_Receive
 .text.HAL_PCD_EP_GetRxCount
                0x000000000800155e        0xe Drivers/STM32F1xx_HAL_Driver/Src/stm32f1xx_hal_pcd.o
                0x000000000800155e                HAL_PCD_EP_GetRxCount
 .text.HAL_PCD_EP_Transmit
                0x000000000800156c       0x3c Drivers/STM32F1xx_HAL_Driver/Src/stm32f1xx_hal_pcd.o
                0x000000000800156c                HAL_PCD_EP_Transmit
 .text.PCD_EP_ISR_Handler
                0x00000000080015a8      0x46e Drivers/STM32F1xx_HAL_Driver/Src/stm32f1xx_hal_pcd.o
 .text.HAL_PCD_IRQHandler
                0x0000000008001a16      0x164 Drivers/STM32F1xx_HAL_Driver/Src/stm32f1xx_hal_pcd.o
                0x0000000008001a16                HAL_PCD_IRQHandler
 .text.HAL_PCD_EP_SetStall
                0x0000000008001b7a       0x5c Drivers/STM32F1xx_HAL_Driver/Src/stm32f1xx_hal_pcd.o
                0x0000000008001b7a                HAL_PCD_EP_SetStall
 .text.HAL_PCD_EP_ClrStall
                0x0000000008001bd6       0x4e Drivers/STM32F1xx_HAL_Driver/Src/stm32f1xx_hal_pcd.o
                0x0000000008001bd6                HAL_PCD_EP_ClrStall
 .text.HAL_PCDEx_PMAConfig
                0x0000000008001c24       0x30 Drivers/STM32F1xx_HAL_Driver/Src/stm32f1xx_hal_pcd_ex.o
                0x0000000008001c24                HAL_PCDEx_PMAConfig
 .text.RCC_Delay
                0x0000000008001c54       0x2c Drivers/STM32F1xx_HAL_Driver/Src/stm32f1xx_hal_rcc.o
 .text.HAL_RCC_OscConfig
                0x0000000008001c80      0x3e0 Drivers/STM32F1xx_HAL_Driver/Src/stm32f1xx_hal_rcc.o
                0x0000000008001c80                HAL_RCC_OscConfig
 .text.HAL_RCC_GetSysClockFreq
                0x0000000008002060       0x7c Drivers/STM32F1xx_HAL_Driver/Src/stm32f1xx_hal_rcc.o
                0x0000000008002060                HAL_RCC_GetSysClockFreq
 .text.HAL_RCC_ClockConfig
                0x00000000080020dc      0x178 Drivers/STM32F1xx_HAL_Driver/Src/stm32f1xx_hal_rcc.o
                0x00000000080020dc                HAL_RCC_ClockConfig
 .text.HAL_RCC_GetHCLKFreq
                0x0000000008002254        0xc Drivers/STM32F1xx_HAL_Driver/Src/stm32f1xx_hal_rcc.o
                0x0000000008002254                HAL_RCC_GetHCLKFreq
 .text.HAL_RCC_GetPCLK1Freq
                0x0000000008002260       0x20 Drivers/STM32F1xx_HAL_Driver/Src/stm32f1xx_hal_rcc.o
                0x0000000008002260                HAL_RCC_GetPCLK1Freq
 .text.HAL_RCC_GetPCLK2Freq
                0x0000000008002280       0x20 Drivers/STM32F1xx_HAL_Driver/Src/stm32f1xx_hal_rcc.o
                0x0000000008002280                HAL_RCC_GetPCLK2Freq
 .text.HAL_RCCEx_PeriphCLKConfig
                0x00000000080022a0      0x114 Drivers/STM32F1xx_HAL_Driver/Src/stm32f1xx_hal_rcc_ex.o
                0x00000000080022a0                HAL_RCCEx_PeriphCLKConfig
 .text.HAL_RCCEx_GetPeriphCLKFreq
                0x00000000080023b4      0x100 Drivers/STM32F1xx_HAL_Driver/Src/stm32f1xx_hal_rcc_ex.o
                0x00000000080023b4                HAL_RCCEx_GetPeriphCLKFreq
 .text.TIM_OC1_SetConfig
                0x00000000080024b4       0x5c Drivers/STM32F1xx_HAL_Driver/Src/stm32f1xx_hal_tim.o
 .text.TIM_OC3_SetConfig
                0x0000000008002510       0x64 Drivers/STM32F1xx_HAL_Driver/Src/stm32f1xx_hal_tim.o
 .text.TIM_OC4_SetConfig
                0x0000000008002574       0x48 Drivers/STM32F1xx_HAL_Driver/Src/stm32f1xx_hal_tim.o
 .text.TIM_TI1_ConfigInputStage
                0x00000000080025bc       0x24 Drivers/STM32F1xx_HAL_Driver/Src/stm32f1xx_hal_tim.o
 .text.TIM_TI2_ConfigInputStage
                0x00000000080025e0       0x26 Drivers/STM32F1xx_HAL_Driver/Src/stm32f1xx_hal_tim.o
 .text.TIM_ITRx_SetConfig
                0x0000000008002606       0x10 Drivers/STM32F1xx_HAL_Driver/Src/stm32f1xx_hal_tim.o
 .text.TIM_ETR_SetConfig
                0x0000000008002616       0x16 Drivers/STM32F1xx_HAL_Driver/Src/stm32f1xx_hal_tim.o
 .text.HAL_TIM_Base_Start_IT
                0x000000000800262c       0x18 Drivers/STM32F1xx_HAL_Driver/Src/stm32f1xx_hal_tim.o
                0x000000000800262c                HAL_TIM_Base_Start_IT
 .text.HAL_TIM_OC_MspInit
                0x0000000008002644        0x2 Drivers/STM32F1xx_HAL_Driver/Src/stm32f1xx_hal_tim.o
                0x0000000008002644                HAL_TIM_OC_MspInit
 .text.HAL_TIM_PWM_MspInit
                0x0000000008002646        0x2 Drivers/STM32F1xx_HAL_Driver/Src/stm32f1xx_hal_tim.o
                0x0000000008002646                HAL_TIM_PWM_MspInit
 .text.HAL_TIM_ConfigClockSource
                0x0000000008002648      0x108 Drivers/STM32F1xx_HAL_Driver/Src/stm32f1xx_hal_tim.o
                0x0000000008002648                HAL_TIM_ConfigClockSource
 .text.HAL_TIM_OC_DelayElapsedCallback
                0x0000000008002750        0x2 Drivers/STM32F1xx_HAL_Driver/Src/stm32f1xx_hal_tim.o
                0x0000000008002750                HAL_TIM_OC_DelayElapsedCallback
 .text.HAL_TIM_IC_CaptureCallback
                0x0000000008002752        0x2 Drivers/STM32F1xx_HAL_Driver/Src/stm32f1xx_hal_tim.o
                0x0000000008002752                HAL_TIM_IC_CaptureCallback
 .text.HAL_TIM_PWM_PulseFinishedCallback
                0x0000000008002754        0x2 Drivers/STM32F1xx_HAL_Driver/Src/stm32f1xx_hal_tim.o
                0x0000000008002754                HAL_TIM_PWM_PulseFinishedCallback
 .text.HAL_TIM_TriggerCallback
                0x0000000008002756        0x2 Drivers/STM32F1xx_HAL_Driver/Src/stm32f1xx_hal_tim.o
                0x0000000008002756                HAL_TIM_TriggerCallback
 .text.HAL_TIM_IRQHandler
                0x0000000008002758      0x17a Drivers/STM32F1xx_HAL_Driver/Src/stm32f1xx_hal_tim.o
                0x0000000008002758                HAL_TIM_IRQHandler
 *fill*         0x00000000080028d2        0x2 
 .text.TIM_Base_SetConfig
                0x00000000080028d4       0x78 Drivers/STM32F1xx_HAL_Driver/Src/stm32f1xx_hal_tim.o
                0x00000000080028d4                TIM_Base_SetConfig
 .text.HAL_TIM_Base_Init
                0x000000000800294c       0x32 Drivers/STM32F1xx_HAL_Driver/Src/stm32f1xx_hal_tim.o
                0x000000000800294c                HAL_TIM_Base_Init
 .text.HAL_TIM_OC_Init
                0x000000000800297e       0x32 Drivers/STM32F1xx_HAL_Driver/Src/stm32f1xx_hal_tim.o
                0x000000000800297e                HAL_TIM_OC_Init
 .text.HAL_TIM_PWM_Init
                0x00000000080029b0       0x32 Drivers/STM32F1xx_HAL_Driver/Src/stm32f1xx_hal_tim.o
                0x00000000080029b0                HAL_TIM_PWM_Init
 .text.HAL_TIM_Encoder_Init
                0x00000000080029e2       0x98 Drivers/STM32F1xx_HAL_Driver/Src/stm32f1xx_hal_tim.o
                0x00000000080029e2                HAL_TIM_Encoder_Init
 *fill*         0x0000000008002a7a        0x2 
 .text.TIM_OC2_SetConfig
                0x0000000008002a7c       0x64 Drivers/STM32F1xx_HAL_Driver/Src/stm32f1xx_hal_tim.o
                0x0000000008002a7c                TIM_OC2_SetConfig
 .text.HAL_TIM_OC_ConfigChannel
                0x0000000008002ae0       0x5e Drivers/STM32F1xx_HAL_Driver/Src/stm32f1xx_hal_tim.o
                0x0000000008002ae0                HAL_TIM_OC_ConfigChannel
 .text.HAL_TIM_PWM_ConfigChannel
                0x0000000008002b3e       0xdc Drivers/STM32F1xx_HAL_Driver/Src/stm32f1xx_hal_tim.o
                0x0000000008002b3e                HAL_TIM_PWM_ConfigChannel
 .text.TIM_CCxChannelCmd
                0x0000000008002c1a       0x1c Drivers/STM32F1xx_HAL_Driver/Src/stm32f1xx_hal_tim.o
                0x0000000008002c1a                TIM_CCxChannelCmd
 *fill*         0x0000000008002c36        0x2 
 .text.HAL_TIM_PWM_Start
                0x0000000008002c38       0x30 Drivers/STM32F1xx_HAL_Driver/Src/stm32f1xx_hal_tim.o
                0x0000000008002c38                HAL_TIM_PWM_Start
 .text.HAL_TIM_Encoder_Start
                0x0000000008002c68       0x44 Drivers/STM32F1xx_HAL_Driver/Src/stm32f1xx_hal_tim.o
                0x0000000008002c68                HAL_TIM_Encoder_Start
 .text.HAL_TIMEx_ConfigBreakDeadTime
                0x0000000008002cac       0x58 Drivers/STM32F1xx_HAL_Driver/Src/stm32f1xx_hal_tim_ex.o
                0x0000000008002cac                HAL_TIMEx_ConfigBreakDeadTime
 .text.HAL_TIMEx_MasterConfigSynchronization
                0x0000000008002d04       0x52 Drivers/STM32F1xx_HAL_Driver/Src/stm32f1xx_hal_tim_ex.o
                0x0000000008002d04                HAL_TIMEx_MasterConfigSynchronization
 .text.HAL_TIMEx_CommutationCallback
                0x0000000008002d56        0x2 Drivers/STM32F1xx_HAL_Driver/Src/stm32f1xx_hal_tim_ex.o
                0x0000000008002d56                HAL_TIMEx_CommutationCallback
 .text.HAL_TIMEx_BreakCallback
                0x0000000008002d58        0x2 Drivers/STM32F1xx_HAL_Driver/Src/stm32f1xx_hal_tim_ex.o
                0x0000000008002d58                HAL_TIMEx_BreakCallback
 .text.UART_EndTxTransfer
                0x0000000008002d5a       0x12 Drivers/STM32F1xx_HAL_Driver/Src/stm32f1xx_hal_uart.o
 .text.UART_EndRxTransfer
                0x0000000008002d6c       0x1c Drivers/STM32F1xx_HAL_Driver/Src/stm32f1xx_hal_uart.o
 .text.UART_Transmit_IT
                0x0000000008002d88       0x6a Drivers/STM32F1xx_HAL_Driver/Src/stm32f1xx_hal_uart.o
 *fill*         0x0000000008002df2        0x2 
 .text.UART_SetConfig
                0x0000000008002df4      0x1b0 Drivers/STM32F1xx_HAL_Driver/Src/stm32f1xx_hal_uart.o
 .text.HAL_UART_Init
                0x0000000008002fa4       0x5e Drivers/STM32F1xx_HAL_Driver/Src/stm32f1xx_hal_uart.o
                0x0000000008002fa4                HAL_UART_Init
 *fill*         0x0000000008003002        0x2 
 .text.HAL_UART_Receive_DMA
                0x0000000008003004       0xa8 Drivers/STM32F1xx_HAL_Driver/Src/stm32f1xx_hal_uart.o
                0x0000000008003004                HAL_UART_Receive_DMA
 .text.HAL_UART_TxCpltCallback
                0x00000000080030ac        0x2 Drivers/STM32F1xx_HAL_Driver/Src/stm32f1xx_hal_uart.o
                0x00000000080030ac                HAL_UART_TxCpltCallback
 .text.UART_EndTransmit_IT
                0x00000000080030ae       0x1a Drivers/STM32F1xx_HAL_Driver/Src/stm32f1xx_hal_uart.o
 .text.UART_DMAReceiveCplt
                0x00000000080030c8       0x3e Drivers/STM32F1xx_HAL_Driver/Src/stm32f1xx_hal_uart.o
 .text.UART_Receive_IT
                0x0000000008003106       0x9e Drivers/STM32F1xx_HAL_Driver/Src/stm32f1xx_hal_uart.o
 .text.HAL_UART_RxHalfCpltCallback
                0x00000000080031a4        0x2 Drivers/STM32F1xx_HAL_Driver/Src/stm32f1xx_hal_uart.o
                0x00000000080031a4                HAL_UART_RxHalfCpltCallback
 .text.UART_DMARxHalfCplt
                0x00000000080031a6        0xa Drivers/STM32F1xx_HAL_Driver/Src/stm32f1xx_hal_uart.o
 .text.HAL_UART_ErrorCallback
                0x00000000080031b0        0x2 Drivers/STM32F1xx_HAL_Driver/Src/stm32f1xx_hal_uart.o
                0x00000000080031b0                HAL_UART_ErrorCallback
 .text.UART_DMAError
                0x00000000080031b2       0x58 Drivers/STM32F1xx_HAL_Driver/Src/stm32f1xx_hal_uart.o
 *fill*         0x000000000800320a        0x2 
 .text.HAL_UART_IRQHandler
                0x000000000800320c      0x120 Drivers/STM32F1xx_HAL_Driver/Src/stm32f1xx_hal_uart.o
                0x000000000800320c                HAL_UART_IRQHandler
 .text.UART_DMAAbortOnError
                0x000000000800332c       0x10 Drivers/STM32F1xx_HAL_Driver/Src/stm32f1xx_hal_uart.o
 .text.USB_CoreInit
                0x000000000800333c        0xe Drivers/STM32F1xx_HAL_Driver/Src/stm32f1xx_ll_usb.o
                0x000000000800333c                USB_CoreInit
 .text.USB_EnableGlobalInt
                0x000000000800334a       0x12 Drivers/STM32F1xx_HAL_Driver/Src/stm32f1xx_ll_usb.o
                0x000000000800334a                USB_EnableGlobalInt
 .text.USB_DisableGlobalInt
                0x000000000800335c       0x14 Drivers/STM32F1xx_HAL_Driver/Src/stm32f1xx_ll_usb.o
                0x000000000800335c                USB_DisableGlobalInt
 .text.USB_SetCurrentMode
                0x0000000008003370        0x4 Drivers/STM32F1xx_HAL_Driver/Src/stm32f1xx_ll_usb.o
                0x0000000008003370                USB_SetCurrentMode
 .text.USB_DevInit
                0x0000000008003374       0x2c Drivers/STM32F1xx_HAL_Driver/Src/stm32f1xx_ll_usb.o
                0x0000000008003374                USB_DevInit
 .text.USB_ActivateEndpoint
                0x00000000080033a0      0x332 Drivers/STM32F1xx_HAL_Driver/Src/stm32f1xx_ll_usb.o
                0x00000000080033a0                USB_ActivateEndpoint
 .text.USB_DeactivateEndpoint
                0x00000000080036d2      0x1c4 Drivers/STM32F1xx_HAL_Driver/Src/stm32f1xx_ll_usb.o
                0x00000000080036d2                USB_DeactivateEndpoint
 .text.USB_EPSetStall
                0x0000000008003896       0x6e Drivers/STM32F1xx_HAL_Driver/Src/stm32f1xx_ll_usb.o
                0x0000000008003896                USB_EPSetStall
 .text.USB_EPClearStall
                0x0000000008003904       0x92 Drivers/STM32F1xx_HAL_Driver/Src/stm32f1xx_ll_usb.o
                0x0000000008003904                USB_EPClearStall
 .text.USB_SetDevAddress
                0x0000000008003996        0xc Drivers/STM32F1xx_HAL_Driver/Src/stm32f1xx_ll_usb.o
                0x0000000008003996                USB_SetDevAddress
 .text.USB_DevConnect
                0x00000000080039a2        0x4 Drivers/STM32F1xx_HAL_Driver/Src/stm32f1xx_ll_usb.o
                0x00000000080039a2                USB_DevConnect
 .text.USB_DevDisconnect
                0x00000000080039a6        0x4 Drivers/STM32F1xx_HAL_Driver/Src/stm32f1xx_ll_usb.o
                0x00000000080039a6                USB_DevDisconnect
 .text.USB_ReadInterrupts
                0x00000000080039aa        0x8 Drivers/STM32F1xx_HAL_Driver/Src/stm32f1xx_ll_usb.o
                0x00000000080039aa                USB_ReadInterrupts
 .text.USB_EP0_OutStart
                0x00000000080039b2        0x4 Drivers/STM32F1xx_HAL_Driver/Src/stm32f1xx_ll_usb.o
                0x00000000080039b2                USB_EP0_OutStart
 .text.USB_WritePMA
                0x00000000080039b6       0x2a Drivers/STM32F1xx_HAL_Driver/Src/stm32f1xx_ll_usb.o
                0x00000000080039b6                USB_WritePMA
 .text.USB_EPStartXfer
                0x00000000080039e0      0x2cc Drivers/STM32F1xx_HAL_Driver/Src/stm32f1xx_ll_usb.o
                0x00000000080039e0                USB_EPStartXfer
 .text.USB_ReadPMA
                0x0000000008003cac       0x1e Drivers/STM32F1xx_HAL_Driver/Src/stm32f1xx_ll_usb.o
                0x0000000008003cac                USB_ReadPMA
 .text.USBD_CDC_DataIn
                0x0000000008003cca       0x12 Middlewares/ST/STM32_USB_Device_Library/Class/CDC/Src/usbd_cdc.o
 .text.USBD_CDC_EP0_RxReady
                0x0000000008003cdc       0x28 Middlewares/ST/STM32_USB_Device_Library/Class/CDC/Src/usbd_cdc.o
 .text.USBD_CDC_GetFSCfgDesc
                0x0000000008003d04        0xc Middlewares/ST/STM32_USB_Device_Library/Class/CDC/Src/usbd_cdc.o
 .text.USBD_CDC_GetHSCfgDesc
                0x0000000008003d10        0xc Middlewares/ST/STM32_USB_Device_Library/Class/CDC/Src/usbd_cdc.o
 .text.USBD_CDC_GetOtherSpeedCfgDesc
                0x0000000008003d1c        0xc Middlewares/ST/STM32_USB_Device_Library/Class/CDC/Src/usbd_cdc.o
 .text.USBD_CDC_GetDeviceQualifierDescriptor
                0x0000000008003d28        0xc Middlewares/ST/STM32_USB_Device_Library/Class/CDC/Src/usbd_cdc.o
                0x0000000008003d28                USBD_CDC_GetDeviceQualifierDescriptor
 .text.USBD_CDC_DataOut
                0x0000000008003d34       0x2e Middlewares/ST/STM32_USB_Device_Library/Class/CDC/Src/usbd_cdc.o
 *fill*         0x0000000008003d62        0x2 
 .text.USBD_CDC_Setup
                0x0000000008003d64       0x74 Middlewares/ST/STM32_USB_Device_Library/Class/CDC/Src/usbd_cdc.o
 .text.USBD_CDC_DeInit
                0x0000000008003dd8       0x3a Middlewares/ST/STM32_USB_Device_Library/Class/CDC/Src/usbd_cdc.o
 .text.USBD_CDC_Init
                0x0000000008003e12       0x96 Middlewares/ST/STM32_USB_Device_Library/Class/CDC/Src/usbd_cdc.o
 .text.USBD_CDC_RegisterInterface
                0x0000000008003ea8        0xe Middlewares/ST/STM32_USB_Device_Library/Class/CDC/Src/usbd_cdc.o
                0x0000000008003ea8                USBD_CDC_RegisterInterface
 .text.USBD_CDC_SetTxBuffer
                0x0000000008003eb6       0x10 Middlewares/ST/STM32_USB_Device_Library/Class/CDC/Src/usbd_cdc.o
                0x0000000008003eb6                USBD_CDC_SetTxBuffer
 .text.USBD_CDC_SetRxBuffer
                0x0000000008003ec6        0xc Middlewares/ST/STM32_USB_Device_Library/Class/CDC/Src/usbd_cdc.o
                0x0000000008003ec6                USBD_CDC_SetRxBuffer
 .text.USBD_CDC_TransmitPacket
                0x0000000008003ed2       0x2e Middlewares/ST/STM32_USB_Device_Library/Class/CDC/Src/usbd_cdc.o
                0x0000000008003ed2                USBD_CDC_TransmitPacket
 .text.USBD_CDC_ReceivePacket
                0x0000000008003f00       0x32 Middlewares/ST/STM32_USB_Device_Library/Class/CDC/Src/usbd_cdc.o
                0x0000000008003f00                USBD_CDC_ReceivePacket
 .text.USBD_Init
                0x0000000008003f32       0x2e Middlewares/ST/STM32_USB_Device_Library/Core/Src/usbd_core.o
                0x0000000008003f32                USBD_Init
 .text.USBD_RegisterClass
                0x0000000008003f60        0xe Middlewares/ST/STM32_USB_Device_Library/Core/Src/usbd_core.o
                0x0000000008003f60                USBD_RegisterClass
 .text.USBD_Start
                0x0000000008003f6e        0xa Middlewares/ST/STM32_USB_Device_Library/Core/Src/usbd_core.o
                0x0000000008003f6e                USBD_Start
 .text.USBD_SetClassConfig
                0x0000000008003f78       0x1a Middlewares/ST/STM32_USB_Device_Library/Core/Src/usbd_core.o
                0x0000000008003f78                USBD_SetClassConfig
 .text.USBD_ClrClassConfig
                0x0000000008003f92        0xe Middlewares/ST/STM32_USB_Device_Library/Core/Src/usbd_core.o
                0x0000000008003f92                USBD_ClrClassConfig
 .text.USBD_LL_SetupStage
                0x0000000008003fa0       0x5a Middlewares/ST/STM32_USB_Device_Library/Core/Src/usbd_core.o
                0x0000000008003fa0                USBD_LL_SetupStage
 .text.USBD_LL_DataOutStage
                0x0000000008003ffa       0x6a Middlewares/ST/STM32_USB_Device_Library/Core/Src/usbd_core.o
                0x0000000008003ffa                USBD_LL_DataOutStage
 .text.USBD_LL_DataInStage
                0x0000000008004064       0xb2 Middlewares/ST/STM32_USB_Device_Library/Core/Src/usbd_core.o
                0x0000000008004064                USBD_LL_DataInStage
 .text.USBD_LL_Reset
                0x0000000008004116       0x3e Middlewares/ST/STM32_USB_Device_Library/Core/Src/usbd_core.o
                0x0000000008004116                USBD_LL_Reset
 .text.USBD_LL_SetSpeed
                0x0000000008004154        0x6 Middlewares/ST/STM32_USB_Device_Library/Core/Src/usbd_core.o
                0x0000000008004154                USBD_LL_SetSpeed
 .text.USBD_LL_Suspend
                0x000000000800415a       0x12 Middlewares/ST/STM32_USB_Device_Library/Core/Src/usbd_core.o
                0x000000000800415a                USBD_LL_Suspend
 .text.USBD_LL_Resume
                0x000000000800416c        0xc Middlewares/ST/STM32_USB_Device_Library/Core/Src/usbd_core.o
                0x000000000800416c                USBD_LL_Resume
 .text.USBD_LL_SOF
                0x0000000008004178       0x1c Middlewares/ST/STM32_USB_Device_Library/Core/Src/usbd_core.o
                0x0000000008004178                USBD_LL_SOF
 .text.USBD_GetLen
                0x0000000008004194       0x14 Middlewares/ST/STM32_USB_Device_Library/Core/Src/usbd_ctlreq.o
 .text.USBD_SetFeature
                0x00000000080041a8       0x20 Middlewares/ST/STM32_USB_Device_Library/Core/Src/usbd_ctlreq.o
 .text.USBD_ParseSetupRequest
                0x00000000080041c8       0x28 Middlewares/ST/STM32_USB_Device_Library/Core/Src/usbd_ctlreq.o
                0x00000000080041c8                USBD_ParseSetupRequest
 .text.USBD_CtlError
                0x00000000080041f0       0x14 Middlewares/ST/STM32_USB_Device_Library/Core/Src/usbd_ctlreq.o
                0x00000000080041f0                USBD_CtlError
 .text.USBD_GetDescriptor
                0x0000000008004204      0x132 Middlewares/ST/STM32_USB_Device_Library/Core/Src/usbd_ctlreq.o
 .text.USBD_SetAddress
                0x0000000008004336       0x4a Middlewares/ST/STM32_USB_Device_Library/Core/Src/usbd_ctlreq.o
 .text.USBD_SetConfig
                0x0000000008004380       0xa4 Middlewares/ST/STM32_USB_Device_Library/Core/Src/usbd_ctlreq.o
 .text.USBD_GetConfig
                0x0000000008004424       0x3a Middlewares/ST/STM32_USB_Device_Library/Core/Src/usbd_ctlreq.o
 .text.USBD_GetStatus
                0x000000000800445e       0x2c Middlewares/ST/STM32_USB_Device_Library/Core/Src/usbd_ctlreq.o
 .text.USBD_ClrFeature
                0x000000000800448a       0x32 Middlewares/ST/STM32_USB_Device_Library/Core/Src/usbd_ctlreq.o
 .text.USBD_StdDevReq
                0x00000000080044bc       0x48 Middlewares/ST/STM32_USB_Device_Library/Core/Src/usbd_ctlreq.o
                0x00000000080044bc                USBD_StdDevReq
 .text.USBD_StdItfReq
                0x0000000008004504       0x38 Middlewares/ST/STM32_USB_Device_Library/Core/Src/usbd_ctlreq.o
                0x0000000008004504                USBD_StdItfReq
 .text.USBD_StdEPReq
                0x000000000800453c      0x118 Middlewares/ST/STM32_USB_Device_Library/Core/Src/usbd_ctlreq.o
                0x000000000800453c                USBD_StdEPReq
 .text.USBD_GetString
                0x0000000008004654       0x3a Middlewares/ST/STM32_USB_Device_Library/Core/Src/usbd_ctlreq.o
                0x0000000008004654                USBD_GetString
 .text.USBD_CtlSendData
                0x000000000800468e       0x1a Middlewares/ST/STM32_USB_Device_Library/Core/Src/usbd_ioreq.o
                0x000000000800468e                USBD_CtlSendData
 .text.USBD_CtlContinueSendData
                0x00000000080046a8       0x10 Middlewares/ST/STM32_USB_Device_Library/Core/Src/usbd_ioreq.o
                0x00000000080046a8                USBD_CtlContinueSendData
 .text.USBD_CtlPrepareRx
                0x00000000080046b8       0x1e Middlewares/ST/STM32_USB_Device_Library/Core/Src/usbd_ioreq.o
                0x00000000080046b8                USBD_CtlPrepareRx
 .text.USBD_CtlContinueRx
                0x00000000080046d6       0x10 Middlewares/ST/STM32_USB_Device_Library/Core/Src/usbd_ioreq.o
                0x00000000080046d6                USBD_CtlContinueRx
 .text.USBD_CtlSendStatus
                0x00000000080046e6       0x16 Middlewares/ST/STM32_USB_Device_Library/Core/Src/usbd_ioreq.o
                0x00000000080046e6                USBD_CtlSendStatus
 .text.USBD_CtlReceiveStatus
                0x00000000080046fc       0x16 Middlewares/ST/STM32_USB_Device_Library/Core/Src/usbd_ioreq.o
                0x00000000080046fc                USBD_CtlReceiveStatus
 *fill*         0x0000000008004712        0x2 
 .text.MX_ADC1_Init
                0x0000000008004714       0x60 Src/adc.o
                0x0000000008004714                MX_ADC1_Init
 .text.HAL_ADC_MspInit
                0x0000000008004774       0x44 Src/adc.o
                0x0000000008004774                HAL_ADC_MspInit
 .text.start_answering
                0x00000000080047b8        0xc Src/communication.o
                0x00000000080047b8                start_answering
 .text.stop_answering
                0x00000000080047c4        0xc Src/communication.o
                0x00000000080047c4                stop_answering
 .text.communication_init
                0x00000000080047d0       0x34 Src/communication.o
                0x00000000080047d0                communication_init
 .text.HAL_UART_RxCpltCallback
                0x0000000008004804       0x20 Src/communication.o
                0x0000000008004804                HAL_UART_RxCpltCallback
 .text.handle_communication
                0x0000000008004824      0x1a0 Src/communication.o
                0x0000000008004824                handle_communication
 .text.send_controls
                0x00000000080049c4       0x58 Src/communication.o
                0x00000000080049c4                send_controls
 .text.MX_DMA_Init
                0x0000000008004a1c       0x44 Src/dma.o
                0x0000000008004a1c                MX_DMA_Init
 .text.MX_GPIO_Init
                0x0000000008004a60       0xc8 Src/gpio.o
                0x0000000008004a60                MX_GPIO_Init
 .text._Error_Handler
                0x0000000008004b28        0x2 Src/main.o
                0x0000000008004b28                _Error_Handler
 *fill*         0x0000000008004b2a        0x2 
 .text.SystemClock_Config
                0x0000000008004b2c       0xa4 Src/main.o
                0x0000000008004b2c                SystemClock_Config
 .text.main     0x0000000008004bd0       0x44 Src/main.o
                0x0000000008004bd0                main
 .text.MOTOR_init
                0x0000000008004c14       0x58 Src/motor.o
                0x0000000008004c14                MOTOR_init
 .text.MOTOR_set_dir_forward
                0x0000000008004c6c       0x14 Src/motor.o
                0x0000000008004c6c                MOTOR_set_dir_forward
 .text.MOTOR_set_dir_reverse
                0x0000000008004c80       0x14 Src/motor.o
                0x0000000008004c80                MOTOR_set_dir_reverse
 .text.MOTOR_brake_on
                0x0000000008004c94       0x14 Src/motor.o
                0x0000000008004c94                MOTOR_brake_on
 .text.MOTOR_brake_off
                0x0000000008004ca8       0x14 Src/motor.o
                0x0000000008004ca8                MOTOR_brake_off
 .text.MOTOR_pid_on
                0x0000000008004cbc        0xc Src/motor.o
                0x0000000008004cbc                MOTOR_pid_on
 .text.MOTOR_pid_off
                0x0000000008004cc8        0xc Src/motor.o
                0x0000000008004cc8                MOTOR_pid_off
 .text.MOTOR_set_point
                0x0000000008004cd4        0xc Src/motor.o
                0x0000000008004cd4                MOTOR_set_point
 .text.MOTOR_set_direction
                0x0000000008004ce0        0xc Src/motor.o
                0x0000000008004ce0                MOTOR_set_direction
 .text.MOTOR_set_max_speed
                0x0000000008004cec        0xc Src/motor.o
                0x0000000008004cec                MOTOR_set_max_speed
 .text.MOTOR_get_direction
                0x0000000008004cf8        0xc Src/motor.o
                0x0000000008004cf8                MOTOR_get_direction
 .text.MOTOR_get_proces_variable
                0x0000000008004d04        0xc Src/motor.o
                0x0000000008004d04                MOTOR_get_proces_variable
 .text.MOTOR_set_speed
                0x0000000008004d10       0x48 Src/motor.o
                0x0000000008004d10                MOTOR_set_speed
 .text.MOTOR_get_encoder_value
                0x0000000008004d58       0x18 Src/motor.o
                0x0000000008004d58                MOTOR_get_encoder_value
 .text.MOTOR_get_current
                0x0000000008004d70       0x28 Src/motor.o
                0x0000000008004d70                MOTOR_get_current
 .text.HAL_TIM_PeriodElapsedCallback
                0x0000000008004d98       0x70 Src/motor.o
                0x0000000008004d98                HAL_TIM_PeriodElapsedCallback
 .text.pid_init
                0x0000000008004e08       0x18 Src/pid.o
                0x0000000008004e08                pid_init
 .text.change_kp
                0x0000000008004e20        0xc Src/pid.o
                0x0000000008004e20                change_kp
 .text.pid_calculate
                0x0000000008004e2c       0x7c Src/pid.o
                0x0000000008004e2c                pid_calculate
 .text.HAL_MspInit
                0x0000000008004ea8       0x94 Src/stm32f1xx_hal_msp.o
                0x0000000008004ea8                HAL_MspInit
 .text.NMI_Handler
                0x0000000008004f3c        0x2 Src/stm32f1xx_it.o
                0x0000000008004f3c                NMI_Handler
 .text.HardFault_Handler
                0x0000000008004f3e        0x2 Src/stm32f1xx_it.o
                0x0000000008004f3e                HardFault_Handler
 .text.MemManage_Handler
                0x0000000008004f40        0x2 Src/stm32f1xx_it.o
                0x0000000008004f40                MemManage_Handler
 .text.BusFault_Handler
                0x0000000008004f42        0x2 Src/stm32f1xx_it.o
                0x0000000008004f42                BusFault_Handler
 .text.UsageFault_Handler
                0x0000000008004f44        0x2 Src/stm32f1xx_it.o
                0x0000000008004f44                UsageFault_Handler
 .text.SVC_Handler
                0x0000000008004f46        0x2 Src/stm32f1xx_it.o
                0x0000000008004f46                SVC_Handler
 .text.DebugMon_Handler
                0x0000000008004f48        0x2 Src/stm32f1xx_it.o
                0x0000000008004f48                DebugMon_Handler
 .text.PendSV_Handler
                0x0000000008004f4a        0x2 Src/stm32f1xx_it.o
                0x0000000008004f4a                PendSV_Handler
 .text.SysTick_Handler
                0x0000000008004f4c        0xc Src/stm32f1xx_it.o
                0x0000000008004f4c                SysTick_Handler
 .text.DMA1_Channel4_IRQHandler
                0x0000000008004f58       0x10 Src/stm32f1xx_it.o
                0x0000000008004f58                DMA1_Channel4_IRQHandler
 .text.DMA1_Channel5_IRQHandler
                0x0000000008004f68       0x10 Src/stm32f1xx_it.o
                0x0000000008004f68                DMA1_Channel5_IRQHandler
 .text.USB_HP_CAN1_TX_IRQHandler
                0x0000000008004f78       0x10 Src/stm32f1xx_it.o
                0x0000000008004f78                USB_HP_CAN1_TX_IRQHandler
 .text.USB_LP_CAN1_RX0_IRQHandler
                0x0000000008004f88       0x10 Src/stm32f1xx_it.o
                0x0000000008004f88                USB_LP_CAN1_RX0_IRQHandler
 .text.TIM1_UP_IRQHandler
                0x0000000008004f98       0x10 Src/stm32f1xx_it.o
                0x0000000008004f98                TIM1_UP_IRQHandler
 .text.TIM2_IRQHandler
                0x0000000008004fa8       0x10 Src/stm32f1xx_it.o
                0x0000000008004fa8                TIM2_IRQHandler
 .text.TIM4_IRQHandler
                0x0000000008004fb8       0x10 Src/stm32f1xx_it.o
                0x0000000008004fb8                TIM4_IRQHandler
 .text.USART1_IRQHandler
                0x0000000008004fc8       0x10 Src/stm32f1xx_it.o
                0x0000000008004fc8                USART1_IRQHandler
 .text.SystemInit
                0x0000000008004fd8       0x4c Src/system_stm32f1xx.o
                0x0000000008004fd8                SystemInit
 .text.MX_TIM1_Init
                0x0000000008005024       0xe0 Src/tim.o
                0x0000000008005024                MX_TIM1_Init
 .text.MX_TIM4_Init
                0x0000000008005104       0x70 Src/tim.o
                0x0000000008005104                MX_TIM4_Init
 .text.HAL_TIM_Base_MspInit
                0x0000000008005174       0x70 Src/tim.o
                0x0000000008005174                HAL_TIM_Base_MspInit
 .text.HAL_TIM_Encoder_MspInit
                0x00000000080051e4       0x54 Src/tim.o
                0x00000000080051e4                HAL_TIM_Encoder_MspInit
 .text.HAL_TIM_MspPostInit
                0x0000000008005238       0x2c Src/tim.o
                0x0000000008005238                HAL_TIM_MspPostInit
 .text.MX_TIM2_Init
                0x0000000008005264       0xac Src/tim.o
                0x0000000008005264                MX_TIM2_Init
 .text.MX_USART1_UART_Init
                0x0000000008005310       0x3c Src/usart.o
                0x0000000008005310                MX_USART1_UART_Init
 .text.HAL_UART_MspInit
                0x000000000800534c       0xe8 Src/usart.o
                0x000000000800534c                HAL_UART_MspInit
 .text.MX_USB_DEVICE_Init
                0x0000000008005434       0x38 Src/usb_device.o
                0x0000000008005434                MX_USB_DEVICE_Init
 .text.CDC_DeInit_FS
                0x000000000800546c        0x4 Src/usbd_cdc_if.o
 .text.CDC_Control_FS
                0x0000000008005470        0x4 Src/usbd_cdc_if.o
 .text.CDC_Receive_FS
                0x0000000008005474       0x28 Src/usbd_cdc_if.o
 .text.CDC_Init_FS
                0x000000000800549c       0x28 Src/usbd_cdc_if.o
 .text.CDC_Transmit_FS
                0x00000000080054c4       0x2c Src/usbd_cdc_if.o
                0x00000000080054c4                CDC_Transmit_FS
 .text.HAL_PCD_MspInit
                0x00000000080054f0       0x50 Src/usbd_conf.o
                0x00000000080054f0                HAL_PCD_MspInit
 .text.HAL_PCD_SetupStageCallback
                0x0000000008005540       0x10 Src/usbd_conf.o
                0x0000000008005540                HAL_PCD_SetupStageCallback
 .text.HAL_PCD_DataOutStageCallback
                0x0000000008005550       0x14 Src/usbd_conf.o
                0x0000000008005550                HAL_PCD_DataOutStageCallback
 .text.HAL_PCD_DataInStageCallback
                0x0000000008005564       0x12 Src/usbd_conf.o
                0x0000000008005564                HAL_PCD_DataInStageCallback
 .text.HAL_PCD_SOFCallback
                0x0000000008005576        0xc Src/usbd_conf.o
                0x0000000008005576                HAL_PCD_SOFCallback
 .text.HAL_PCD_ResetCallback
                0x0000000008005582       0x18 Src/usbd_conf.o
                0x0000000008005582                HAL_PCD_ResetCallback
 *fill*         0x000000000800559a        0x2 
 .text.HAL_PCD_SuspendCallback
                0x000000000800559c       0x20 Src/usbd_conf.o
                0x000000000800559c                HAL_PCD_SuspendCallback
 .text.HAL_PCD_ResumeCallback
                0x00000000080055bc        0xc Src/usbd_conf.o
                0x00000000080055bc                HAL_PCD_ResumeCallback
 .text.USBD_LL_Init
                0x00000000080055c8       0x94 Src/usbd_conf.o
                0x00000000080055c8                USBD_LL_Init
 .text.USBD_LL_Start
                0x000000000800565c       0x1c Src/usbd_conf.o
                0x000000000800565c                USBD_LL_Start
 .text.USBD_LL_OpenEP
                0x0000000008005678       0x22 Src/usbd_conf.o
                0x0000000008005678                USBD_LL_OpenEP
 .text.USBD_LL_CloseEP
                0x000000000800569a       0x1c Src/usbd_conf.o
                0x000000000800569a                USBD_LL_CloseEP
 .text.USBD_LL_StallEP
                0x00000000080056b6       0x1c Src/usbd_conf.o
                0x00000000080056b6                USBD_LL_StallEP
 .text.USBD_LL_ClearStallEP
                0x00000000080056d2       0x1c Src/usbd_conf.o
                0x00000000080056d2                USBD_LL_ClearStallEP
 .text.USBD_LL_IsStallEP
                0x00000000080056ee       0x26 Src/usbd_conf.o
                0x00000000080056ee                USBD_LL_IsStallEP
 .text.USBD_LL_SetUSBAddress
                0x0000000008005714       0x1c Src/usbd_conf.o
                0x0000000008005714                USBD_LL_SetUSBAddress
 .text.USBD_LL_Transmit
                0x0000000008005730       0x1c Src/usbd_conf.o
                0x0000000008005730                USBD_LL_Transmit
 .text.USBD_LL_PrepareReceive
                0x000000000800574c       0x1c Src/usbd_conf.o
                0x000000000800574c                USBD_LL_PrepareReceive
 .text.USBD_LL_GetRxDataSize
                0x0000000008005768        0xc Src/usbd_conf.o
                0x0000000008005768                USBD_LL_GetRxDataSize
 .text.USBD_static_malloc
                0x0000000008005774        0x8 Src/usbd_conf.o
                0x0000000008005774                USBD_static_malloc
 .text.USBD_static_free
                0x000000000800577c        0x2 Src/usbd_conf.o
                0x000000000800577c                USBD_static_free
 .text.HAL_PCDEx_SetConnectionState
                0x000000000800577e        0x2 Src/usbd_conf.o
                0x000000000800577e                HAL_PCDEx_SetConnectionState
 .text.USBD_FS_DeviceDescriptor
                0x0000000008005780        0xc Src/usbd_desc.o
                0x0000000008005780                USBD_FS_DeviceDescriptor
 .text.USBD_FS_LangIDStrDescriptor
                0x000000000800578c        0xc Src/usbd_desc.o
                0x000000000800578c                USBD_FS_LangIDStrDescriptor
 .text.USBD_FS_ProductStrDescriptor
                0x0000000008005798       0x24 Src/usbd_desc.o
                0x0000000008005798                USBD_FS_ProductStrDescriptor
 .text.USBD_FS_ManufacturerStrDescriptor
                0x00000000080057bc       0x1c Src/usbd_desc.o
                0x00000000080057bc                USBD_FS_ManufacturerStrDescriptor
 .text.USBD_FS_SerialStrDescriptor
                0x00000000080057d8       0x24 Src/usbd_desc.o
                0x00000000080057d8                USBD_FS_SerialStrDescriptor
 .text.USBD_FS_ConfigStrDescriptor
                0x00000000080057fc       0x24 Src/usbd_desc.o
                0x00000000080057fc                USBD_FS_ConfigStrDescriptor
 .text.USBD_FS_InterfaceStrDescriptor
                0x0000000008005820       0x24 Src/usbd_desc.o
                0x0000000008005820                USBD_FS_InterfaceStrDescriptor
 .text.Reset_Handler
                0x0000000008005844       0x48 startup/startup_stm32f103xb.o
                0x0000000008005844                Reset_Handler
 .text.Default_Handler
                0x000000000800588c        0x2 startup/startup_stm32f103xb.o
                0x000000000800588c                RTC_Alarm_IRQHandler
                0x000000000800588c                EXTI2_IRQHandler
                0x000000000800588c                TIM1_CC_IRQHandler
                0x000000000800588c                PVD_IRQHandler
                0x000000000800588c                EXTI3_IRQHandler
                0x000000000800588c                EXTI0_IRQHandler
                0x000000000800588c                I2C2_EV_IRQHandler
                0x000000000800588c                ADC1_2_IRQHandler
                0x000000000800588c                SPI1_IRQHandler
                0x000000000800588c                TAMPER_IRQHandler
                0x000000000800588c                USART3_IRQHandler
                0x000000000800588c                RTC_IRQHandler
                0x000000000800588c                DMA1_Channel7_IRQHandler
                0x000000000800588c                CAN1_RX1_IRQHandler
                0x000000000800588c                I2C1_EV_IRQHandler
                0x000000000800588c                DMA1_Channel6_IRQHandler
                0x000000000800588c                TIM3_IRQHandler
                0x000000000800588c                RCC_IRQHandler
                0x000000000800588c                TIM1_TRG_COM_IRQHandler
                0x000000000800588c                DMA1_Channel1_IRQHandler
                0x000000000800588c                Default_Handler
                0x000000000800588c                EXTI15_10_IRQHandler
                0x000000000800588c                EXTI9_5_IRQHandler
                0x000000000800588c                SPI2_IRQHandler
                0x000000000800588c                EXTI4_IRQHandler
                0x000000000800588c                DMA1_Channel3_IRQHandler
                0x000000000800588c                WWDG_IRQHandler
                0x000000000800588c                TIM1_BRK_IRQHandler
                0x000000000800588c                EXTI1_IRQHandler
                0x000000000800588c                USART2_IRQHandler
                0x000000000800588c                I2C2_ER_IRQHandler
                0x000000000800588c                DMA1_Channel2_IRQHandler
                0x000000000800588c                CAN1_SCE_IRQHandler
                0x000000000800588c                FLASH_IRQHandler
                0x000000000800588c                I2C1_ER_IRQHandler
                0x000000000800588c                USBWakeUp_IRQHandler
 *fill*         0x000000000800588e        0x2 
 .text.__libc_init_array
                0x0000000008005890       0x48 /home/kamil/eclipse/plugins/fr.ac6.mcu.externaltools.arm-none.linux64_1.15.0.201708311556/tools/compiler/bin/../lib/gcc/arm-none-eabi/6.3.1/../../../../arm-none-eabi/lib/thumb/v7-m/libc_nano.a(lib_a-init.o)
                0x0000000008005890                __libc_init_array
 *(.glue_7)
 .glue_7        0x00000000080058d8        0x0 linker stubs
 *(.glue_7t)
 .glue_7t       0x00000000080058d8        0x0 linker stubs
 *(.eh_frame)
 .eh_frame      0x00000000080058d8        0x0 /home/kamil/eclipse/plugins/fr.ac6.mcu.externaltools.arm-none.linux64_1.15.0.201708311556/tools/compiler/bin/../lib/gcc/arm-none-eabi/6.3.1/thumb/v7-m/crtbegin.o
 *(.init)
 .init          0x00000000080058d8        0x4 /home/kamil/eclipse/plugins/fr.ac6.mcu.externaltools.arm-none.linux64_1.15.0.201708311556/tools/compiler/bin/../lib/gcc/arm-none-eabi/6.3.1/thumb/v7-m/crti.o
                0x00000000080058d8                _init
 .init          0x00000000080058dc        0x8 /home/kamil/eclipse/plugins/fr.ac6.mcu.externaltools.arm-none.linux64_1.15.0.201708311556/tools/compiler/bin/../lib/gcc/arm-none-eabi/6.3.1/thumb/v7-m/crtn.o
 *(.fini)
 .fini          0x00000000080058e4        0x4 /home/kamil/eclipse/plugins/fr.ac6.mcu.externaltools.arm-none.linux64_1.15.0.201708311556/tools/compiler/bin/../lib/gcc/arm-none-eabi/6.3.1/thumb/v7-m/crti.o
                0x00000000080058e4                _fini
 .fini          0x00000000080058e8        0x8 /home/kamil/eclipse/plugins/fr.ac6.mcu.externaltools.arm-none.linux64_1.15.0.201708311556/tools/compiler/bin/../lib/gcc/arm-none-eabi/6.3.1/thumb/v7-m/crtn.o
                0x00000000080058f0                . = ALIGN (0x4)
                0x00000000080058f0                _etext = .

.vfp11_veneer   0x00000000080058f0        0x0
 .vfp11_veneer  0x00000000080058f0        0x0 linker stubs

.v4_bx          0x00000000080058f0        0x0
 .v4_bx         0x00000000080058f0        0x0 linker stubs

.iplt           0x00000000080058f0        0x0
 .iplt          0x00000000080058f0        0x0 /home/kamil/eclipse/plugins/fr.ac6.mcu.externaltools.arm-none.linux64_1.15.0.201708311556/tools/compiler/bin/../lib/gcc/arm-none-eabi/6.3.1/thumb/v7-m/crtbegin.o

.rodata         0x00000000080058f0       0xec
                0x00000000080058f0                . = ALIGN (0x4)
 *(.rodata)
 .rodata        0x00000000080058f0       0x12 Drivers/STM32F1xx_HAL_Driver/Src/stm32f1xx_hal_rcc.o
 *fill*         0x0000000008005902        0x2 
 .rodata        0x0000000008005904       0x12 Drivers/STM32F1xx_HAL_Driver/Src/stm32f1xx_hal_rcc_ex.o
 *fill*         0x0000000008005916        0x2 
 .rodata        0x0000000008005918       0x18 Src/system_stm32f1xx.o
                0x0000000008005918                AHBPrescTable
                0x0000000008005928                APBPrescTable
 *(.rodata*)
 .rodata.str1.4
                0x0000000008005930        0xd Src/adc.o
 *fill*         0x000000000800593d        0x3 
 .rodata.str1.4
                0x0000000008005940        0xe Src/main.o
 *fill*         0x000000000800594e        0x2 
 .rodata.str1.4
                0x0000000008005950        0xd Src/tim.o
 *fill*         0x000000000800595d        0x3 
 .rodata.str1.4
                0x0000000008005960        0xf Src/usart.o
 *fill*         0x000000000800596f        0x1 
 .rodata.str1.4
                0x0000000008005970       0x13 Src/usbd_conf.o
 *fill*         0x0000000008005983        0x1 
 .rodata.str1.4
                0x0000000008005984       0x58 Src/usbd_desc.o
                                         0x56 (size before relaxing)
                0x00000000080059dc                . = ALIGN (0x4)

.rel.dyn        0x00000000080059dc        0x0
 .rel.iplt      0x00000000080059dc        0x0 /home/kamil/eclipse/plugins/fr.ac6.mcu.externaltools.arm-none.linux64_1.15.0.201708311556/tools/compiler/bin/../lib/gcc/arm-none-eabi/6.3.1/thumb/v7-m/crtbegin.o

.ARM.extab
 *(.ARM.extab* .gnu.linkonce.armextab.*)

.ARM            0x00000000080059dc        0x0
                0x00000000080059dc                __exidx_start = .
 *(.ARM.exidx*)
                0x00000000080059dc                __exidx_end = .

.preinit_array  0x00000000080059dc        0x0
                0x00000000080059dc                PROVIDE (__preinit_array_start, .)
 *(.preinit_array*)
                0x00000000080059dc                PROVIDE (__preinit_array_end, .)

.init_array     0x00000000080059dc        0x4
                0x00000000080059dc                PROVIDE (__init_array_start, .)
 *(SORT(.init_array.*))
 *(.init_array*)
 .init_array    0x00000000080059dc        0x4 /home/kamil/eclipse/plugins/fr.ac6.mcu.externaltools.arm-none.linux64_1.15.0.201708311556/tools/compiler/bin/../lib/gcc/arm-none-eabi/6.3.1/thumb/v7-m/crtbegin.o
                0x00000000080059e0                PROVIDE (__init_array_end, .)

.fini_array     0x00000000080059e0        0x4
                [!provide]                        PROVIDE (__fini_array_start, .)
 *(SORT(.fini_array.*))
 *(.fini_array*)
 .fini_array    0x00000000080059e0        0x4 /home/kamil/eclipse/plugins/fr.ac6.mcu.externaltools.arm-none.linux64_1.15.0.201708311556/tools/compiler/bin/../lib/gcc/arm-none-eabi/6.3.1/thumb/v7-m/crtbegin.o
                [!provide]                        PROVIDE (__fini_array_end, .)
                0x00000000080059e4                _sidata = LOADADDR (.data)

.data           0x0000000020000000      0x15c load address 0x00000000080059e4
                0x0000000020000000                . = ALIGN (0x4)
                0x0000000020000000                _sdata = .
 *(.data)
 .data          0x0000000020000000      0x110 Middlewares/ST/STM32_USB_Device_Library/Class/CDC/Src/usbd_cdc.o
                0x0000000020000000                USBD_CDC_CfgFSDesc
                0x0000000020000044                USBD_CDC_CfgHSDesc
                0x0000000020000088                USBD_CDC_OtherSpeedCfgDesc
                0x00000000200000d8                USBD_CDC
 .data          0x0000000020000110        0x2 Src/communication.o
                0x0000000020000110                myAddress
                0x0000000020000111                myGroupAddress
 .data          0x0000000020000112        0x2 Src/motor.o
                0x0000000020000112                maxSpeed
 .data          0x0000000020000114        0x4 Src/system_stm32f1xx.o
                0x0000000020000114                SystemCoreClock
 .data          0x0000000020000118       0x10 Src/usbd_cdc_if.o
                0x0000000020000118                USBD_Interface_fops_FS
 .data          0x0000000020000128       0x34 Src/usbd_desc.o
                0x0000000020000128                USBD_FS_DeviceDesc
                0x000000002000013c                USBD_LangIDDesc
                0x0000000020000140                FS_Desc
 *(.data*)
                0x000000002000015c                . = ALIGN (0x4)
                0x000000002000015c                _edata = .

.jcr            0x000000002000015c        0x0 load address 0x0000000008005b40
 .jcr           0x000000002000015c        0x0 /home/kamil/eclipse/plugins/fr.ac6.mcu.externaltools.arm-none.linux64_1.15.0.201708311556/tools/compiler/bin/../lib/gcc/arm-none-eabi/6.3.1/thumb/v7-m/crtbegin.o

.igot.plt       0x000000002000015c        0x0 load address 0x0000000008005b40
 .igot.plt      0x000000002000015c        0x0 /home/kamil/eclipse/plugins/fr.ac6.mcu.externaltools.arm-none.linux64_1.15.0.201708311556/tools/compiler/bin/../lib/gcc/arm-none-eabi/6.3.1/thumb/v7-m/crtbegin.o
                0x000000002000015c                . = ALIGN (0x4)

.bss            0x000000002000015c      0xcd8 load address 0x0000000008005b40
                0x000000002000015c                _sbss = .
                0x000000002000015c                __bss_start__ = _sbss
 *(.bss)
 .bss           0x000000002000015c       0x1c /home/kamil/eclipse/plugins/fr.ac6.mcu.externaltools.arm-none.linux64_1.15.0.201708311556/tools/compiler/bin/../lib/gcc/arm-none-eabi/6.3.1/thumb/v7-m/crtbegin.o
 .bss           0x0000000020000178        0x1 Middlewares/ST/STM32_USB_Device_Library/Class/CDC/Src/usbd_cdc.o
 .bss           0x0000000020000179        0x1 Middlewares/ST/STM32_USB_Device_Library/Core/Src/usbd_ctlreq.o
 .bss           0x000000002000017a        0x6 Src/communication.o
                0x000000002000017a                answerFlag
                0x000000002000017b                frameReady
                0x000000002000017c                actCurrent
                0x000000002000017e                actSpeed
 .bss           0x0000000020000180        0x1 Src/motor.o
                0x0000000020000180                controlOn
 *fill*         0x0000000020000181        0x3 
 .bss           0x0000000020000184       0x18 Src/pid.o
 .bss           0x000000002000019c      0x220 Src/usbd_conf.o
 *(.bss*)
 *(COMMON)
 COMMON         0x00000000200003bc        0x4 Drivers/STM32F1xx_HAL_Driver/Src/stm32f1xx_hal.o
                0x00000000200003bc                uwTick
 COMMON         0x00000000200003c0       0x30 Src/adc.o
                0x00000000200003c0                hadc1
 COMMON         0x00000000200003f0       0x15 Src/communication.o
                0x00000000200003f0                param
                0x00000000200003f4                rxBuffer
                0x00000000200003fc                txBuffer
                0x0000000020000404                flagStatus
 *fill*         0x0000000020000405        0x3 
 COMMON         0x0000000020000408       0x10 Src/motor.o
                0x0000000020000408                speedRegister
                0x000000002000040c                motorPidControl
                0x0000000020000410                procesVariable
                0x0000000020000412                setDirection
                0x0000000020000414                setPoint
 COMMON         0x0000000020000418       0xc0 Src/tim.o
                0x0000000020000418                htim4
                0x0000000020000458                htim1
                0x0000000020000498                htim2
 COMMON         0x00000000200004d8       0xc8 Src/usart.o
                0x00000000200004d8                hdma_usart1_tx
                0x000000002000051c                hdma_usart1_rx
                0x0000000020000560                huart1
 COMMON         0x00000000200005a0      0x224 Src/usb_device.o
                0x00000000200005a0                hUsbDeviceFS
 COMMON         0x00000000200007c4       0x10 Src/usbd_cdc_if.o
                0x00000000200007c4                UserRxBufferFS
                0x00000000200007cc                UserTxBufferFS
 COMMON         0x00000000200007d4      0x460 Src/usbd_conf.o
                0x00000000200007d4                hpcd_USB_FS
 COMMON         0x0000000020000c34      0x200 Src/usbd_desc.o
                0x0000000020000c34                USBD_StrDesc
                0x0000000020000e34                . = ALIGN (0x4)
                0x0000000020000e34                _ebss = .
                0x0000000020000e34                __bss_end__ = _ebss

._user_heap_stack
                0x0000000020000e34      0x604 load address 0x0000000008005b40
                0x0000000020000e38                . = ALIGN (0x8)
 *fill*         0x0000000020000e34        0x4 
                [!provide]                        PROVIDE (end, .)
                [!provide]                        PROVIDE (_end, .)
                0x0000000020001038                . = (. + _Min_Heap_Size)
 *fill*         0x0000000020000e38      0x200 
                0x0000000020001438                . = (. + _Min_Stack_Size)
 *fill*         0x0000000020001038      0x400 
                0x0000000020001438                . = ALIGN (0x8)

/DISCARD/
 libc.a(*)
 libm.a(*)
 libgcc.a(*)

.ARM.attributes
                0x0000000000000000       0x29
 *(.ARM.attributes)
 .ARM.attributes
                0x0000000000000000       0x1d /home/kamil/eclipse/plugins/fr.ac6.mcu.externaltools.arm-none.linux64_1.15.0.201708311556/tools/compiler/bin/../lib/gcc/arm-none-eabi/6.3.1/thumb/v7-m/crti.o
 .ARM.attributes
                0x000000000000001d       0x2d /home/kamil/eclipse/plugins/fr.ac6.mcu.externaltools.arm-none.linux64_1.15.0.201708311556/tools/compiler/bin/../lib/gcc/arm-none-eabi/6.3.1/thumb/v7-m/crtbegin.o
 .ARM.attributes
                0x000000000000004a       0x33 Drivers/STM32F1xx_HAL_Driver/Src/stm32f1xx_hal.o
 .ARM.attributes
                0x000000000000007d       0x33 Drivers/STM32F1xx_HAL_Driver/Src/stm32f1xx_hal_adc.o
 .ARM.attributes
                0x00000000000000b0       0x33 Drivers/STM32F1xx_HAL_Driver/Src/stm32f1xx_hal_cortex.o
 .ARM.attributes
                0x00000000000000e3       0x33 Drivers/STM32F1xx_HAL_Driver/Src/stm32f1xx_hal_dma.o
 .ARM.attributes
                0x0000000000000116       0x33 Drivers/STM32F1xx_HAL_Driver/Src/stm32f1xx_hal_gpio.o
 .ARM.attributes
                0x0000000000000149       0x33 Drivers/STM32F1xx_HAL_Driver/Src/stm32f1xx_hal_pcd.o
 .ARM.attributes
                0x000000000000017c       0x33 Drivers/STM32F1xx_HAL_Driver/Src/stm32f1xx_hal_pcd_ex.o
 .ARM.attributes
                0x00000000000001af       0x33 Drivers/STM32F1xx_HAL_Driver/Src/stm32f1xx_hal_rcc.o
 .ARM.attributes
                0x00000000000001e2       0x33 Drivers/STM32F1xx_HAL_Driver/Src/stm32f1xx_hal_rcc_ex.o
 .ARM.attributes
                0x0000000000000215       0x33 Drivers/STM32F1xx_HAL_Driver/Src/stm32f1xx_hal_tim.o
 .ARM.attributes
                0x0000000000000248       0x33 Drivers/STM32F1xx_HAL_Driver/Src/stm32f1xx_hal_tim_ex.o
 .ARM.attributes
                0x000000000000027b       0x33 Drivers/STM32F1xx_HAL_Driver/Src/stm32f1xx_hal_uart.o
 .ARM.attributes
                0x00000000000002ae       0x33 Drivers/STM32F1xx_HAL_Driver/Src/stm32f1xx_ll_usb.o
 .ARM.attributes
                0x00000000000002e1       0x33 Middlewares/ST/STM32_USB_Device_Library/Class/CDC/Src/usbd_cdc.o
 .ARM.attributes
                0x0000000000000314       0x33 Middlewares/ST/STM32_USB_Device_Library/Core/Src/usbd_core.o
 .ARM.attributes
                0x0000000000000347       0x33 Middlewares/ST/STM32_USB_Device_Library/Core/Src/usbd_ctlreq.o
 .ARM.attributes
                0x000000000000037a       0x33 Middlewares/ST/STM32_USB_Device_Library/Core/Src/usbd_ioreq.o
 .ARM.attributes
                0x00000000000003ad       0x33 Src/adc.o
 .ARM.attributes
                0x00000000000003e0       0x33 Src/communication.o
 .ARM.attributes
                0x0000000000000413       0x33 Src/dma.o
 .ARM.attributes
                0x0000000000000446       0x33 Src/gpio.o
 .ARM.attributes
                0x0000000000000479       0x33 Src/main.o
 .ARM.attributes
                0x00000000000004ac       0x33 Src/motor.o
 .ARM.attributes
                0x00000000000004df       0x33 Src/pid.o
 .ARM.attributes
                0x0000000000000512       0x33 Src/stm32f1xx_hal_msp.o
 .ARM.attributes
                0x0000000000000545       0x33 Src/stm32f1xx_it.o
 .ARM.attributes
                0x0000000000000578       0x33 Src/system_stm32f1xx.o
 .ARM.attributes
                0x00000000000005ab       0x33 Src/tim.o
 .ARM.attributes
                0x00000000000005de       0x33 Src/usart.o
 .ARM.attributes
                0x0000000000000611       0x33 Src/usb_device.o
 .ARM.attributes
                0x0000000000000644       0x33 Src/usbd_cdc_if.o
 .ARM.attributes
                0x0000000000000677       0x33 Src/usbd_conf.o
 .ARM.attributes
                0x00000000000006aa       0x33 Src/usbd_desc.o
 .ARM.attributes
                0x00000000000006dd       0x21 startup/startup_stm32f103xb.o
 .ARM.attributes
                0x00000000000006fe       0x1d /home/kamil/eclipse/plugins/fr.ac6.mcu.externaltools.arm-none.linux64_1.15.0.201708311556/tools/compiler/bin/../lib/gcc/arm-none-eabi/6.3.1/thumb/v7-m/libgcc.a(_arm_addsubsf3.o)
 .ARM.attributes
                0x000000000000071b       0x1d /home/kamil/eclipse/plugins/fr.ac6.mcu.externaltools.arm-none.linux64_1.15.0.201708311556/tools/compiler/bin/../lib/gcc/arm-none-eabi/6.3.1/thumb/v7-m/libgcc.a(_arm_muldivsf3.o)
 .ARM.attributes
                0x0000000000000738       0x1d /home/kamil/eclipse/plugins/fr.ac6.mcu.externaltools.arm-none.linux64_1.15.0.201708311556/tools/compiler/bin/../lib/gcc/arm-none-eabi/6.3.1/thumb/v7-m/libgcc.a(_arm_cmpsf2.o)
 .ARM.attributes
                0x0000000000000755       0x1d /home/kamil/eclipse/plugins/fr.ac6.mcu.externaltools.arm-none.linux64_1.15.0.201708311556/tools/compiler/bin/../lib/gcc/arm-none-eabi/6.3.1/thumb/v7-m/libgcc.a(_arm_fixunssfsi.o)
 .ARM.attributes
                0x0000000000000772       0x2d /home/kamil/eclipse/plugins/fr.ac6.mcu.externaltools.arm-none.linux64_1.15.0.201708311556/tools/compiler/bin/../lib/gcc/arm-none-eabi/6.3.1/../../../../arm-none-eabi/lib/thumb/v7-m/libc_nano.a(lib_a-init.o)
 .ARM.attributes
                0x000000000000079f       0x1d /home/kamil/eclipse/plugins/fr.ac6.mcu.externaltools.arm-none.linux64_1.15.0.201708311556/tools/compiler/bin/../lib/gcc/arm-none-eabi/6.3.1/thumb/v7-m/crtn.o
OUTPUT(motee_v3.elf elf32-littlearm)

.debug_info     0x0000000000000000    0x2939f
 .debug_info    0x0000000000000000      0xee6 Drivers/STM32F1xx_HAL_Driver/Src/stm32f1xx_hal.o
 .debug_info    0x0000000000000ee6     0x161b Drivers/STM32F1xx_HAL_Driver/Src/stm32f1xx_hal_adc.o
 .debug_info    0x0000000000002501     0x147b Drivers/STM32F1xx_HAL_Driver/Src/stm32f1xx_hal_cortex.o
 .debug_info    0x000000000000397c     0x1017 Drivers/STM32F1xx_HAL_Driver/Src/stm32f1xx_hal_dma.o
 .debug_info    0x0000000000004993      0xe8b Drivers/STM32F1xx_HAL_Driver/Src/stm32f1xx_hal_gpio.o
 .debug_info    0x000000000000581e     0x19d5 Drivers/STM32F1xx_HAL_Driver/Src/stm32f1xx_hal_pcd.o
 .debug_info    0x00000000000071f3      0xe12 Drivers/STM32F1xx_HAL_Driver/Src/stm32f1xx_hal_pcd_ex.o
 .debug_info    0x0000000000008005     0x1181 Drivers/STM32F1xx_HAL_Driver/Src/stm32f1xx_hal_rcc.o
 .debug_info    0x0000000000009186      0xc6b Drivers/STM32F1xx_HAL_Driver/Src/stm32f1xx_hal_rcc_ex.o
 .debug_info    0x0000000000009df1     0x3656 Drivers/STM32F1xx_HAL_Driver/Src/stm32f1xx_hal_tim.o
 .debug_info    0x000000000000d447     0x1ad1 Drivers/STM32F1xx_HAL_Driver/Src/stm32f1xx_hal_tim_ex.o
 .debug_info    0x000000000000ef18     0x1e7e Drivers/STM32F1xx_HAL_Driver/Src/stm32f1xx_hal_uart.o
 .debug_info    0x0000000000010d96     0x1731 Drivers/STM32F1xx_HAL_Driver/Src/stm32f1xx_ll_usb.o
 .debug_info    0x00000000000124c7     0x158a Middlewares/ST/STM32_USB_Device_Library/Class/CDC/Src/usbd_cdc.o
 .debug_info    0x0000000000013a51     0x1490 Middlewares/ST/STM32_USB_Device_Library/Core/Src/usbd_core.o
 .debug_info    0x0000000000014ee1     0x1666 Middlewares/ST/STM32_USB_Device_Library/Core/Src/usbd_ctlreq.o
 .debug_info    0x0000000000016547      0xfd9 Middlewares/ST/STM32_USB_Device_Library/Core/Src/usbd_ioreq.o
 .debug_info    0x0000000000017520     0x107d Src/adc.o
 .debug_info    0x000000000001859d     0x1b00 Src/communication.o
 .debug_info    0x000000000001a09d      0xbca Src/dma.o
 .debug_info    0x000000000001ac67      0xc30 Src/gpio.o
 .debug_info    0x000000000001b897     0x1bf2 Src/main.o
 .debug_info    0x000000000001d489     0x155b Src/motor.o
 .debug_info    0x000000000001e9e4      0x184 Src/pid.o
 .debug_info    0x000000000001eb68      0xcbb Src/stm32f1xx_hal_msp.o
 .debug_info    0x000000000001f823     0x15c0 Src/stm32f1xx_it.o
 .debug_info    0x0000000000020de3      0xc1b Src/system_stm32f1xx.o
 .debug_info    0x00000000000219fe     0x1938 Src/tim.o
 .debug_info    0x0000000000023336     0x127b Src/usart.o
 .debug_info    0x00000000000245b1      0xe91 Src/usb_device.o
 .debug_info    0x0000000000025442     0x10d6 Src/usbd_cdc_if.o
 .debug_info    0x0000000000026518     0x20b8 Src/usbd_conf.o
 .debug_info    0x00000000000285d0      0xd59 Src/usbd_desc.o
 .debug_info    0x0000000000029329       0x76 startup/startup_stm32f103xb.o

.debug_abbrev   0x0000000000000000     0x569b
 .debug_abbrev  0x0000000000000000      0x2e5 Drivers/STM32F1xx_HAL_Driver/Src/stm32f1xx_hal.o
 .debug_abbrev  0x00000000000002e5      0x295 Drivers/STM32F1xx_HAL_Driver/Src/stm32f1xx_hal_adc.o
 .debug_abbrev  0x000000000000057a      0x3cb Drivers/STM32F1xx_HAL_Driver/Src/stm32f1xx_hal_cortex.o
 .debug_abbrev  0x0000000000000945      0x2d4 Drivers/STM32F1xx_HAL_Driver/Src/stm32f1xx_hal_dma.o
 .debug_abbrev  0x0000000000000c19      0x2a5 Drivers/STM32F1xx_HAL_Driver/Src/stm32f1xx_hal_gpio.o
 .debug_abbrev  0x0000000000000ebe      0x355 Drivers/STM32F1xx_HAL_Driver/Src/stm32f1xx_hal_pcd.o
 .debug_abbrev  0x0000000000001213      0x230 Drivers/STM32F1xx_HAL_Driver/Src/stm32f1xx_hal_pcd_ex.o
 .debug_abbrev  0x0000000000001443      0x320 Drivers/STM32F1xx_HAL_Driver/Src/stm32f1xx_hal_rcc.o
 .debug_abbrev  0x0000000000001763      0x2b2 Drivers/STM32F1xx_HAL_Driver/Src/stm32f1xx_hal_rcc_ex.o
 .debug_abbrev  0x0000000000001a15      0x2eb Drivers/STM32F1xx_HAL_Driver/Src/stm32f1xx_hal_tim.o
 .debug_abbrev  0x0000000000001d00      0x2dc Drivers/STM32F1xx_HAL_Driver/Src/stm32f1xx_hal_tim_ex.o
 .debug_abbrev  0x0000000000001fdc      0x306 Drivers/STM32F1xx_HAL_Driver/Src/stm32f1xx_hal_uart.o
 .debug_abbrev  0x00000000000022e2      0x2c1 Drivers/STM32F1xx_HAL_Driver/Src/stm32f1xx_ll_usb.o
 .debug_abbrev  0x00000000000025a3      0x312 Middlewares/ST/STM32_USB_Device_Library/Class/CDC/Src/usbd_cdc.o
 .debug_abbrev  0x00000000000028b5      0x2c6 Middlewares/ST/STM32_USB_Device_Library/Core/Src/usbd_core.o
 .debug_abbrev  0x0000000000002b7b      0x327 Middlewares/ST/STM32_USB_Device_Library/Core/Src/usbd_ctlreq.o
 .debug_abbrev  0x0000000000002ea2      0x213 Middlewares/ST/STM32_USB_Device_Library/Core/Src/usbd_ioreq.o
 .debug_abbrev  0x00000000000030b5      0x256 Src/adc.o
 .debug_abbrev  0x000000000000330b      0x2a9 Src/communication.o
 .debug_abbrev  0x00000000000035b4      0x232 Src/dma.o
 .debug_abbrev  0x00000000000037e6      0x229 Src/gpio.o
 .debug_abbrev  0x0000000000003a0f      0x286 Src/main.o
 .debug_abbrev  0x0000000000003c95      0x2e0 Src/motor.o
 .debug_abbrev  0x0000000000003f75       0xf7 Src/pid.o
 .debug_abbrev  0x000000000000406c      0x232 Src/stm32f1xx_hal_msp.o
 .debug_abbrev  0x000000000000429e      0x244 Src/stm32f1xx_it.o
 .debug_abbrev  0x00000000000044e2      0x226 Src/system_stm32f1xx.o
 .debug_abbrev  0x0000000000004708      0x2a6 Src/tim.o
 .debug_abbrev  0x00000000000049ae      0x27b Src/usart.o
 .debug_abbrev  0x0000000000004c29      0x216 Src/usb_device.o
 .debug_abbrev  0x0000000000004e3f      0x2be Src/usbd_cdc_if.o
 .debug_abbrev  0x00000000000050fd      0x31a Src/usbd_conf.o
 .debug_abbrev  0x0000000000005417      0x272 Src/usbd_desc.o
 .debug_abbrev  0x0000000000005689       0x12 startup/startup_stm32f103xb.o

.debug_loc      0x0000000000000000     0xbe50
 .debug_loc     0x0000000000000000       0x69 Drivers/STM32F1xx_HAL_Driver/Src/stm32f1xx_hal.o
 .debug_loc     0x0000000000000069      0x952 Drivers/STM32F1xx_HAL_Driver/Src/stm32f1xx_hal_adc.o
 .debug_loc     0x00000000000009bb      0x5ad Drivers/STM32F1xx_HAL_Driver/Src/stm32f1xx_hal_cortex.o
 .debug_loc     0x0000000000000f68      0x71b Drivers/STM32F1xx_HAL_Driver/Src/stm32f1xx_hal_dma.o
 .debug_loc     0x0000000000001683      0x42d Drivers/STM32F1xx_HAL_Driver/Src/stm32f1xx_hal_gpio.o
 .debug_loc     0x0000000000001ab0      0x9fb Drivers/STM32F1xx_HAL_Driver/Src/stm32f1xx_hal_pcd.o
 .debug_loc     0x00000000000024ab       0xf4 Drivers/STM32F1xx_HAL_Driver/Src/stm32f1xx_hal_pcd_ex.o
 .debug_loc     0x000000000000259f      0x4b7 Drivers/STM32F1xx_HAL_Driver/Src/stm32f1xx_hal_rcc.o
 .debug_loc     0x0000000000002a56      0x2de Drivers/STM32F1xx_HAL_Driver/Src/stm32f1xx_hal_rcc_ex.o
 .debug_loc     0x0000000000002d34     0x34d2 Drivers/STM32F1xx_HAL_Driver/Src/stm32f1xx_hal_tim.o
 .debug_loc     0x0000000000006206      0xec0 Drivers/STM32F1xx_HAL_Driver/Src/stm32f1xx_hal_tim_ex.o
 .debug_loc     0x00000000000070c6     0x1515 Drivers/STM32F1xx_HAL_Driver/Src/stm32f1xx_hal_uart.o
 .debug_loc     0x00000000000085db      0xc18 Drivers/STM32F1xx_HAL_Driver/Src/stm32f1xx_ll_usb.o
 .debug_loc     0x00000000000091f3      0x4b9 Middlewares/ST/STM32_USB_Device_Library/Class/CDC/Src/usbd_cdc.o
 .debug_loc     0x00000000000096ac      0x71c Middlewares/ST/STM32_USB_Device_Library/Core/Src/usbd_core.o
 .debug_loc     0x0000000000009dc8      0xb78 Middlewares/ST/STM32_USB_Device_Library/Core/Src/usbd_ctlreq.o
 .debug_loc     0x000000000000a940      0x23c Middlewares/ST/STM32_USB_Device_Library/Core/Src/usbd_ioreq.o
 .debug_loc     0x000000000000ab7c       0x5b Src/adc.o
 .debug_loc     0x000000000000abd7       0x21 Src/communication.o
 .debug_loc     0x000000000000abf8       0x75 Src/motor.o
 .debug_loc     0x000000000000ac6d       0x86 Src/pid.o
 .debug_loc     0x000000000000acf3       0xdf Src/system_stm32f1xx.o
 .debug_loc     0x000000000000add2      0x122 Src/tim.o
 .debug_loc     0x000000000000aef4       0x4a Src/usart.o
 .debug_loc     0x000000000000af3e      0x108 Src/usbd_cdc_if.o
 .debug_loc     0x000000000000b046      0xb53 Src/usbd_conf.o
 .debug_loc     0x000000000000bb99      0x2b7 Src/usbd_desc.o

.debug_aranges  0x0000000000000000     0x13e8
 .debug_aranges
                0x0000000000000000       0xb8 Drivers/STM32F1xx_HAL_Driver/Src/stm32f1xx_hal.o
 .debug_aranges
                0x00000000000000b8       0xf0 Drivers/STM32F1xx_HAL_Driver/Src/stm32f1xx_hal_adc.o
 .debug_aranges
                0x00000000000001a8       0x90 Drivers/STM32F1xx_HAL_Driver/Src/stm32f1xx_hal_cortex.o
 .debug_aranges
                0x0000000000000238       0x80 Drivers/STM32F1xx_HAL_Driver/Src/stm32f1xx_hal_dma.o
 .debug_aranges
                0x00000000000002b8       0x58 Drivers/STM32F1xx_HAL_Driver/Src/stm32f1xx_hal_gpio.o
 .debug_aranges
                0x0000000000000310      0x120 Drivers/STM32F1xx_HAL_Driver/Src/stm32f1xx_hal_pcd.o
 .debug_aranges
                0x0000000000000430       0x28 Drivers/STM32F1xx_HAL_Driver/Src/stm32f1xx_hal_pcd_ex.o
 .debug_aranges
                0x0000000000000458       0x90 Drivers/STM32F1xx_HAL_Driver/Src/stm32f1xx_hal_rcc.o
 .debug_aranges
                0x00000000000004e8       0x30 Drivers/STM32F1xx_HAL_Driver/Src/stm32f1xx_hal_rcc_ex.o
 .debug_aranges
                0x0000000000000518      0x368 Drivers/STM32F1xx_HAL_Driver/Src/stm32f1xx_hal_tim.o
 .debug_aranges
                0x0000000000000880      0x138 Drivers/STM32F1xx_HAL_Driver/Src/stm32f1xx_hal_tim_ex.o
 .debug_aranges
                0x00000000000009b8      0x1d0 Drivers/STM32F1xx_HAL_Driver/Src/stm32f1xx_hal_uart.o
 .debug_aranges
                0x0000000000000b88      0x100 Drivers/STM32F1xx_HAL_Driver/Src/stm32f1xx_ll_usb.o
 .debug_aranges
                0x0000000000000c88       0x90 Middlewares/ST/STM32_USB_Device_Library/Class/CDC/Src/usbd_cdc.o
 .debug_aranges
                0x0000000000000d18       0xb8 Middlewares/ST/STM32_USB_Device_Library/Core/Src/usbd_core.o
 .debug_aranges
                0x0000000000000dd0       0x88 Middlewares/ST/STM32_USB_Device_Library/Core/Src/usbd_ctlreq.o
 .debug_aranges
                0x0000000000000e58       0x50 Middlewares/ST/STM32_USB_Device_Library/Core/Src/usbd_ioreq.o
 .debug_aranges
                0x0000000000000ea8       0x30 Src/adc.o
 .debug_aranges
                0x0000000000000ed8       0x50 Src/communication.o
 .debug_aranges
                0x0000000000000f28       0x20 Src/dma.o
 .debug_aranges
                0x0000000000000f48       0x20 Src/gpio.o
 .debug_aranges
                0x0000000000000f68       0x30 Src/main.o
 .debug_aranges
                0x0000000000000f98       0xb8 Src/motor.o
 .debug_aranges
                0x0000000000001050       0x40 Src/pid.o
 .debug_aranges
                0x0000000000001090       0x20 Src/stm32f1xx_hal_msp.o
 .debug_aranges
                0x00000000000010b0       0xa0 Src/stm32f1xx_it.o
 .debug_aranges
                0x0000000000001150       0x28 Src/system_stm32f1xx.o
 .debug_aranges
                0x0000000000001178       0x58 Src/tim.o
 .debug_aranges
                0x00000000000011d0       0x30 Src/usart.o
 .debug_aranges
                0x0000000000001200       0x20 Src/usb_device.o
 .debug_aranges
                0x0000000000001220       0x40 Src/usbd_cdc_if.o
 .debug_aranges
                0x0000000000001260      0x110 Src/usbd_conf.o
 .debug_aranges
                0x0000000000001370       0x50 Src/usbd_desc.o
 .debug_aranges
                0x00000000000013c0       0x28 startup/startup_stm32f103xb.o

.debug_ranges   0x0000000000000000     0x1388
 .debug_ranges  0x0000000000000000       0xa8 Drivers/STM32F1xx_HAL_Driver/Src/stm32f1xx_hal.o
 .debug_ranges  0x00000000000000a8       0xe0 Drivers/STM32F1xx_HAL_Driver/Src/stm32f1xx_hal_adc.o
 .debug_ranges  0x0000000000000188       0xe0 Drivers/STM32F1xx_HAL_Driver/Src/stm32f1xx_hal_cortex.o
 .debug_ranges  0x0000000000000268       0x70 Drivers/STM32F1xx_HAL_Driver/Src/stm32f1xx_hal_dma.o
 .debug_ranges  0x00000000000002d8       0x48 Drivers/STM32F1xx_HAL_Driver/Src/stm32f1xx_hal_gpio.o
 .debug_ranges  0x0000000000000320      0x140 Drivers/STM32F1xx_HAL_Driver/Src/stm32f1xx_hal_pcd.o
 .debug_ranges  0x0000000000000460       0x18 Drivers/STM32F1xx_HAL_Driver/Src/stm32f1xx_hal_pcd_ex.o
 .debug_ranges  0x0000000000000478       0xa0 Drivers/STM32F1xx_HAL_Driver/Src/stm32f1xx_hal_rcc.o
 .debug_ranges  0x0000000000000518       0x38 Drivers/STM32F1xx_HAL_Driver/Src/stm32f1xx_hal_rcc_ex.o
 .debug_ranges  0x0000000000000550      0x358 Drivers/STM32F1xx_HAL_Driver/Src/stm32f1xx_hal_tim.o
 .debug_ranges  0x00000000000008a8      0x128 Drivers/STM32F1xx_HAL_Driver/Src/stm32f1xx_hal_tim_ex.o
 .debug_ranges  0x00000000000009d0      0x1c0 Drivers/STM32F1xx_HAL_Driver/Src/stm32f1xx_hal_uart.o
 .debug_ranges  0x0000000000000b90      0x1e0 Drivers/STM32F1xx_HAL_Driver/Src/stm32f1xx_ll_usb.o
 .debug_ranges  0x0000000000000d70       0x80 Middlewares/ST/STM32_USB_Device_Library/Class/CDC/Src/usbd_cdc.o
 .debug_ranges  0x0000000000000df0       0xa8 Middlewares/ST/STM32_USB_Device_Library/Core/Src/usbd_core.o
 .debug_ranges  0x0000000000000e98       0x78 Middlewares/ST/STM32_USB_Device_Library/Core/Src/usbd_ctlreq.o
 .debug_ranges  0x0000000000000f10       0x40 Middlewares/ST/STM32_USB_Device_Library/Core/Src/usbd_ioreq.o
 .debug_ranges  0x0000000000000f50       0x20 Src/adc.o
 .debug_ranges  0x0000000000000f70       0x40 Src/communication.o
 .debug_ranges  0x0000000000000fb0       0x10 Src/dma.o
 .debug_ranges  0x0000000000000fc0       0x10 Src/gpio.o
 .debug_ranges  0x0000000000000fd0       0x20 Src/main.o
 .debug_ranges  0x0000000000000ff0       0xa8 Src/motor.o
 .debug_ranges  0x0000000000001098       0x30 Src/pid.o
 .debug_ranges  0x00000000000010c8       0x10 Src/stm32f1xx_hal_msp.o
 .debug_ranges  0x00000000000010d8       0x90 Src/stm32f1xx_it.o
 .debug_ranges  0x0000000000001168       0x18 Src/system_stm32f1xx.o
 .debug_ranges  0x0000000000001180       0x48 Src/tim.o
 .debug_ranges  0x00000000000011c8       0x20 Src/usart.o
 .debug_ranges  0x00000000000011e8       0x10 Src/usb_device.o
 .debug_ranges  0x00000000000011f8       0x30 Src/usbd_cdc_if.o
 .debug_ranges  0x0000000000001228      0x100 Src/usbd_conf.o
 .debug_ranges  0x0000000000001328       0x40 Src/usbd_desc.o
 .debug_ranges  0x0000000000001368       0x20 startup/startup_stm32f103xb.o

.debug_macro    0x0000000000000000    0x1aba7
 .debug_macro   0x0000000000000000      0x342 Drivers/STM32F1xx_HAL_Driver/Src/stm32f1xx_hal.o
 .debug_macro   0x0000000000000342      0x8bc Drivers/STM32F1xx_HAL_Driver/Src/stm32f1xx_hal.o
 .debug_macro   0x0000000000000bfe       0x70 Drivers/STM32F1xx_HAL_Driver/Src/stm32f1xx_hal.o
 .debug_macro   0x0000000000000c6e      0x17b Drivers/STM32F1xx_HAL_Driver/Src/stm32f1xx_hal.o
 .debug_macro   0x0000000000000de9       0x2e Drivers/STM32F1xx_HAL_Driver/Src/stm32f1xx_hal.o
 .debug_macro   0x0000000000000e17       0x22 Drivers/STM32F1xx_HAL_Driver/Src/stm32f1xx_hal.o
 .debug_macro   0x0000000000000e39       0x22 Drivers/STM32F1xx_HAL_Driver/Src/stm32f1xx_hal.o
 .debug_macro   0x0000000000000e5b       0x87 Drivers/STM32F1xx_HAL_Driver/Src/stm32f1xx_hal.o
 .debug_macro   0x0000000000000ee2       0x51 Drivers/STM32F1xx_HAL_Driver/Src/stm32f1xx_hal.o
 .debug_macro   0x0000000000000f33       0xef Drivers/STM32F1xx_HAL_Driver/Src/stm32f1xx_hal.o
 .debug_macro   0x0000000000001022       0x6a Drivers/STM32F1xx_HAL_Driver/Src/stm32f1xx_hal.o
 .debug_macro   0x000000000000108c      0x1df Drivers/STM32F1xx_HAL_Driver/Src/stm32f1xx_hal.o
 .debug_macro   0x000000000000126b       0x34 Drivers/STM32F1xx_HAL_Driver/Src/stm32f1xx_hal.o
 .debug_macro   0x000000000000129f       0x34 Drivers/STM32F1xx_HAL_Driver/Src/stm32f1xx_hal.o
 .debug_macro   0x00000000000012d3      0xb8e Drivers/STM32F1xx_HAL_Driver/Src/stm32f1xx_hal.o
 .debug_macro   0x0000000000001e61     0xe90a Drivers/STM32F1xx_HAL_Driver/Src/stm32f1xx_hal.o
 .debug_macro   0x000000000001076b       0x43 Drivers/STM32F1xx_HAL_Driver/Src/stm32f1xx_hal.o
 .debug_macro   0x00000000000107ae       0x58 Drivers/STM32F1xx_HAL_Driver/Src/stm32f1xx_hal.o
 .debug_macro   0x0000000000010806       0x35 Drivers/STM32F1xx_HAL_Driver/Src/stm32f1xx_hal.o
 .debug_macro   0x000000000001083b       0x9c Drivers/STM32F1xx_HAL_Driver/Src/stm32f1xx_hal.o
 .debug_macro   0x00000000000108d7       0x16 Drivers/STM32F1xx_HAL_Driver/Src/stm32f1xx_hal.o
 .debug_macro   0x00000000000108ed       0x97 Drivers/STM32F1xx_HAL_Driver/Src/stm32f1xx_hal.o
 .debug_macro   0x0000000000010984      0x330 Drivers/STM32F1xx_HAL_Driver/Src/stm32f1xx_hal.o
 .debug_macro   0x0000000000010cb4       0xfd Drivers/STM32F1xx_HAL_Driver/Src/stm32f1xx_hal.o
 .debug_macro   0x0000000000010db1       0x10 Drivers/STM32F1xx_HAL_Driver/Src/stm32f1xx_hal.o
 .debug_macro   0x0000000000010dc1       0x58 Drivers/STM32F1xx_HAL_Driver/Src/stm32f1xx_hal.o
 .debug_macro   0x0000000000010e19       0x1f Drivers/STM32F1xx_HAL_Driver/Src/stm32f1xx_hal.o
 .debug_macro   0x0000000000010e38       0x43 Drivers/STM32F1xx_HAL_Driver/Src/stm32f1xx_hal.o
 .debug_macro   0x0000000000010e7b       0x20 Drivers/STM32F1xx_HAL_Driver/Src/stm32f1xx_hal.o
 .debug_macro   0x0000000000010e9b      0x187 Drivers/STM32F1xx_HAL_Driver/Src/stm32f1xx_hal.o
 .debug_macro   0x0000000000011022       0x10 Drivers/STM32F1xx_HAL_Driver/Src/stm32f1xx_hal.o
 .debug_macro   0x0000000000011032       0x1c Drivers/STM32F1xx_HAL_Driver/Src/stm32f1xx_hal.o
 .debug_macro   0x000000000001104e       0x52 Drivers/STM32F1xx_HAL_Driver/Src/stm32f1xx_hal.o
 .debug_macro   0x00000000000110a0       0x40 Drivers/STM32F1xx_HAL_Driver/Src/stm32f1xx_hal.o
 .debug_macro   0x00000000000110e0       0x10 Drivers/STM32F1xx_HAL_Driver/Src/stm32f1xx_hal.o
 .debug_macro   0x00000000000110f0       0x40 Drivers/STM32F1xx_HAL_Driver/Src/stm32f1xx_hal.o
 .debug_macro   0x0000000000011130       0xd7 Drivers/STM32F1xx_HAL_Driver/Src/stm32f1xx_hal.o
 .debug_macro   0x0000000000011207       0x16 Drivers/STM32F1xx_HAL_Driver/Src/stm32f1xx_hal.o
 .debug_macro   0x000000000001121d      0x18b Drivers/STM32F1xx_HAL_Driver/Src/stm32f1xx_hal.o
 .debug_macro   0x00000000000113a8       0x50 Drivers/STM32F1xx_HAL_Driver/Src/stm32f1xx_hal.o
 .debug_macro   0x00000000000113f8      0x5c2 Drivers/STM32F1xx_HAL_Driver/Src/stm32f1xx_hal.o
 .debug_macro   0x00000000000119ba      0x28b Drivers/STM32F1xx_HAL_Driver/Src/stm32f1xx_hal.o
 .debug_macro   0x0000000000011c45      0x1cb Drivers/STM32F1xx_HAL_Driver/Src/stm32f1xx_hal.o
 .debug_macro   0x0000000000011e10      0x11e Drivers/STM32F1xx_HAL_Driver/Src/stm32f1xx_hal.o
 .debug_macro   0x0000000000011f2e      0x197 Drivers/STM32F1xx_HAL_Driver/Src/stm32f1xx_hal.o
 .debug_macro   0x00000000000120c5       0x27 Drivers/STM32F1xx_HAL_Driver/Src/stm32f1xx_hal.o
 .debug_macro   0x00000000000120ec      0x1bc Drivers/STM32F1xx_HAL_Driver/Src/stm32f1xx_hal.o
 .debug_macro   0x00000000000122a8       0x34 Drivers/STM32F1xx_HAL_Driver/Src/stm32f1xx_hal.o
 .debug_macro   0x00000000000122dc       0x3c Drivers/STM32F1xx_HAL_Driver/Src/stm32f1xx_hal.o
 .debug_macro   0x0000000000012318       0x57 Drivers/STM32F1xx_HAL_Driver/Src/stm32f1xx_hal.o
 .debug_macro   0x000000000001236f      0x46a Drivers/STM32F1xx_HAL_Driver/Src/stm32f1xx_hal.o
 .debug_macro   0x00000000000127d9      0x1b5 Drivers/STM32F1xx_HAL_Driver/Src/stm32f1xx_hal.o
 .debug_macro   0x000000000001298e       0x8c Drivers/STM32F1xx_HAL_Driver/Src/stm32f1xx_hal.o
 .debug_macro   0x0000000000012a1a      0x242 Drivers/STM32F1xx_HAL_Driver/Src/stm32f1xx_hal.o
 .debug_macro   0x0000000000012c5c      0x143 Drivers/STM32F1xx_HAL_Driver/Src/stm32f1xx_hal.o
 .debug_macro   0x0000000000012d9f      0x84c Drivers/STM32F1xx_HAL_Driver/Src/stm32f1xx_hal.o
 .debug_macro   0x00000000000135eb       0x1f Drivers/STM32F1xx_HAL_Driver/Src/stm32f1xx_hal.o
 .debug_macro   0x000000000001360a      0x26b Drivers/STM32F1xx_HAL_Driver/Src/stm32f1xx_hal.o
 .debug_macro   0x0000000000013875       0x50 Drivers/STM32F1xx_HAL_Driver/Src/stm32f1xx_hal.o
 .debug_macro   0x00000000000138c5      0x26c Drivers/STM32F1xx_HAL_Driver/Src/stm32f1xx_hal.o
 .debug_macro   0x0000000000013b31       0x7c Drivers/STM32F1xx_HAL_Driver/Src/stm32f1xx_hal.o
 .debug_macro   0x0000000000013bad      0x33b Drivers/STM32F1xx_HAL_Driver/Src/stm32f1xx_hal_adc.o
 .debug_macro   0x0000000000013ee8      0x31e Drivers/STM32F1xx_HAL_Driver/Src/stm32f1xx_hal_cortex.o
 .debug_macro   0x0000000000014206      0x31e Drivers/STM32F1xx_HAL_Driver/Src/stm32f1xx_hal_dma.o
 .debug_macro   0x0000000000014524      0x38e Drivers/STM32F1xx_HAL_Driver/Src/stm32f1xx_hal_gpio.o
 .debug_macro   0x00000000000148b2      0x32a Drivers/STM32F1xx_HAL_Driver/Src/stm32f1xx_hal_pcd.o
 .debug_macro   0x0000000000014bdc      0x31e Drivers/STM32F1xx_HAL_Driver/Src/stm32f1xx_hal_pcd_ex.o
 .debug_macro   0x0000000000014efa      0x330 Drivers/STM32F1xx_HAL_Driver/Src/stm32f1xx_hal_rcc.o
 .debug_macro   0x000000000001522a      0x31e Drivers/STM32F1xx_HAL_Driver/Src/stm32f1xx_hal_rcc_ex.o
 .debug_macro   0x0000000000015548      0x31f Drivers/STM32F1xx_HAL_Driver/Src/stm32f1xx_hal_tim.o
 .debug_macro   0x0000000000015867      0x31e Drivers/STM32F1xx_HAL_Driver/Src/stm32f1xx_hal_tim_ex.o
 .debug_macro   0x0000000000015b85      0x31f Drivers/STM32F1xx_HAL_Driver/Src/stm32f1xx_hal_uart.o
 .debug_macro   0x0000000000015ea4      0x31e Drivers/STM32F1xx_HAL_Driver/Src/stm32f1xx_ll_usb.o
 .debug_macro   0x00000000000161c2      0x3d4 Middlewares/ST/STM32_USB_Device_Library/Class/CDC/Src/usbd_cdc.o
 .debug_macro   0x0000000000016596       0x52 Middlewares/ST/STM32_USB_Device_Library/Class/CDC/Src/usbd_cdc.o
 .debug_macro   0x00000000000165e8       0x8d Middlewares/ST/STM32_USB_Device_Library/Class/CDC/Src/usbd_cdc.o
 .debug_macro   0x0000000000016675       0x57 Middlewares/ST/STM32_USB_Device_Library/Class/CDC/Src/usbd_cdc.o
 .debug_macro   0x00000000000166cc       0x16 Middlewares/ST/STM32_USB_Device_Library/Class/CDC/Src/usbd_cdc.o
 .debug_macro   0x00000000000166e2       0x35 Middlewares/ST/STM32_USB_Device_Library/Class/CDC/Src/usbd_cdc.o
 .debug_macro   0x0000000000016717       0x16 Middlewares/ST/STM32_USB_Device_Library/Class/CDC/Src/usbd_cdc.o
 .debug_macro   0x000000000001672d       0x29 Middlewares/ST/STM32_USB_Device_Library/Class/CDC/Src/usbd_cdc.o
 .debug_macro   0x0000000000016756       0x16 Middlewares/ST/STM32_USB_Device_Library/Class/CDC/Src/usbd_cdc.o